ca28f2fae [Hitachi] Add volume group replication
2026/10/09 23:29:24
all develop-inst-nodeps: /opt/stack/tempest
all installed: attrs==26.1.0,autopage==0.6.0,bcrypt==5.0.0,certifi==2026.7.22,cffi==2.1.1,charset-normalizer==3.5.2,cinder-tempest-plugin @ git+https://opendev.org/openstack/cinder-tempest-plugin.git@d4894b4df9916d5f7b1968a4e3093f40af4eed44,cliff==4.16.0,cmd2==4.2.4,cryptography==50.0.2,debtcollector==3.1.0,defusedxml==0.7.1,fasteners==0.20,fixtures==4.3.2,idna==3.20,invoke==3.0.3,iso8601==2.1.0,jsonschema==4.26.0,jsonschema-specifications==2025.9.1,markdown-it-py==4.2.0,mdurl==0.1.2,msgpack==1.2.3,netaddr==1.3.0,oslo.concurrency==7.6.1,oslo.config==10.7.0,oslo.context==6.5.0,oslo.i18n==6.9.0,oslo.log==8.3.2,oslo.serialization==5.11.0,oslo.utils==10.2.0,packaging==26.3,paramiko==5.0.0,pbr==7.1.3,prettytable==3.18.0,prompt_toolkit==3.0.53,psutil==7.2.2,pycparser==3.0,Pygments==2.21.0,PyNaCl==1.6.2,pyparsing==3.3.2,pyperclip==1.11.0,python-dateutil==2.9.0.post0,python-subunit==1.4.6,PyYAML==6.0.3,referencing==0.37.0,requests==2.34.2,rfc3986==2.0.0,rich==15.0.0,rich-argparse==1.8.0,rpds-py==2026.6.3,setuptools==84.0.0,six==1.17.0,stestr==4.2.1,stevedore==5.9.1,-e git+https://opendev.org/openstack/tempest.git@bd1035f4ce6ece577fa0d60496af57a83cce344b#egg=tempest,testscenarios==0.7.0,testtools==2.9.1,tomlkit==0.15.1,typing_extensions==4.16.0,urllib3==2.8.0,voluptuous==0.16.0,wcwidth==0.9.1,wrapt==2.5.0
all run-test-pre: PYTHONHASHSEED='2466225773'
all run-test: commands[0] | find . -type f -name '*.pyc' -delete
all run-test: commands[1] | tempest run --regex '^(?=.*volume|.*cinder_tempest_plugin).*' --concurrency=4 --exclude-list /opt/stack/tempest/exclude_testcases_fc.txt
{1} setUpClass (tempest.api.compute.admin.test_live_migration.LiveMigrationTest) ... SKIPPED: LiveMigrationTest skipped as live-migration is not available
{1} setUpClass (tempest.api.compute.admin.test_live_migration.LiveMigrationWithoutHostTest) ... SKIPPED: LiveMigrationWithoutHostTest skipped as live-migration is not available
{0} tempest.api.compute.admin.test_volumes_negative.VolumesAdminNegativeTest.test_update_attached_volume_with_nonexistent_volume_in_body ... SKIPPED: Skipped until bug: https://launchpad.net/bugs/2112187 is resolved.
{0} tempest.api.compute.admin.test_volumes_negative.VolumesAdminNegativeTest.test_update_attached_volume_with_nonexistent_volume_in_uri [29.125973s] ... ok
{1} tempest.api.compute.servers.test_delete_server.DeleteServersTestJSON.test_delete_server_while_in_attached_volume [37.644938s] ... ok
{2} tempest.api.compute.admin.test_volume.AttachSCSIVolumeTestJSON.test_attach_scsi_disk_with_config_drive [49.823507s] ... ok
{3} tempest.api.compute.admin.test_assisted_volume_snapshots.VolumesAssistedSnapshotsTest.test_volume_assisted_snapshot_create_delete [76.225420s] ... ok
{3} setUpClass (tempest.api.compute.admin.test_live_migration.LiveAutoBlockMigrationV225Test) ... SKIPPED: LiveAutoBlockMigrationV225Test skipped as live-migration is not available
{3} tempest.api.compute.admin.test_volume_swap.TestVolumeSwap.test_volume_swap ... SKIPPED: Skipped until bug: https://launchpad.net/bugs/2112187 is resolved.
{3} tempest.api.compute.admin.test_volumes_negative.UpdateMultiattachVolumeNegativeTest.test_multiattach_rw_volume_update_failure ... SKIPPED: Skipped until bug: https://launchpad.net/bugs/2112187 is resolved.
{0} tempest.api.compute.servers.test_server_rescue.ServerBootFromVolumeStableRescueTest.test_stable_device_rescue_bfv_blank_volume [41.118518s] ... ok
{1} tempest.api.compute.servers.test_server_actions.ServerActionsTestOtherB.test_resize_server_revert_with_volume_attached [48.664239s] ... ok
{2} tempest.api.compute.servers.test_device_tagging.TaggedAttachmentsTest.test_tagged_attachment [64.983177s] ... ok
{0} tempest.api.compute.servers.test_server_rescue.ServerBootFromVolumeStableRescueTest.test_stable_device_rescue_bfv_image_volume [57.992006s] ... ok
{1} tempest.api.compute.servers.test_servers_negative.ServersNegativeTestJSON.test_create_server_from_non_bootable_volume [28.257790s] ... ok
{1} tempest.api.compute.servers.test_servers_negative.ServersNegativeTestJSON.test_create_server_invalid_bdm_in_2nd_dict [27.139373s] ... ok
{3} tempest.api.compute.servers.test_device_tagging.TaggedBootDevicesTest.test_tagged_boot_devices [128.257823s] ... ok
{0} tempest.api.compute.volumes.test_volume_snapshots.VolumesSnapshotsTestJSON.test_volume_snapshot_create_get_list_delete [62.819786s] ... ok
{0} tempest.api.volume.admin.test_backends_capabilities.BackendsCapabilitiesAdminTestsJSON.test_compare_volume_stats_values [0.048112s] ... ok
{0} tempest.api.volume.admin.test_backends_capabilities.BackendsCapabilitiesAdminTestsJSON.test_get_capabilities_backend [0.023987s] ... ok
{0} tempest.api.volume.admin.test_groups.GroupsV320Test.test_reset_group_status [2.724865s] ... ok
{0} tempest.api.volume.admin.test_volume_hosts.VolumeHostsAdminTestsJSON.test_list_hosts [0.123887s] ... ok
{0} tempest.api.volume.admin.test_volume_hosts.VolumeHostsAdminTestsJSON.test_show_host [0.055513s] ... ok
{0} tempest.api.volume.admin.test_volume_services_negative.VolumeServicesNegativeTest.test_disable_log_reason_with_no_reason [0.010412s] ... ok
{0} tempest.api.volume.admin.test_volume_services_negative.VolumeServicesNegativeTest.test_disable_service_with_invalid_binary [0.017543s] ... ok
{0} tempest.api.volume.admin.test_volume_services_negative.VolumeServicesNegativeTest.test_enable_service_with_invalid_host [0.015048s] ... ok
{0} tempest.api.volume.admin.test_volume_services_negative.VolumeServicesNegativeTest.test_freeze_host_with_invalid_host [0.013361s] ... ok
{0} tempest.api.volume.admin.test_volume_services_negative.VolumeServicesNegativeTest.test_thaw_host_with_invalid_host [0.017190s] ... ok
{0} tempest.api.volume.admin.test_volume_types_extra_specs_negative.ExtraSpecsNegativeTest.test_create_invalid_body [0.007368s] ... ok
{0} tempest.api.volume.admin.test_volume_types_extra_specs_negative.ExtraSpecsNegativeTest.test_create_none_body [0.008409s] ... ok
{0} tempest.api.volume.admin.test_volume_types_extra_specs_negative.ExtraSpecsNegativeTest.test_create_nonexistent_type_id [0.018222s] ... ok
{0} tempest.api.volume.admin.test_volume_types_extra_specs_negative.ExtraSpecsNegativeTest.test_delete_nonexistent_volume_type_id [0.013456s] ... ok
{0} tempest.api.volume.admin.test_volume_types_extra_specs_negative.ExtraSpecsNegativeTest.test_get_nonexistent_extra_spec_name [0.033727s] ... ok
{0} tempest.api.volume.admin.test_volume_types_extra_specs_negative.ExtraSpecsNegativeTest.test_get_nonexistent_volume_type_id [0.012830s] ... ok
{0} tempest.api.volume.admin.test_volume_types_extra_specs_negative.ExtraSpecsNegativeTest.test_list_nonexistent_volume_type_id [0.011706s] ... ok
{0} tempest.api.volume.admin.test_volume_types_extra_specs_negative.ExtraSpecsNegativeTest.test_update_multiple_extra_spec [0.008185s] ... ok
{0} tempest.api.volume.admin.test_volume_types_extra_specs_negative.ExtraSpecsNegativeTest.test_update_no_body [0.007980s] ... ok
{0} tempest.api.volume.admin.test_volume_types_extra_specs_negative.ExtraSpecsNegativeTest.test_update_none_extra_spec_id [0.018881s] ... ok
{0} tempest.api.volume.admin.test_volume_types_extra_specs_negative.ExtraSpecsNegativeTest.test_update_nonexistent_extra_spec_id [0.017550s] ... ok
{0} tempest.api.volume.admin.test_volume_types_extra_specs_negative.ExtraSpecsNegativeTest.test_update_nonexistent_type_id [0.017585s] ... ok
{2} tempest.api.compute.servers.test_device_tagging.TaggedBootDevicesTest_v242.test_tagged_boot_devices [143.624376s] ... ok
{1} tempest.api.compute.volumes.test_attach_volume.AttachVolumeShelveTestJSON.test_attach_volume_shelved_or_offload_server [105.441697s] ... ok
{2} tempest.api.compute.volumes.test_attach_volume.AttachVolumeMultiAttachTest.test_boot_with_multiattach_volume_direct_lun ... SKIPPED: hw_scsi_model=virtio-scsi not set on image
{0} tempest.api.volume.admin.test_volumes_list.VolumesListAdminTestJSON.test_volume_list_param_tenant [21.868299s] ... ok
{0} tempest.api.volume.test_extensions.ExtensionsTestJSON.test_list_extensions [0.084595s] ... ok
{3} tempest.api.compute.servers.test_server_actions.ServerActionsTestOtherA.test_rebuild_server_with_volume_attached [74.852547s] ... ok
{1} tempest.api.compute.volumes.test_attach_volume.AttachVolumeShelveTestJSON.test_detach_volume_shelved_or_offload_server [93.763906s] ... ok
{0} tempest.api.volume.test_snapshot_metadata.SnapshotMetadataTestJSON.test_crud_snapshot_metadata [0.195134s] ... ok
{0} tempest.api.volume.test_snapshot_metadata.SnapshotMetadataTestJSON.test_update_show_snapshot_metadata_item [0.152270s] ... ok
{2} tempest.api.compute.volumes.test_attach_volume.AttachVolumeTestJSON.test_attach_detach_volume [123.559453s] ... ok
{0} tempest.api.volume.test_volume_absolute_limits.AbsoluteLimitsTests.test_get_volume_absolute_limits [0.052706s] ... ok
{3} tempest.api.compute.servers.test_server_actions.ServerActionsTestOtherA.test_resize_volume_backed_server_confirm [80.571372s] ... ok
{1} tempest.api.compute.volumes.test_volumes_list.VolumesTestJSON.test_volume_list [0.103739s] ... ok
{1} tempest.api.compute.volumes.test_volumes_list.VolumesTestJSON.test_volume_list_param_limit [0.038427s] ... ok
{1} tempest.api.compute.volumes.test_volumes_list.VolumesTestJSON.test_volume_list_param_offset_and_limit [0.080834s] ... ok
{1} tempest.api.compute.volumes.test_volumes_list.VolumesTestJSON.test_volume_list_with_detail_param_limit [0.031342s] ... ok
{1} tempest.api.compute.volumes.test_volumes_list.VolumesTestJSON.test_volume_list_with_detail_param_offset_and_limit [0.056557s] ... ok
{1} tempest.api.compute.volumes.test_volumes_list.VolumesTestJSON.test_volume_list_with_details [0.033754s] ... ok
{1} tempest.api.compute.volumes.test_volumes_negative.VolumesNegativeTest.test_create_volume_with_invalid_size [0.111748s] ... ok
{1} tempest.api.compute.volumes.test_volumes_negative.VolumesNegativeTest.test_create_volume_with_size_zero [0.009752s] ... ok
{1} tempest.api.compute.volumes.test_volumes_negative.VolumesNegativeTest.test_create_volume_without_passing_size [0.009931s] ... ok
{1} tempest.api.compute.volumes.test_volumes_negative.VolumesNegativeTest.test_delete_invalid_volume_id [0.023999s] ... ok
{1} tempest.api.compute.volumes.test_volumes_negative.VolumesNegativeTest.test_delete_volume_without_passing_volume_id [0.005538s] ... ok
{1} tempest.api.compute.volumes.test_volumes_negative.VolumesNegativeTest.test_get_volume_without_passing_volume_id [0.038342s] ... ok
{1} tempest.api.compute.volumes.test_volumes_negative.VolumesNegativeTest.test_volume_delete_nonexistent_volume_id [0.026035s] ... ok
{1} tempest.api.compute.volumes.test_volumes_negative.VolumesNegativeTest.test_volume_get_nonexistent_volume_id [0.022147s] ... ok
{1} setUpClass (tempest.api.volume.admin.test_encrypted_volumes_extend.EncryptedVolumesExtendAttachedTest) ... SKIPPED: Attached encrypted volume extend is disabled.
{1} tempest.api.volume.admin.test_group_types.GroupTypesTest.test_group_type_create_list_update_show_delete [0.190338s] ... ok
{1} tempest.api.volume.admin.test_group_types.GroupTypesTest.test_group_type_list_by_optional_params [0.119357s] ... ok
{2} tempest.api.compute.volumes.test_attach_volume.AttachVolumeTestJSON.test_list_get_volume_attachments [106.367424s] ... ok
{1} tempest.api.volume.admin.test_groups.GroupsTest.test_group_create_show_list_delete [34.910518s] ... ok
{0} tempest.api.volume.test_volume_delete_cascade.VolumesDeleteCascade.test_volume_delete_cascade [116.348556s] ... ok
{1} tempest.api.volume.admin.test_groups.GroupsTest.test_group_update [30.687703s] ... ok
{1} setUpClass (tempest.api.volume.admin.test_multi_backend.VolumeMultiBackendTest) ... SKIPPED: Cinder multi-backend feature disabled
{1} tempest.api.volume.admin.test_qos.QosSpecsTestJSON.test_associate_disassociate_qos [0.316515s] ... ok
{1} tempest.api.volume.admin.test_qos.QosSpecsTestJSON.test_create_delete_qos_with_back_end_consumer [0.082085s] ... ok
{1} tempest.api.volume.admin.test_qos.QosSpecsTestJSON.test_create_delete_qos_with_both_consumer [0.085217s] ... ok
{1} tempest.api.volume.admin.test_qos.QosSpecsTestJSON.test_create_delete_qos_with_front_end_consumer [0.070799s] ... ok
{1} tempest.api.volume.admin.test_qos.QosSpecsTestJSON.test_get_qos [0.007607s] ... ok
{1} tempest.api.volume.admin.test_qos.QosSpecsTestJSON.test_list_qos [0.011525s] ... ok
{1} tempest.api.volume.admin.test_qos.QosSpecsTestJSON.test_set_unset_qos_key [0.069664s] ... ok
{3} tempest.api.compute.servers.test_server_actions.ServerActionsV293TestJSON.test_rebuild_volume_backed_server [82.044113s] ... ok
{1} tempest.api.volume.admin.test_snapshots_actions.SnapshotsActionsTest.test_reset_snapshot_status [0.157622s] ... ok
{1} tempest.api.volume.admin.test_snapshots_actions.SnapshotsActionsTest.test_snapshot_force_delete_when_snapshot_is_creating [53.002709s] ... ok
{0} tempest.api.volume.test_volume_delete_cascade.VolumesDeleteCascade.test_volume_from_snapshot_cascade_delete [134.797064s] ... ok
{1} tempest.api.volume.admin.test_snapshots_actions.SnapshotsActionsTest.test_snapshot_force_delete_when_snapshot_is_deleting [18.488992s] ... ok
{3} tempest.api.compute.servers.test_server_rescue.ServerStableDeviceRescueTest.test_stable_device_rescue_disk_virtio_with_volume_attached [86.106132s] ... ok
{2} tempest.api.compute.volumes.test_attach_volume_negative.AttachVolumeNegativeTest.test_attach_attached_volume_to_different_server [104.246076s] ... ok
{1} tempest.api.volume.admin.test_snapshots_actions.SnapshotsActionsTest.test_snapshot_force_delete_when_snapshot_is_error [23.563332s] ... ok
{0} tempest.api.volume.test_volume_transfers.VolumesTransfersV355Test.test_create_get_list_accept_volume_transfer [47.988901s] ... ok
{1} tempest.api.volume.admin.test_snapshots_actions.SnapshotsActionsTest.test_snapshot_force_delete_when_snapshot_is_error_deleting [38.829324s] ... ok
{1} tempest.api.volume.admin.test_snapshots_actions.SnapshotsActionsTest.test_update_snapshot_status [0.153800s] ... ok
{3} tempest.api.compute.servers.test_server_rescue_negative.ServerRescueNegativeTestJSON.test_rescued_vm_attach_volume [25.479922s] ... ok
{2} tempest.api.compute.volumes.test_attach_volume_negative.AttachVolumeNegativeTest.test_attach_attached_volume_to_same_server [62.647652s] ... ok
{0} tempest.api.volume.test_volume_transfers.VolumesTransfersV355Test.test_create_list_delete_volume_transfer [31.137781s] ... ok
{0} setUpClass (tempest.api.volume.test_volumes_backup.VolumesBackupsTest) ... SKIPPED: Cinder backup feature disabled
{2} tempest.api.compute.volumes.test_attach_volume_negative.AttachVolumeNegativeTest.test_delete_attached_volume [66.791667s] ... ok
{3} tempest.api.compute.servers.test_server_rescue_negative.ServerRescueNegativeTestJSON.test_rescued_vm_detach_volume [88.339131s] ... ok
{0} tempest.api.volume.test_volumes_clone.VolumesCloneTest.test_create_from_bootable_volume [71.578795s] ... ok
{0} tempest.api.volume.test_volumes_get.VolumesSummaryTest.test_show_volume_summary [0.080391s] ... ok
{1} tempest.api.volume.admin.test_volume_manage.VolumeManageAdminTest.test_unmanage_manage_volume [98.091055s] ... ok
{1} tempest.api.volume.admin.test_volume_quotas.VolumeQuotasAdminTestJSON.test_delete_quota [0.189951s] ... ok
{1} tempest.api.volume.admin.test_volume_quotas.VolumeQuotasAdminTestJSON.test_list_default_quotas [0.015252s] ... ok
{1} tempest.api.volume.admin.test_volume_quotas.VolumeQuotasAdminTestJSON.test_list_quotas [0.024565s] ... ok
{0} tempest.api.volume.test_volumes_snapshots.VolumesSnapshotTestJSON.test_snapshot_backup ... SKIPPED: Cinder backup is disabled
{2} setUpClass (tempest.api.volume.admin.test_snapshot_manage.SnapshotManageAdminTest) ... SKIPPED: Manage snapshot tests are disabled
{2} tempest.api.volume.admin.test_user_messages.UserMessagesTest.test_delete_message [1.576060s] ... ok
{2} tempest.api.volume.admin.test_user_messages.UserMessagesTest.test_list_show_messages [1.368652s] ... ok
{0} tempest.api.volume.test_volumes_snapshots.VolumesSnapshotTestJSON.test_snapshot_create_get_list_update_delete [45.997854s] ... ok
{2} tempest.api.volume.admin.test_volume_quotas_negative.VolumeQuotasNegativeTestJSON.test_quota_volume_gigabytes [0.195491s] ... ok
{2} tempest.api.volume.admin.test_volume_quotas_negative.VolumeQuotasNegativeTestJSON.test_quota_volumes [0.125535s] ... ok
{2} tempest.api.volume.admin.test_volume_quotas_negative.VolumeQuotasNegativeTestJSON.test_volume_extend_gigabytes_quota_deviation [0.097716s] ... ok
{3} tempest.api.compute.volumes.test_volumes_get.VolumesGetTestJSON.test_volume_create_get_delete [33.762100s] ... ok
{1} tempest.api.volume.admin.test_volume_quotas.VolumeQuotasAdminTestJSON.test_quota_usage [61.953497s] ... ok
{3} tempest.api.volume.admin.test_group_type_specs.GroupTypeSpecsTest.test_group_type_specs_create_show_update_list_delete [0.359106s] ... ok
{3} tempest.api.volume.admin.test_volume_pools.VolumePoolsAdminTestsJSON.test_get_pools_with_details [0.112866s] ... ok
{3} tempest.api.volume.admin.test_volume_pools.VolumePoolsAdminTestsJSON.test_get_pools_without_details [0.018582s] ... ok
{2} tempest.api.volume.admin.test_volume_retype.VolumeRetypeWithoutMigrationTest.test_available_volume_retype [12.897203s] ... ok
{1} tempest.api.volume.admin.test_volume_quotas.VolumeQuotasAdminTestJSON.test_quota_usage_after_volume_transfer [61.302383s] ... ok
{1} tempest.api.volume.admin.test_volume_quotas.VolumeQuotasAdminTestJSON.test_show_quota_usage [0.028043s] ... ok
{1} tempest.api.volume.admin.test_volume_quotas.VolumeQuotasAdminTestJSON.test_update_all_quota_resources_for_tenant [0.152728s] ... ok
{3} tempest.api.volume.admin.test_volume_quota_classes.VolumeQuotaClassesTest.test_show_default_quota [27.983559s] ... ok
{3} tempest.api.volume.admin.test_volume_quota_classes.VolumeQuotaClassesTest.test_update_default_quota [0.471460s] ... ok
{1} setUpClass (tempest.api.volume.admin.test_volumes_backup.VolumesBackupsAdminTest) ... SKIPPED: Cinder backup feature disabled
{3} setUpClass (tempest.api.volume.admin.test_volume_retype.VolumeRetypeWithMigrationTest) ... SKIPPED: Cinder multi-backend feature disabled
{1} tempest.api.volume.test_availability_zone.AvailabilityZoneTestJSON.test_get_availability_zone_list [0.101601s] ... ok
{2} tempest.api.volume.admin.test_volume_snapshot_quotas_negative.VolumeSnapshotQuotasNegativeTestJSON.test_quota_volume_gigabytes_snapshots [0.149941s] ... ok
{2} tempest.api.volume.admin.test_volume_snapshot_quotas_negative.VolumeSnapshotQuotasNegativeTestJSON.test_quota_volume_snapshots [0.034651s] ... ok
{3} tempest.api.volume.admin.test_volume_services.VolumesServicesTestJSON.test_get_service_by_host_name [0.015443s] ... ok
{3} tempest.api.volume.admin.test_volume_services.VolumesServicesTestJSON.test_get_service_by_service_and_host_name [0.016253s] ... ok
{3} tempest.api.volume.admin.test_volume_services.VolumesServicesTestJSON.test_get_service_by_service_binary_name [0.014168s] ... ok
{1} tempest.api.volume.test_image_metadata.VolumesImageMetadata.test_update_show_delete_image_metadata [0.172428s] ... ok
{3} tempest.api.volume.admin.test_volume_services.VolumesServicesTestJSON.test_get_service_by_volume_host_name [44.490241s] ... ok
{3} tempest.api.volume.admin.test_volume_services.VolumesServicesTestJSON.test_list_services [0.009249s] ... ok
{3} tempest.api.volume.admin.test_volume_types_extra_specs.VolumeTypesExtraSpecsTest.test_volume_type_extra_spec_create_get_delete [0.109968s] ... ok
{3} tempest.api.volume.admin.test_volume_types_extra_specs.VolumeTypesExtraSpecsTest.test_volume_type_extra_specs_list [0.041449s] ... ok
{3} tempest.api.volume.admin.test_volume_types_extra_specs.VolumeTypesExtraSpecsTest.test_volume_type_extra_specs_update [0.115341s] ... ok
{3} tempest.api.volume.admin.test_volume_types_negative.VolumeTypesNegativeTest.test_create_volume_type_encryption_nonexistent_type_id [0.121384s] ... ok
{3} tempest.api.volume.admin.test_volume_types_negative.VolumeTypesNegativeTest.test_create_volume_with_private_volume_type [0.131437s] ... ok
{3} tempest.api.volume.admin.test_volume_types_negative.VolumeTypesNegativeTest.test_create_with_empty_name [0.006201s] ... ok
{3} tempest.api.volume.admin.test_volume_types_negative.VolumeTypesNegativeTest.test_create_with_repeated_name [0.063657s] ... ok
{3} tempest.api.volume.admin.test_volume_types_negative.VolumeTypesNegativeTest.test_delete_nonexistent_type_id [0.008123s] ... ok
{3} tempest.api.volume.admin.test_volume_types_negative.VolumeTypesNegativeTest.test_get_nonexistent_type_id [0.024621s] ... ok
{3} setUpClass (tempest.api.volume.test_volumes_backup.VolumesBackupsV39Test) ... SKIPPED: Cinder backup feature disabled
{0} tempest.api.volume.test_volumes_snapshots.VolumesSnapshotTestJSON.test_snapshot_create_offline_delete_online [140.158177s] ... ok
{2} tempest.api.volume.admin.test_volume_type_access.VolumeTypesAccessTest.test_volume_type_access_add [32.262698s] ... ok
{2} tempest.api.volume.admin.test_volume_type_access.VolumeTypesAccessTest.test_volume_type_access_list [0.152265s] ... ok
{2} tempest.api.volume.admin.test_volume_types.VolumeTypesTest.test_volume_type_create_get_delete [0.178895s] ... ok
{2} tempest.api.volume.admin.test_volume_types.VolumeTypesTest.test_volume_type_encryption_create_get_update_delete [0.205524s] ... ok
{2} tempest.api.volume.admin.test_volume_types.VolumeTypesTest.test_volume_type_list [0.044874s] ... ok
{2} tempest.api.volume.admin.test_volume_types.VolumeTypesTest.test_volume_type_update [0.128738s] ... ok
{1} tempest.api.volume.test_volume_transfers.VolumesTransfersTest.test_create_get_list_accept_volume_transfer [31.610894s] ... ok
{2} tempest.api.volume.admin.test_volumes_actions.VolumesActionsTest.test_force_detach_volume [54.275588s] ... ok
{3} tempest.api.volume.test_volumes_extend.VolumesExtendTest.test_volume_extend [83.827136s] ... ok
{1} tempest.api.volume.test_volume_transfers.VolumesTransfersTest.test_create_list_delete_volume_transfer [64.033068s] ... ok
{2} tempest.api.volume.admin.test_volumes_actions.VolumesActionsTest.test_volume_force_delete_when_volume_is_attaching [45.441407s] ... ok
{3} tempest.api.volume.test_volumes_extend.VolumesExtendTest.test_volume_extend_when_volume_has_snapshot [85.453438s] ... ok
{0} tempest.scenario.test_minimum_basic.TestMinimumBasicScenario.test_minimum_basic_instance_hard_reboot_after_vol_snap_deletion [134.546375s] ... ok
{2} tempest.api.volume.admin.test_volumes_actions.VolumesActionsTest.test_volume_force_delete_when_volume_is_creating [48.757390s] ... ok
{1} tempest.api.volume.test_volumes_clone_negative.VolumesCloneNegativeTest.test_create_from_volume_decreasing_size [72.271072s] ... ok
{2} tempest.api.volume.admin.test_volumes_actions.VolumesActionsTest.test_volume_force_delete_when_volume_is_error [25.970285s] ... ok
{3} tempest.api.volume.test_volumes_snapshots_list.VolumesSnapshotListTestJSON.test_snapshot_list_param_limit [0.067273s] ... ok
{3} tempest.api.volume.test_volumes_snapshots_list.VolumesSnapshotListTestJSON.test_snapshot_list_param_limit_equals_infinite [0.033650s] ... ok
{3} tempest.api.volume.test_volumes_snapshots_list.VolumesSnapshotListTestJSON.test_snapshot_list_param_limit_equals_zero [0.013767s] ... ok
{3} tempest.api.volume.test_volumes_snapshots_list.VolumesSnapshotListTestJSON.test_snapshot_list_param_marker [0.040830s] ... ok
{3} tempest.api.volume.test_volumes_snapshots_list.VolumesSnapshotListTestJSON.test_snapshot_list_param_offset [0.021650s] ... ok
{3} tempest.api.volume.test_volumes_snapshots_list.VolumesSnapshotListTestJSON.test_snapshot_list_param_sort_created_at_asc [0.022205s] ... ok
{3} tempest.api.volume.test_volumes_snapshots_list.VolumesSnapshotListTestJSON.test_snapshot_list_param_sort_created_at_desc [0.014637s] ... ok
{3} tempest.api.volume.test_volumes_snapshots_list.VolumesSnapshotListTestJSON.test_snapshot_list_param_sort_id_asc [0.018364s] ... ok
{3} tempest.api.volume.test_volumes_snapshots_list.VolumesSnapshotListTestJSON.test_snapshot_list_param_sort_id_desc [0.022813s] ... ok
{3} tempest.api.volume.test_volumes_snapshots_list.VolumesSnapshotListTestJSON.test_snapshot_list_param_sort_name_asc [0.020233s] ... ok
{3} tempest.api.volume.test_volumes_snapshots_list.VolumesSnapshotListTestJSON.test_snapshot_list_param_sort_name_desc [0.018682s] ... ok
{3} tempest.api.volume.test_volumes_snapshots_list.VolumesSnapshotListTestJSON.test_snapshots_list_details_with_params [0.058165s] ... ok
{3} tempest.api.volume.test_volumes_snapshots_list.VolumesSnapshotListTestJSON.test_snapshots_list_with_params [0.044189s] ... ok
{2} tempest.api.volume.admin.test_volumes_actions.VolumesActionsTest.test_volume_force_delete_when_volume_is_maintenance [39.331005s] ... ok
{0} tempest.scenario.test_minimum_basic.TestMinimumBasicScenario.test_minimum_basic_scenario [87.059795s] ... ok
{1} tempest.api.volume.test_volumes_extend.VolumesExtendAttachedTest.test_extend_attached_volume [95.301852s] ... ok
{3} setUpClass (cinder_tempest_plugin.api.volume.test_multiple_volume_from_resource.CreateVolumesFromBackupTest) ... SKIPPED: Cinder backup feature disabled
{2} tempest.api.volume.admin.test_volumes_actions.VolumesActionsTest.test_volume_reset_status [58.991669s] ... ok
{2} tempest.api.volume.test_versions.VersionsTest.test_list_versions [0.008439s] ... ok
{2} tempest.api.volume.test_versions.VersionsTest.test_show_version [0.082303s] ... ok
{2} tempest.api.volume.test_volume_metadata.VolumesMetadataTest.test_crud_volume_metadata [0.186777s] ... ok
{2} tempest.api.volume.test_volume_metadata.VolumesMetadataTest.test_update_show_volume_metadata_item [0.109553s] ... ok
{3} cinder_tempest_plugin.api.volume.test_multiple_volume_from_resource.CreateVolumesFromSnapshotTest.test_create_multiple_volume_from_snapshot [81.886487s] ... ok
{1} tempest.api.volume.test_volumes_list.VolumesListTestJSON.test_volume_list [0.020788s] ... ok
{1} tempest.api.volume.test_volumes_list.VolumesListTestJSON.test_volume_list_by_name [0.028636s] ... ok
{1} tempest.api.volume.test_volumes_list.VolumesListTestJSON.test_volume_list_details_by_name [0.024046s] ... ok
{1} tempest.api.volume.test_volumes_list.VolumesListTestJSON.test_volume_list_details_pagination [0.142449s] ... ok
{1} tempest.api.volume.test_volumes_list.VolumesListTestJSON.test_volume_list_details_with_multiple_params [0.071959s] ... ok
{1} tempest.api.volume.test_volumes_list.VolumesListTestJSON.test_volume_list_pagination [0.093617s] ... ok
{1} tempest.api.volume.test_volumes_list.VolumesListTestJSON.test_volume_list_param_display_name_and_status [0.029052s] ... ok
{1} tempest.api.volume.test_volumes_list.VolumesListTestJSON.test_volume_list_with_detail_param_display_name_and_status [0.035926s] ... ok
{1} tempest.api.volume.test_volumes_list.VolumesListTestJSON.test_volume_list_with_detail_param_marker [0.040489s] ... ok
{1} tempest.api.volume.test_volumes_list.VolumesListTestJSON.test_volume_list_with_detail_param_metadata [0.042483s] ... ok
{1} tempest.api.volume.test_volumes_list.VolumesListTestJSON.test_volume_list_with_details [0.023495s] ... ok
{1} tempest.api.volume.test_volumes_list.VolumesListTestJSON.test_volume_list_with_param_metadata [0.033693s] ... ok
{1} tempest.api.volume.test_volumes_list.VolumesListTestJSON.test_volumes_list_by_availability_zone [0.057349s] ... ok
{1} tempest.api.volume.test_volumes_list.VolumesListTestJSON.test_volumes_list_by_bootable [0.056817s] ... ok
{1} tempest.api.volume.test_volumes_list.VolumesListTestJSON.test_volumes_list_by_status [0.054533s] ... ok
{1} tempest.api.volume.test_volumes_list.VolumesListTestJSON.test_volumes_list_details_by_availability_zone [0.034597s] ... ok
{1} tempest.api.volume.test_volumes_list.VolumesListTestJSON.test_volumes_list_details_by_bootable [0.025142s] ... ok
{1} tempest.api.volume.test_volumes_list.VolumesListTestJSON.test_volumes_list_details_by_status [0.027408s] ... ok
{0} tempest.scenario.test_shelve_instance.TestShelveInstance.test_shelve_volume_backed_instance [132.071474s] ... ok
{2} tempest.api.volume.test_volume_transfers.VolumesTransfersV357Test.test_create_get_list_accept_volume_transfer [56.265151s] ... ok
{1} tempest.api.volume.test_volumes_snapshots_negative.VolumesSnapshotNegativeTestJSON.test_create_snapshot_with_nonexistent_volume_id [0.107746s] ... ok
{1} tempest.api.volume.test_volumes_snapshots_negative.VolumesSnapshotNegativeTestJSON.test_create_snapshot_without_passing_volume_id [0.028366s] ... ok
{1} tempest.api.volume.test_volumes_snapshots_negative.VolumesSnapshotNegativeTestJSON.test_list_snapshot_invalid_param_limit [0.038407s] ... ok
{1} tempest.api.volume.test_volumes_snapshots_negative.VolumesSnapshotNegativeTestJSON.test_list_snapshots_invalid_param_marker [0.014815s] ... ok
{1} tempest.api.volume.test_volumes_snapshots_negative.VolumesSnapshotNegativeTestJSON.test_list_snapshots_invalid_param_sort [0.006227s] ... ok
{2} tempest.api.volume.test_volume_transfers.VolumesTransfersV357Test.test_create_list_delete_volume_transfer [37.324004s] ... ok
{2} tempest.api.volume.test_volumes_actions.VolumesActionsTest.test_attach_detach_volume_to_instance [5.145029s] ... ok
{1} tempest.api.volume.test_volumes_snapshots_negative.VolumesSnapshotNegativeTestJSON.test_volume_from_snapshot_decreasing_size [63.810361s] ... ok
{1} setUpClass (tempest.scenario.test_encrypted_cinder_volumes.TestEncryptedCinderVolumes) ... SKIPPED: Encrypted volume attach is not supported
{2} tempest.api.volume.test_volumes_actions.VolumesActionsTest.test_get_volume_attachment [5.159073s] ... ok
{2} tempest.api.volume.test_volumes_actions.VolumesActionsTest.test_reserve_unreserve_volume [0.100332s] ... ok
{2} tempest.api.volume.test_volumes_actions.VolumesActionsTest.test_volume_bootable [0.096062s] ... ok
{2} tempest.api.volume.test_volumes_actions.VolumesActionsTest.test_volume_readonly_update [0.101005s] ... ok
{2} tempest.api.volume.test_volumes_actions.VolumesActionsTest.test_volume_upload [22.359442s] ... ok
{1} tempest.scenario.test_server_volume_attachment.TestServerVolumeAttachmentScenario.test_server_detach_rules [93.491671s] ... ok
{0} tempest.scenario.test_volume_boot_pattern.TestVolumeBootPattern.test_bootable_volume_last_snapshot_delete_while_stopped [192.049941s] ... ok
{2} tempest.api.volume.test_volumes_get.VolumesGetTest.test_volume_create_get_update_delete [111.609707s] ... ok
{1} tempest.scenario.test_snapshots_with_add_location.TestImageHashVerification.test_volume_upload_image_hash_verification [72.636722s] ... ok
{1} setUpClass (cinder_tempest_plugin.api.volume.admin.test_volume_backup.VolumesBackupsTest) ... SKIPPED: Cinder backup feature disabled
{1} setUpClass (cinder_tempest_plugin.api.volume.admin.test_volume_replication_negative.VolumeReplicationNegativeTest) ... SKIPPED: Volume replication feature disabled
{3} cinder_tempest_plugin.api.volume.test_volume_dependency.VolumeDependencyTests.test_delete_dep_chain [201.664720s] ... ok
{1} cinder_tempest_plugin.api.volume.test_multiple_volume_from_resource.CreateVolumesFromImageTest.test_create_from_image_multiple [50.977520s] ... ok
{2} tempest.api.volume.test_volumes_get.VolumesGetTest.test_volume_create_get_update_delete_as_clone [136.361263s] ... ok
{1} setUpClass (cinder_tempest_plugin.rbac.v3.test_backups.ProjectReaderTests33) ... SKIPPED: Cinder backup feature disabled
{1} cinder_tempest_plugin.rbac.v3.test_volume_types.VolumeTypesAdminTests.test_create_encryption_type [0.058858s] ... ok
{1} cinder_tempest_plugin.rbac.v3.test_volume_types.VolumeTypesAdminTests.test_create_or_update_extra_specs_for_volume_type [0.077189s] ... ok
{1} cinder_tempest_plugin.rbac.v3.test_volume_types.VolumeTypesAdminTests.test_create_volume_type [0.051048s] ... ok
{1} cinder_tempest_plugin.rbac.v3.test_volume_types.VolumeTypesAdminTests.test_delete_encryption_type [0.054774s] ... ok
{1} cinder_tempest_plugin.rbac.v3.test_volume_types.VolumeTypesAdminTests.test_delete_extra_spec_for_volume_type [0.041242s] ... ok
{1} cinder_tempest_plugin.rbac.v3.test_volume_types.VolumeTypesAdminTests.test_delete_volume_type [0.057677s] ... ok
{1} cinder_tempest_plugin.rbac.v3.test_volume_types.VolumeTypesAdminTests.test_list_all_extra_specs_for_volume_type [0.014551s] ... ok
{1} cinder_tempest_plugin.rbac.v3.test_volume_types.VolumeTypesAdminTests.test_list_volume_types [0.018230s] ... ok
{1} cinder_tempest_plugin.rbac.v3.test_volume_types.VolumeTypesAdminTests.test_show_default_volume_type ... SKIPPED: Skipped until bug: https://launchpad.net/bugs/2016402 is resolved.
{1} cinder_tempest_plugin.rbac.v3.test_volume_types.VolumeTypesAdminTests.test_show_encryption_spec_item [0.012645s] ... ok
{1} cinder_tempest_plugin.rbac.v3.test_volume_types.VolumeTypesAdminTests.test_show_encryption_type [0.015406s] ... ok
{1} cinder_tempest_plugin.rbac.v3.test_volume_types.VolumeTypesAdminTests.test_show_extra_spec_for_volume_type [0.023905s] ... ok
{1} cinder_tempest_plugin.rbac.v3.test_volume_types.VolumeTypesAdminTests.test_show_volume_type_detail [0.014045s] ... ok
{1} cinder_tempest_plugin.rbac.v3.test_volume_types.VolumeTypesAdminTests.test_update_encryption_type [0.020799s] ... ok
{1} cinder_tempest_plugin.rbac.v3.test_volume_types.VolumeTypesAdminTests.test_update_extra_spec_for_volume_type [0.021752s] ... ok
{1} cinder_tempest_plugin.rbac.v3.test_volume_types.VolumeTypesAdminTests.test_update_volume_type [0.017686s] ... ok
{0} tempest.scenario.test_volume_boot_pattern.TestVolumeBootPattern.test_image_defined_boot_from_volume [248.133782s] ... ok
{3} cinder_tempest_plugin.api.volume.test_volume_dependency.VolumeDependencyTests.test_delete_dep_chain_2 [153.360897s] ... ok
{2} tempest.api.volume.test_volumes_get.VolumesGetTest.test_volume_create_get_update_delete_from_image [80.244161s] ... ok
{2} tempest.api.volume.test_volumes_negative.VolumesNegativeTest.test_attach_volumes_with_nonexistent_volume_id [5.888835s] ... ok
{2} tempest.api.volume.test_volumes_negative.VolumesNegativeTest.test_create_volume_from_deactivated_image [1.190832s] ... ok
{2} tempest.api.volume.test_volumes_negative.VolumesNegativeTest.test_create_volume_from_image_with_decreasing_size [0.972406s] ... ok
{2} tempest.api.volume.test_volumes_negative.VolumesNegativeTest.test_create_volume_with_invalid_size [0.008597s] ... ok
{2} tempest.api.volume.test_volumes_negative.VolumesNegativeTest.test_create_volume_with_nonexistent_snapshot_id [0.013601s] ... ok
{2} tempest.api.volume.test_volumes_negative.VolumesNegativeTest.test_create_volume_with_nonexistent_source_volid [0.015619s] ... ok
{2} tempest.api.volume.test_volumes_negative.VolumesNegativeTest.test_create_volume_with_nonexistent_volume_type [0.013954s] ... ok
{2} tempest.api.volume.test_volumes_negative.VolumesNegativeTest.test_create_volume_with_size_negative [0.007429s] ... ok
{2} tempest.api.volume.test_volumes_negative.VolumesNegativeTest.test_create_volume_with_size_zero [0.008190s] ... ok
{2} tempest.api.volume.test_volumes_negative.VolumesNegativeTest.test_create_volume_without_passing_size [0.006879s] ... ok
{2} tempest.api.volume.test_volumes_negative.VolumesNegativeTest.test_delete_invalid_volume_id [0.010116s] ... ok
{2} tempest.api.volume.test_volumes_negative.VolumesNegativeTest.test_delete_volume_without_passing_volume_id [0.005943s] ... ok
{2} tempest.api.volume.test_volumes_negative.VolumesNegativeTest.test_detach_volumes_with_invalid_volume_id [0.013109s] ... ok
{2} tempest.api.volume.test_volumes_negative.VolumesNegativeTest.test_get_invalid_volume_id [0.012469s] ... ok
{2} tempest.api.volume.test_volumes_negative.VolumesNegativeTest.test_get_volume_without_passing_volume_id [0.005375s] ... ok
{2} tempest.api.volume.test_volumes_negative.VolumesNegativeTest.test_list_volumes_detail_with_invalid_status [0.035578s] ... ok
{2} tempest.api.volume.test_volumes_negative.VolumesNegativeTest.test_list_volumes_detail_with_nonexistent_name [0.017052s] ... ok
{2} tempest.api.volume.test_volumes_negative.VolumesNegativeTest.test_list_volumes_with_invalid_status [0.011160s] ... ok
{2} tempest.api.volume.test_volumes_negative.VolumesNegativeTest.test_list_volumes_with_nonexistent_name [0.027311s] ... ok
{2} tempest.api.volume.test_volumes_negative.VolumesNegativeTest.test_reserve_volume_with_negative_volume_status [0.061046s] ... ok
{2} tempest.api.volume.test_volumes_negative.VolumesNegativeTest.test_reserve_volume_with_nonexistent_volume_id [0.013512s] ... ok
{2} tempest.api.volume.test_volumes_negative.VolumesNegativeTest.test_unreserve_volume_with_nonexistent_volume_id [0.014884s] ... ok
{2} tempest.api.volume.test_volumes_negative.VolumesNegativeTest.test_update_volume_with_empty_volume_id [0.005572s] ... ok
{2} tempest.api.volume.test_volumes_negative.VolumesNegativeTest.test_update_volume_with_invalid_volume_id [0.010123s] ... ok
{2} tempest.api.volume.test_volumes_negative.VolumesNegativeTest.test_update_volume_with_nonexistent_volume_id [0.010894s] ... ok
{2} tempest.api.volume.test_volumes_negative.VolumesNegativeTest.test_volume_delete_nonexistent_volume_id [0.011037s] ... ok
{2} tempest.api.volume.test_volumes_negative.VolumesNegativeTest.test_volume_extend_with_None_size [0.009511s] ... ok
{2} tempest.api.volume.test_volumes_negative.VolumesNegativeTest.test_volume_extend_with_non_number_size [0.006491s] ... ok
{2} tempest.api.volume.test_volumes_negative.VolumesNegativeTest.test_volume_extend_with_nonexistent_volume_id [0.011152s] ... ok
{2} tempest.api.volume.test_volumes_negative.VolumesNegativeTest.test_volume_extend_with_size_smaller_than_original_size [0.008149s] ... ok
{2} tempest.api.volume.test_volumes_negative.VolumesNegativeTest.test_volume_extend_without_passing_volume_id [0.013379s] ... ok
{2} tempest.api.volume.test_volumes_negative.VolumesNegativeTest.test_volume_get_nonexistent_volume_id [0.008424s] ... ok
{3} cinder_tempest_plugin.api.volume.test_volume_dependency.VolumeDependencyTests.test_delete_source_snapshot [73.070814s] ... ok
{3} cinder_tempest_plugin.api.volume.test_volume_dependency.VolumeDependencyTests.test_delete_source_volume [47.575350s] ... ok
{3} setUpClass (cinder_tempest_plugin.rbac.v3.test_backups.ProjectAdminTests39) ... SKIPPED: Cinder backup feature disabled
{3} cinder_tempest_plugin.rbac.v3.test_capabilities.ProjectAdminTests.test_get_capabilities [0.152030s] ... ok
{3} cinder_tempest_plugin.rbac.v3.test_user_messages.ProjectAdminTests.test_delete_message [1.379702s] ... ok
{3} cinder_tempest_plugin.rbac.v3.test_user_messages.ProjectAdminTests.test_list_messages [1.303330s] ... ok
{3} cinder_tempest_plugin.rbac.v3.test_user_messages.ProjectAdminTests.test_show_message [1.281062s] ... ok
{3} cinder_tempest_plugin.rbac.v3.test_volume_actions.ProjectReaderTests.test_extend_volume ... SKIPPED: Skipped until bug: https://launchpad.net/bugs/2020261 is resolved.
{2} tempest.scenario.test_server_volume_attachment.TestServerVolumeAttachScenarioOldVersion.test_old_versions_reject [92.095280s] ... ok
{2} setUpClass (tempest.scenario.test_volume_backup_restore.TestVolumeBackupRestore) ... SKIPPED: Backup is not enable.
{2} cinder_tempest_plugin.api.volume.admin.test_consistencygroups.ConsistencyGroupsV2Test.test_consistencygroup_create_delete [14.346563s] ... ok
{2} setUpClass (cinder_tempest_plugin.api.volume.admin.test_volume_replication.VolumeReplicationTest) ... SKIPPED: Volume replication feature disabled
{3} cinder_tempest_plugin.rbac.v3.test_volume_actions.ProjectReaderTests.test_force_delete_volume [51.622106s] ... ok
{3} cinder_tempest_plugin.rbac.v3.test_volume_actions.ProjectReaderTests.test_reserve_volume ... SKIPPED: Skipped until bug: https://launchpad.net/bugs/2020261 is resolved.
{0} tempest.scenario.test_volume_boot_pattern.TestVolumeBootPattern.test_volume_boot_pattern [226.563781s] ... ok
{0} setUpClass (tempest.scenario.test_volume_migrate_attached.TestVolumeMigrateRetypeAttached) ... SKIPPED: Cinder multi-backend feature disabled
{0} setUpClass (cinder_tempest_plugin.api.volume.test_volume_backup.VolumesBackupsTest) ... SKIPPED: Cinder backup feature disabled
{3} cinder_tempest_plugin.rbac.v3.test_volume_actions.ProjectReaderTests.test_reset_volume_status [46.427087s] ... ok
{3} cinder_tempest_plugin.rbac.v3.test_volume_actions.ProjectReaderTests.test_retype_volume ... SKIPPED: Skipped until bug: https://launchpad.net/bugs/2020261 is resolved.
{3} cinder_tempest_plugin.rbac.v3.test_volume_actions.ProjectReaderTests.test_unreserve_volume ... SKIPPED: Skipped until bug: https://launchpad.net/bugs/2020261 is resolved.
{3} cinder_tempest_plugin.rbac.v3.test_volume_actions.ProjectReaderTests.test_update_volume_readonly ... SKIPPED: Skipped until bug: https://launchpad.net/bugs/2020261 is resolved.
{2} cinder_tempest_plugin.api.volume.test_multiple_volume_from_resource.CreateVolumesFromSourceVolumeTest.test_create_multiple_volume_from_source_volume [61.480713s] ... ok
{3} cinder_tempest_plugin.rbac.v3.test_volume_types.VolumeTypesMemberTests.test_create_encryption_type [0.091751s] ... ok
{3} cinder_tempest_plugin.rbac.v3.test_volume_types.VolumeTypesMemberTests.test_create_or_update_extra_specs_for_volume_type [0.044580s] ... ok
{3} cinder_tempest_plugin.rbac.v3.test_volume_types.VolumeTypesMemberTests.test_create_volume_type [0.009310s] ... ok
{3} cinder_tempest_plugin.rbac.v3.test_volume_types.VolumeTypesMemberTests.test_delete_encryption_type [0.056729s] ... ok
{3} cinder_tempest_plugin.rbac.v3.test_volume_types.VolumeTypesMemberTests.test_delete_extra_spec_for_volume_type [0.037466s] ... ok
{3} cinder_tempest_plugin.rbac.v3.test_volume_types.VolumeTypesMemberTests.test_delete_volume_type [0.028298s] ... ok
{3} cinder_tempest_plugin.rbac.v3.test_volume_types.VolumeTypesMemberTests.test_list_all_extra_specs_for_volume_type [0.013752s] ... ok
{3} cinder_tempest_plugin.rbac.v3.test_volume_types.VolumeTypesMemberTests.test_list_volume_types [0.027798s] ... ok
{3} cinder_tempest_plugin.rbac.v3.test_volume_types.VolumeTypesMemberTests.test_show_default_volume_type ... SKIPPED: Skipped until bug: https://launchpad.net/bugs/2016402 is resolved.
{3} cinder_tempest_plugin.rbac.v3.test_volume_types.VolumeTypesMemberTests.test_show_encryption_spec_item [0.006559s] ... ok
{3} cinder_tempest_plugin.rbac.v3.test_volume_types.VolumeTypesMemberTests.test_show_encryption_type [0.007786s] ... ok
{3} cinder_tempest_plugin.rbac.v3.test_volume_types.VolumeTypesMemberTests.test_show_extra_spec_for_volume_type [0.030091s] ... ok
{3} cinder_tempest_plugin.rbac.v3.test_volume_types.VolumeTypesMemberTests.test_show_volume_type_detail [0.014726s] ... ok
{3} cinder_tempest_plugin.rbac.v3.test_volume_types.VolumeTypesMemberTests.test_update_encryption_type [0.009197s] ... ok
{3} cinder_tempest_plugin.rbac.v3.test_volume_types.VolumeTypesMemberTests.test_update_extra_spec_for_volume_type [0.009305s] ... ok
{3} cinder_tempest_plugin.rbac.v3.test_volume_types.VolumeTypesMemberTests.test_update_volume_type [0.007826s] ... ok
{3} cinder_tempest_plugin.rbac.v3.test_volume_types.VolumeTypesReaderTests.test_create_encryption_type [0.091004s] ... ok
{3} cinder_tempest_plugin.rbac.v3.test_volume_types.VolumeTypesReaderTests.test_create_or_update_extra_specs_for_volume_type [0.038421s] ... ok
{3} cinder_tempest_plugin.rbac.v3.test_volume_types.VolumeTypesReaderTests.test_create_volume_type [0.010167s] ... ok
{3} cinder_tempest_plugin.rbac.v3.test_volume_types.VolumeTypesReaderTests.test_delete_encryption_type [0.063434s] ... ok
{3} cinder_tempest_plugin.rbac.v3.test_volume_types.VolumeTypesReaderTests.test_delete_extra_spec_for_volume_type [0.037322s] ... ok
{3} cinder_tempest_plugin.rbac.v3.test_volume_types.VolumeTypesReaderTests.test_delete_volume_type [0.033186s] ... ok
{3} cinder_tempest_plugin.rbac.v3.test_volume_types.VolumeTypesReaderTests.test_list_all_extra_specs_for_volume_type [0.016798s] ... ok
{3} cinder_tempest_plugin.rbac.v3.test_volume_types.VolumeTypesReaderTests.test_list_volume_types ... SKIPPED: Skipped until bug: https://launchpad.net/bugs/2016402 is resolved.
{3} cinder_tempest_plugin.rbac.v3.test_volume_types.VolumeTypesReaderTests.test_show_default_volume_type ... SKIPPED: Skipped until bug: https://launchpad.net/bugs/2016402 is resolved.
{3} cinder_tempest_plugin.rbac.v3.test_volume_types.VolumeTypesReaderTests.test_show_encryption_spec_item [0.007449s] ... ok
{3} cinder_tempest_plugin.rbac.v3.test_volume_types.VolumeTypesReaderTests.test_show_encryption_type [0.007826s] ... ok
{3} cinder_tempest_plugin.rbac.v3.test_volume_types.VolumeTypesReaderTests.test_show_extra_spec_for_volume_type [0.029967s] ... ok
{3} cinder_tempest_plugin.rbac.v3.test_volume_types.VolumeTypesReaderTests.test_show_volume_type_detail ... SKIPPED: Skipped until bug: https://launchpad.net/bugs/2016402 is resolved.
{3} cinder_tempest_plugin.rbac.v3.test_volume_types.VolumeTypesReaderTests.test_update_encryption_type [0.008473s] ... ok
{3} cinder_tempest_plugin.rbac.v3.test_volume_types.VolumeTypesReaderTests.test_update_extra_spec_for_volume_type [0.010491s] ... ok
{3} cinder_tempest_plugin.rbac.v3.test_volume_types.VolumeTypesReaderTests.test_update_volume_type [0.008157s] ... ok
{3} cinder_tempest_plugin.rbac.v3.test_volumes.ProjectReaderTests.test_create_volume ... SKIPPED: Skipped until bug: https://launchpad.net/bugs/2020113 is resolved.
{3} cinder_tempest_plugin.rbac.v3.test_volumes.ProjectReaderTests.test_delete_volume ... SKIPPED: Skipped until bug: https://launchpad.net/bugs/2020113 is resolved.
{0} cinder_tempest_plugin.api.volume.test_volume_dependency.VolumeImageDependencyTests.test_image_volume_dependencies_1 [46.616112s] ... ok
{3} cinder_tempest_plugin.rbac.v3.test_volumes.ProjectReaderTests.test_list_volumes [57.882132s] ... ok
{0} cinder_tempest_plugin.api.volume.test_volume_dependency.VolumeImageDependencyTests.test_image_volume_dependencies_2 [59.035670s] ... ok
{2} cinder_tempest_plugin.rbac.v3.test_capabilities.ProjectMemberTests.test_get_capabilities [0.172399s] ... ok
{2} cinder_tempest_plugin.rbac.v3.test_capabilities.ProjectReaderTests.test_get_capabilities [0.150268s] ... ok
{3} cinder_tempest_plugin.rbac.v3.test_volumes.ProjectReaderTests.test_list_volumes_detail [35.140887s] ... ok
{3} cinder_tempest_plugin.rbac.v3.test_volumes.ProjectReaderTests.test_set_bootable_volume ... SKIPPED: Skipped until bug: https://launchpad.net/bugs/2020113 is resolved.
{3} cinder_tempest_plugin.rbac.v3.test_volumes.ProjectReaderTests.test_show_volume [54.648639s] ... ok
{2} cinder_tempest_plugin.rbac.v3.test_snapshots.ProjectMemberTests.test_create_snapshot [64.822687s] ... ok
{0} cinder_tempest_plugin.api.volume.test_volume_dependency.VolumeImageDependencyTests.test_image_volume_dependencies_3 [94.835360s] ... ok
{3} cinder_tempest_plugin.rbac.v3.test_volumes.ProjectReaderTests.test_show_volume_summary [45.379161s] ... ok
{3} cinder_tempest_plugin.rbac.v3.test_volumes.ProjectReaderTests.test_update_volume ... SKIPPED: Skipped until bug: https://launchpad.net/bugs/2020113 is resolved.
{3} setUpClass (cinder_tempest_plugin.scenario.test_volume_concurrency.ConcurrentVolumeActionsTest) ... SKIPPED: Concurrency tests are disabled.
{3} setUpClass (cinder_tempest_plugin.scenario.test_volume_encrypted.TestEncryptedCinderVolumes) ... SKIPPED: Encrypted volume attach is not supported
{2} cinder_tempest_plugin.rbac.v3.test_snapshots.ProjectMemberTests.test_delete_snapshot [79.079290s] ... ok
{0} cinder_tempest_plugin.api.volume.test_volume_revert.VolumeRevertTests.test_volume_revert_to_snapshot [73.234646s] ... ok
{2} cinder_tempest_plugin.rbac.v3.test_snapshots.ProjectMemberTests.test_force_delete_snapshot [59.666989s] ... ok
{0} cinder_tempest_plugin.api.volume.test_volume_revert.VolumeRevertTests.test_volume_revert_to_snapshot_after_extended_negative [54.616652s] ... ok
{2} cinder_tempest_plugin.rbac.v3.test_snapshots.ProjectMemberTests.test_list_snapshots [65.815771s] ... ok
{2} cinder_tempest_plugin.rbac.v3.test_snapshots.ProjectMemberTests.test_manage_snapshot ... SKIPPED: manage snapshots are disabled
{0} cinder_tempest_plugin.api.volume.test_volume_unicode.CinderUnicodeTest.test_create_delete_unicode_volume_name [0.027423s] ... ok
{0} cinder_tempest_plugin.api.volume.test_volume_unicode.CinderUnicodeTest.test_snapshot_create_volume_description_non_ascii_code [19.683845s] ... ok
{2} cinder_tempest_plugin.rbac.v3.test_snapshots.ProjectMemberTests.test_reset_snapshot_status [48.373669s] ... ok
{0} setUpClass (cinder_tempest_plugin.rbac.v3.test_backups.ProjectAdminTests33) ... SKIPPED: Cinder backup feature disabled
{0} setUpClass (cinder_tempest_plugin.rbac.v3.test_backups.ProjectMemberTests33) ... SKIPPED: Cinder backup feature disabled
{0} setUpClass (cinder_tempest_plugin.rbac.v3.test_backups.ProjectMemberTests39) ... SKIPPED: Cinder backup feature disabled
{0} setUpClass (cinder_tempest_plugin.rbac.v3.test_backups.ProjectReaderTests39) ... SKIPPED: Cinder backup feature disabled
{2} cinder_tempest_plugin.rbac.v3.test_snapshots.ProjectMemberTests.test_show_snapshot [55.651085s] ... ok
{0} cinder_tempest_plugin.scenario.test_snapshots.SnapshotDependencyTests.test_snapshot_removal [101.154243s] ... ok
{2} cinder_tempest_plugin.rbac.v3.test_snapshots.ProjectMemberTests.test_unmanage_snapshot [64.691616s] ... ok
{0} setUpClass (cinder_tempest_plugin.scenario.test_volume_replication.VolumeReplicationTest) ... SKIPPED: Volume replication feature disabled
{2} cinder_tempest_plugin.rbac.v3.test_snapshots.ProjectMemberTests.test_update_snapshot [50.425000s] ... ok
{2} cinder_tempest_plugin.rbac.v3.test_snapshots.ProjectMemberTests.test_update_snapshot_status [39.189323s] ... ok
{2} cinder_tempest_plugin.rbac.v3.test_snapshots.ProjectReaderTests.test_create_snapshot ... SKIPPED: Skipped until bug: https://launchpad.net/bugs/2017108 is resolved.
{2} cinder_tempest_plugin.rbac.v3.test_snapshots.ProjectReaderTests.test_delete_snapshot ... SKIPPED: Skipped until bug: https://launchpad.net/bugs/2017108 is resolved.
{2} cinder_tempest_plugin.rbac.v3.test_snapshots.ProjectReaderTests.test_force_delete_snapshot [37.257752s] ... ok
{2} cinder_tempest_plugin.rbac.v3.test_snapshots.ProjectReaderTests.test_list_snapshots [58.568827s] ... ok
{2} cinder_tempest_plugin.rbac.v3.test_snapshots.ProjectReaderTests.test_manage_snapshot ... SKIPPED: manage snapshots are disabled
{2} cinder_tempest_plugin.rbac.v3.test_snapshots.ProjectReaderTests.test_reset_snapshot_status [55.584319s] ... ok
{2} cinder_tempest_plugin.rbac.v3.test_snapshots.ProjectReaderTests.test_show_snapshot [54.570465s] ... ok
{2} cinder_tempest_plugin.rbac.v3.test_snapshots.ProjectReaderTests.test_unmanage_snapshot [72.061402s] ... ok
{2} cinder_tempest_plugin.rbac.v3.test_snapshots.ProjectReaderTests.test_update_snapshot ... SKIPPED: Skipped until bug: https://launchpad.net/bugs/2017108 is resolved.
{2} cinder_tempest_plugin.rbac.v3.test_snapshots.ProjectReaderTests.test_update_snapshot_status ... SKIPPED: Skipped until bug: https://launchpad.net/bugs/2017108 is resolved.
{2} cinder_tempest_plugin.rbac.v3.test_user_messages.ProjectMemberTests.test_delete_message [1.506424s] ... ok
{2} cinder_tempest_plugin.rbac.v3.test_user_messages.ProjectMemberTests.test_list_messages [1.329727s] ... ok
{2} cinder_tempest_plugin.rbac.v3.test_user_messages.ProjectMemberTests.test_show_message [1.332100s] ... ok
{2} cinder_tempest_plugin.rbac.v3.test_user_messages.ProjectReaderTests.test_delete_message ... SKIPPED: Skipped until bug: https://launchpad.net/bugs/2009818 is resolved.
{2} cinder_tempest_plugin.rbac.v3.test_user_messages.ProjectReaderTests.test_list_messages [1.473016s] ... ok
{2} cinder_tempest_plugin.rbac.v3.test_user_messages.ProjectReaderTests.test_show_message [1.318144s] ... ok
{2} setUpClass (cinder_tempest_plugin.scenario.test_encrypted_volume_transfer.TransferEncryptedVolumeTest) ... SKIPPED: Encrypted volume attach is not supported

======
Totals
======
Ran: 385 tests in 3141.1606 sec.
 - Passed: 331
 - Skipped: 54
 - Expected Fail: 0
 - Unexpected Success: 0
 - Failed: 0
Sum of execute time for each test: 7846.1827 sec.

==============
Worker Balance
==============
 - Worker 0 (63 tests) => 0:45:56.386305
 - Worker 1 (103 tests) => 0:32:00.388309
 - Worker 2 (111 tests) => 0:52:16.220877
 - Worker 3 (108 tests) => 0:40:24.211206
___________________________________ summary ____________________________________
  all: commands succeeded
  congratulations :)
commit_id: ca28f2fae
2026/10/10 00:22:04
