5ffe35778 [Hitachi] Add support for NVMe-TCP.
2026/09/26 10:00:09
all develop-inst-nodeps: /opt/stack/tempest
all installed: attrs==26.1.0,autopage==0.6.0,bcrypt==5.0.0,certifi==2026.7.22,cffi==2.1.1,charset-normalizer==3.5.0,cinder-tempest-plugin @ git+https://opendev.org/openstack/cinder-tempest-plugin.git@d4894b4df9916d5f7b1968a4e3093f40af4eed44,cliff==4.16.0,cmd2==4.2.0,cryptography==43.0.3,debtcollector==3.1.0,defusedxml==0.7.1,fasteners==0.20,fixtures==4.3.2,idna==3.18,invoke==3.0.3,iso8601==2.1.0,jsonschema==4.26.0,jsonschema-specifications==2025.9.1,markdown-it-py==4.2.0,mdurl==0.1.2,msgpack==1.2.1,netaddr==1.3.0,oslo.concurrency==7.6.1,oslo.config==10.7.0,oslo.context==6.5.0,oslo.i18n==6.9.0,oslo.log==8.3.1,oslo.serialization==5.11.0,oslo.utils==10.2.0,packaging==26.3,paramiko==4.0.0,pbr==7.0.3,prettytable==3.18.0,prompt_toolkit==3.0.53,psutil==7.2.2,pycparser==3.0,Pygments==2.20.0,PyNaCl==1.6.2,pyparsing==3.3.2,pyperclip==1.11.0,python-dateutil==2.9.0.post0,python-subunit==1.4.6,PyYAML==6.0.3,referencing==0.37.0,requests==2.34.2,rfc3986==2.0.0,rich==15.0.0,rich-argparse==1.8.0,rpds-py==2026.6.3,setuptools==84.0.0,six==1.17.0,stestr==4.2.1,stevedore==5.9.1,-e git+https://opendev.org/openstack/tempest.git@5692e968f9e26bd86559efa765f6e5f47f6bf72d#egg=tempest,testscenarios==0.6.2,testtools==2.9.1,tomlkit==0.15.1,typing_extensions==4.16.0,urllib3==2.7.0,voluptuous==0.16.0,wcwidth==0.8.2,wrapt==2.3.0
all run-test-pre: PYTHONHASHSEED='3398643184'
all run-test: commands[0] | find . -type f -name '*.pyc' -delete
all run-test: commands[1] | tempest run --regex '^(?=.*volume|.*cinder_tempest_plugin).*' --concurrency=4 --exclude-list /opt/stack/tempest/exclude_testcases_fc.txt
{1} setUpClass (tempest.api.compute.admin.test_live_migration.LiveAutoBlockMigrationV225Test) ... SKIPPED: LiveAutoBlockMigrationV225Test skipped as live-migration is not available
{1} setUpClass (tempest.api.compute.admin.test_live_migration.LiveMigrationWithoutHostTest) ... SKIPPED: LiveMigrationWithoutHostTest skipped as live-migration is not available
{3} setUpClass (tempest.api.compute.admin.test_live_migration.LiveMigrationTest) ... SKIPPED: LiveMigrationTest skipped as live-migration is not available
{3} tempest.api.compute.admin.test_volumes_negative.VolumesAdminNegativeTest.test_update_attached_volume_with_nonexistent_volume_in_body ... SKIPPED: Skipped until bug: https://launchpad.net/bugs/2112187 is resolved.
{3} tempest.api.compute.admin.test_volumes_negative.VolumesAdminNegativeTest.test_update_attached_volume_with_nonexistent_volume_in_uri [16.411846s] ... ok
{0} tempest.api.compute.admin.test_assisted_volume_snapshots.VolumesAssistedSnapshotsTest.test_volume_assisted_snapshot_create_delete [68.122364s] ... ok
{1} tempest.api.compute.admin.test_volume.AttachSCSIVolumeTestJSON.test_attach_scsi_disk_with_config_drive [79.359815s] ... ok
{0} tempest.api.compute.admin.test_volume_swap.TestVolumeSwap.test_volume_swap ... SKIPPED: Skipped until bug: https://launchpad.net/bugs/2112187 is resolved.
{0} tempest.api.compute.admin.test_volumes_negative.UpdateMultiattachVolumeNegativeTest.test_multiattach_rw_volume_update_failure ... SKIPPED: Skipped until bug: https://launchpad.net/bugs/2112187 is resolved.
{3} tempest.api.compute.servers.test_device_tagging.TaggedAttachmentsTest.test_tagged_attachment [89.269719s] ... ok
{2} tempest.api.compute.servers.test_server_actions.ServerActionsTestOtherA.test_rebuild_server_with_volume_attached [130.891178s] ... ok
{1} tempest.api.compute.servers.test_delete_server.DeleteServersTestJSON.test_delete_server_while_in_attached_volume [76.801941s] ... ok
{1} tempest.api.compute.servers.test_server_rescue.ServerBootFromVolumeStableRescueTest.test_stable_device_rescue_bfv_blank_volume [53.444790s] ... ok
{1} tempest.api.compute.servers.test_server_rescue.ServerBootFromVolumeStableRescueTest.test_stable_device_rescue_bfv_image_volume [86.584106s] ... ok
{0} tempest.api.compute.servers.test_device_tagging.TaggedBootDevicesTest_v242.test_tagged_boot_devices [236.487965s] ... ok
{2} tempest.api.compute.servers.test_server_actions.ServerActionsTestOtherA.test_resize_volume_backed_server_confirm [185.243527s] ... ok
{3} tempest.api.compute.servers.test_device_tagging.TaggedBootDevicesTest.test_tagged_boot_devices [307.151440s] ... ok
{2} tempest.api.compute.volumes.test_volume_snapshots.VolumesSnapshotsTestJSON.test_volume_snapshot_create_get_list_delete [100.169702s] ... ok
{2} tempest.api.volume.admin.test_group_types.GroupTypesTest.test_group_type_create_list_update_show_delete [0.245609s] ... ok
{2} tempest.api.volume.admin.test_group_types.GroupTypesTest.test_group_type_list_by_optional_params [0.133695s] ... ok
{2} setUpClass (tempest.api.volume.admin.test_multi_backend.VolumeMultiBackendTest) ... SKIPPED: Cinder multi-backend feature disabled
{2} tempest.api.volume.admin.test_snapshots_actions.SnapshotsActionsTest.test_reset_snapshot_status [0.154600s] ... ok
{1} tempest.api.compute.servers.test_server_rescue.ServerStableDeviceRescueTest.test_stable_device_rescue_disk_virtio_with_volume_attached [102.322965s] ... ok
{2} tempest.api.volume.admin.test_snapshots_actions.SnapshotsActionsTest.test_snapshot_force_delete_when_snapshot_is_creating [30.724314s] ... ok
{0} tempest.api.compute.servers.test_server_actions.ServerActionsTestOtherB.test_resize_server_revert_with_volume_attached [110.194679s] ... ok
{3} tempest.api.compute.servers.test_servers_negative.ServersNegativeTestJSON.test_create_server_from_non_bootable_volume [48.834176s] ... ok
{2} tempest.api.volume.admin.test_snapshots_actions.SnapshotsActionsTest.test_snapshot_force_delete_when_snapshot_is_deleting [58.182293s] ... ok
{3} tempest.api.compute.servers.test_servers_negative.ServersNegativeTestJSON.test_create_server_invalid_bdm_in_2nd_dict [25.145345s] ... ok
{2} tempest.api.volume.admin.test_snapshots_actions.SnapshotsActionsTest.test_snapshot_force_delete_when_snapshot_is_error [55.100929s] ... ok
{2} tempest.api.volume.admin.test_snapshots_actions.SnapshotsActionsTest.test_snapshot_force_delete_when_snapshot_is_error_deleting [31.764137s] ... ok
{2} tempest.api.volume.admin.test_snapshots_actions.SnapshotsActionsTest.test_update_snapshot_status [0.128614s] ... ok
{1} tempest.api.compute.volumes.test_attach_volume.AttachVolumeTestJSON.test_attach_detach_volume [158.440121s] ... ok
{3} tempest.api.compute.volumes.test_attach_volume_negative.AttachVolumeNegativeTest.test_attach_attached_volume_to_different_server [99.850562s] ... ok
{0} tempest.api.compute.servers.test_server_actions.ServerActionsV293TestJSON.test_rebuild_volume_backed_server [127.435655s] ... ok
{1} tempest.api.compute.volumes.test_attach_volume.AttachVolumeTestJSON.test_list_get_volume_attachments [87.236319s] ... ok
{2} tempest.api.volume.admin.test_volume_manage.VolumeManageAdminTest.test_unmanage_manage_volume [90.162267s] ... ok
{2} tempest.api.volume.admin.test_volume_pools.VolumePoolsAdminTestsJSON.test_get_pools_with_details [0.147993s] ... ok
{2} tempest.api.volume.admin.test_volume_pools.VolumePoolsAdminTestsJSON.test_get_pools_without_details [0.019818s] ... ok
{2} tempest.api.volume.admin.test_volume_quotas.VolumeQuotasAdminTestJSON.test_delete_quota [0.164725s] ... ok
{2} tempest.api.volume.admin.test_volume_quotas.VolumeQuotasAdminTestJSON.test_list_default_quotas [0.018875s] ... ok
{2} tempest.api.volume.admin.test_volume_quotas.VolumeQuotasAdminTestJSON.test_list_quotas [0.023244s] ... ok
{3} tempest.api.compute.volumes.test_attach_volume_negative.AttachVolumeNegativeTest.test_attach_attached_volume_to_same_server [108.337489s] ... ok
{0} tempest.api.compute.servers.test_server_rescue_negative.ServerRescueNegativeTestJSON.test_rescued_vm_attach_volume [45.027478s] ... ok
{2} tempest.api.volume.admin.test_volume_quotas.VolumeQuotasAdminTestJSON.test_quota_usage [68.186215s] ... ok
{1} tempest.api.compute.volumes.test_volumes_list.VolumesTestJSON.test_volume_list [0.069252s] ... ok
{1} tempest.api.compute.volumes.test_volumes_list.VolumesTestJSON.test_volume_list_param_limit [0.037827s] ... ok
{1} tempest.api.compute.volumes.test_volumes_list.VolumesTestJSON.test_volume_list_param_offset_and_limit [0.079243s] ... ok
{1} tempest.api.compute.volumes.test_volumes_list.VolumesTestJSON.test_volume_list_with_detail_param_limit [0.032216s] ... ok
{1} tempest.api.compute.volumes.test_volumes_list.VolumesTestJSON.test_volume_list_with_detail_param_offset_and_limit [0.062269s] ... ok
{1} tempest.api.compute.volumes.test_volumes_list.VolumesTestJSON.test_volume_list_with_details [0.035225s] ... ok
{2} tempest.api.volume.admin.test_volume_quotas.VolumeQuotasAdminTestJSON.test_quota_usage_after_volume_transfer [44.897502s] ... ok
{2} tempest.api.volume.admin.test_volume_quotas.VolumeQuotasAdminTestJSON.test_show_quota_usage [0.032401s] ... ok
{2} tempest.api.volume.admin.test_volume_quotas.VolumeQuotasAdminTestJSON.test_update_all_quota_resources_for_tenant [0.162271s] ... ok
{3} tempest.api.compute.volumes.test_attach_volume_negative.AttachVolumeNegativeTest.test_delete_attached_volume [73.721663s] ... ok
{0} tempest.api.compute.servers.test_server_rescue_negative.ServerRescueNegativeTestJSON.test_rescued_vm_detach_volume [85.029196s] ... ok
{2} tempest.api.volume.admin.test_volume_quotas_negative.VolumeQuotasNegativeTestJSON.test_quota_volume_gigabytes [0.132367s] ... ok
{2} tempest.api.volume.admin.test_volume_quotas_negative.VolumeQuotasNegativeTestJSON.test_quota_volumes [0.119102s] ... ok
{2} tempest.api.volume.admin.test_volume_quotas_negative.VolumeQuotasNegativeTestJSON.test_volume_extend_gigabytes_quota_deviation [0.095724s] ... ok
{3} tempest.api.compute.volumes.test_volumes_negative.VolumesNegativeTest.test_create_volume_with_invalid_size [0.148028s] ... ok
{3} tempest.api.compute.volumes.test_volumes_negative.VolumesNegativeTest.test_create_volume_with_size_zero [0.009096s] ... ok
{3} tempest.api.compute.volumes.test_volumes_negative.VolumesNegativeTest.test_create_volume_without_passing_size [0.008386s] ... ok
{3} tempest.api.compute.volumes.test_volumes_negative.VolumesNegativeTest.test_delete_invalid_volume_id [0.021693s] ... ok
{3} tempest.api.compute.volumes.test_volumes_negative.VolumesNegativeTest.test_delete_volume_without_passing_volume_id [0.007109s] ... ok
{3} tempest.api.compute.volumes.test_volumes_negative.VolumesNegativeTest.test_get_volume_without_passing_volume_id [0.035772s] ... ok
{3} tempest.api.compute.volumes.test_volumes_negative.VolumesNegativeTest.test_volume_delete_nonexistent_volume_id [0.025493s] ... ok
{3} tempest.api.compute.volumes.test_volumes_negative.VolumesNegativeTest.test_volume_get_nonexistent_volume_id [0.023460s] ... ok
{3} tempest.api.volume.admin.test_backends_capabilities.BackendsCapabilitiesAdminTestsJSON.test_compare_volume_stats_values [0.044744s] ... ok
{3} tempest.api.volume.admin.test_backends_capabilities.BackendsCapabilitiesAdminTestsJSON.test_get_capabilities_backend [0.018011s] ... ok
{3} tempest.api.volume.admin.test_qos.QosSpecsTestJSON.test_associate_disassociate_qos [0.350104s] ... ok
{3} tempest.api.volume.admin.test_qos.QosSpecsTestJSON.test_create_delete_qos_with_back_end_consumer [0.079594s] ... ok
{3} tempest.api.volume.admin.test_qos.QosSpecsTestJSON.test_create_delete_qos_with_both_consumer [0.084101s] ... ok
{3} tempest.api.volume.admin.test_qos.QosSpecsTestJSON.test_create_delete_qos_with_front_end_consumer [0.089862s] ... ok
{3} tempest.api.volume.admin.test_qos.QosSpecsTestJSON.test_get_qos [0.013223s] ... ok
{3} tempest.api.volume.admin.test_qos.QosSpecsTestJSON.test_list_qos [0.011003s] ... ok
{3} tempest.api.volume.admin.test_qos.QosSpecsTestJSON.test_set_unset_qos_key [0.079267s] ... ok
{3} tempest.api.volume.admin.test_volume_quota_classes.VolumeQuotaClassesTest.test_show_default_quota [0.157628s] ... ok
{3} tempest.api.volume.admin.test_volume_quota_classes.VolumeQuotaClassesTest.test_update_default_quota [0.467850s] ... ok
{1} tempest.api.volume.admin.test_groups.GroupsTest.test_group_create_show_list_delete [13.938957s] ... ok
{2} tempest.api.volume.admin.test_volume_type_access.VolumeTypesAccessTest.test_volume_type_access_add [12.816799s] ... ok
{2} tempest.api.volume.admin.test_volume_type_access.VolumeTypesAccessTest.test_volume_type_access_list [0.139186s] ... ok
{0} tempest.api.compute.volumes.test_attach_volume.AttachVolumeMultiAttachTest.test_boot_with_multiattach_volume_direct_lun ... SKIPPED: hw_scsi_model=virtio-scsi not set on image
{3} tempest.api.volume.admin.test_volume_retype.VolumeRetypeWithoutMigrationTest.test_available_volume_retype [19.997238s] ... ok
{1} tempest.api.volume.admin.test_groups.GroupsTest.test_group_update [28.575316s] ... ok
{1} setUpClass (tempest.api.volume.admin.test_snapshot_manage.SnapshotManageAdminTest) ... SKIPPED: Manage snapshot tests are disabled
{1} tempest.api.volume.admin.test_user_messages.UserMessagesTest.test_delete_message [1.578818s] ... ok
{1} tempest.api.volume.admin.test_user_messages.UserMessagesTest.test_list_show_messages [1.397658s] ... ok
{1} tempest.api.volume.admin.test_volume_services_negative.VolumeServicesNegativeTest.test_disable_log_reason_with_no_reason [0.009832s] ... ok
{1} tempest.api.volume.admin.test_volume_services_negative.VolumeServicesNegativeTest.test_disable_service_with_invalid_binary [0.013841s] ... ok
{1} tempest.api.volume.admin.test_volume_services_negative.VolumeServicesNegativeTest.test_enable_service_with_invalid_host [0.012580s] ... ok
{1} tempest.api.volume.admin.test_volume_services_negative.VolumeServicesNegativeTest.test_freeze_host_with_invalid_host [0.013213s] ... ok
{1} tempest.api.volume.admin.test_volume_services_negative.VolumeServicesNegativeTest.test_thaw_host_with_invalid_host [0.015366s] ... ok
{1} tempest.api.volume.admin.test_volume_types_extra_specs.VolumeTypesExtraSpecsTest.test_volume_type_extra_spec_create_get_delete [0.081337s] ... ok
{1} tempest.api.volume.admin.test_volume_types_extra_specs.VolumeTypesExtraSpecsTest.test_volume_type_extra_specs_list [0.039065s] ... ok
{1} tempest.api.volume.admin.test_volume_types_extra_specs.VolumeTypesExtraSpecsTest.test_volume_type_extra_specs_update [0.110382s] ... ok
{1} setUpClass (tempest.api.volume.admin.test_volumes_backup.VolumesBackupsAdminTest) ... SKIPPED: Cinder backup feature disabled
{2} tempest.api.volume.admin.test_volumes_actions.VolumesActionsTest.test_force_detach_volume [32.760178s] ... ok
{3} tempest.api.volume.admin.test_volume_snapshot_quotas_negative.VolumeSnapshotQuotasNegativeTestJSON.test_quota_volume_gigabytes_snapshots [0.155814s] ... ok
{3} tempest.api.volume.admin.test_volume_snapshot_quotas_negative.VolumeSnapshotQuotasNegativeTestJSON.test_quota_volume_snapshots [0.033528s] ... ok
{3} tempest.api.volume.admin.test_volume_types_extra_specs_negative.ExtraSpecsNegativeTest.test_create_invalid_body [0.009382s] ... ok
{3} tempest.api.volume.admin.test_volume_types_extra_specs_negative.ExtraSpecsNegativeTest.test_create_none_body [0.007779s] ... ok
{3} tempest.api.volume.admin.test_volume_types_extra_specs_negative.ExtraSpecsNegativeTest.test_create_nonexistent_type_id [0.018640s] ... ok
{3} tempest.api.volume.admin.test_volume_types_extra_specs_negative.ExtraSpecsNegativeTest.test_delete_nonexistent_volume_type_id [0.012956s] ... ok
{3} tempest.api.volume.admin.test_volume_types_extra_specs_negative.ExtraSpecsNegativeTest.test_get_nonexistent_extra_spec_name [0.015317s] ... ok
{3} tempest.api.volume.admin.test_volume_types_extra_specs_negative.ExtraSpecsNegativeTest.test_get_nonexistent_volume_type_id [0.015073s] ... ok
{3} tempest.api.volume.admin.test_volume_types_extra_specs_negative.ExtraSpecsNegativeTest.test_list_nonexistent_volume_type_id [0.009137s] ... ok
{3} tempest.api.volume.admin.test_volume_types_extra_specs_negative.ExtraSpecsNegativeTest.test_update_multiple_extra_spec [0.007333s] ... ok
{3} tempest.api.volume.admin.test_volume_types_extra_specs_negative.ExtraSpecsNegativeTest.test_update_no_body [0.008543s] ... ok
{3} tempest.api.volume.admin.test_volume_types_extra_specs_negative.ExtraSpecsNegativeTest.test_update_none_extra_spec_id [0.020262s] ... ok
{3} tempest.api.volume.admin.test_volume_types_extra_specs_negative.ExtraSpecsNegativeTest.test_update_nonexistent_extra_spec_id [0.019431s] ... ok
{3} tempest.api.volume.admin.test_volume_types_extra_specs_negative.ExtraSpecsNegativeTest.test_update_nonexistent_type_id [0.017582s] ... ok
{3} tempest.api.volume.admin.test_volume_types_negative.VolumeTypesNegativeTest.test_create_volume_type_encryption_nonexistent_type_id [0.145399s] ... ok
{3} tempest.api.volume.admin.test_volume_types_negative.VolumeTypesNegativeTest.test_create_volume_with_private_volume_type [0.153781s] ... ok
{3} tempest.api.volume.admin.test_volume_types_negative.VolumeTypesNegativeTest.test_create_with_empty_name [0.009124s] ... ok
{3} tempest.api.volume.admin.test_volume_types_negative.VolumeTypesNegativeTest.test_create_with_repeated_name [0.070090s] ... ok
{3} tempest.api.volume.admin.test_volume_types_negative.VolumeTypesNegativeTest.test_delete_nonexistent_type_id [0.008968s] ... ok
{3} tempest.api.volume.admin.test_volume_types_negative.VolumeTypesNegativeTest.test_get_nonexistent_type_id [0.009806s] ... ok
{2} tempest.api.volume.admin.test_volumes_actions.VolumesActionsTest.test_volume_force_delete_when_volume_is_attaching [57.853303s] ... ok
{3} tempest.api.volume.test_extensions.ExtensionsTestJSON.test_list_extensions [0.087782s] ... ok
{1} tempest.api.volume.admin.test_volumes_list.VolumesListAdminTestJSON.test_volume_list_param_tenant [15.706087s] ... ok
{2} tempest.api.volume.admin.test_volumes_actions.VolumesActionsTest.test_volume_force_delete_when_volume_is_creating [32.123621s] ... ok
{0} tempest.api.compute.volumes.test_attach_volume.AttachVolumeShelveTestJSON.test_attach_volume_shelved_or_offload_server [148.374227s] ... ok
{2} tempest.api.volume.admin.test_volumes_actions.VolumesActionsTest.test_volume_force_delete_when_volume_is_error [41.348086s] ... ok
{3} tempest.api.volume.test_volumes_clone.VolumesCloneTest.test_create_from_bootable_volume [94.414131s] ... ok
{2} tempest.api.volume.admin.test_volumes_actions.VolumesActionsTest.test_volume_force_delete_when_volume_is_maintenance [55.769210s] ... ok
{0} tempest.api.compute.volumes.test_attach_volume.AttachVolumeShelveTestJSON.test_detach_volume_shelved_or_offload_server [84.634352s] ... ok
{3} tempest.api.volume.test_volumes_get.VolumesGetTest.test_volume_create_get_update_delete [56.245386s] ... ok
{2} tempest.api.volume.admin.test_volumes_actions.VolumesActionsTest.test_volume_reset_status [45.688285s] ... ok
{0} tempest.api.compute.volumes.test_volumes_get.VolumesGetTestJSON.test_volume_create_get_delete [16.986965s] ... ok
{1} tempest.api.volume.test_volumes_extend.VolumesExtendAttachedTest.test_extend_attached_volume [134.004266s] ... ok
{2} tempest.api.volume.test_image_metadata.VolumesImageMetadata.test_update_show_delete_image_metadata [0.224029s] ... ok
{2} tempest.api.volume.test_versions.VersionsTest.test_list_versions [0.007576s] ... ok
{2} tempest.api.volume.test_versions.VersionsTest.test_show_version [0.102970s] ... ok
{0} setUpClass (tempest.api.volume.admin.test_encrypted_volumes_extend.EncryptedVolumesExtendAttachedTest) ... SKIPPED: Attached encrypted volume extend is disabled.
{0} tempest.api.volume.admin.test_group_type_specs.GroupTypeSpecsTest.test_group_type_specs_create_show_update_list_delete [0.372230s] ... ok
{0} tempest.api.volume.admin.test_groups.GroupsV320Test.test_reset_group_status [2.665392s] ... ok
{0} tempest.api.volume.admin.test_volume_hosts.VolumeHostsAdminTestsJSON.test_list_hosts [0.153146s] ... ok
{0} tempest.api.volume.admin.test_volume_hosts.VolumeHostsAdminTestsJSON.test_show_host [0.068377s] ... ok
{0} setUpClass (tempest.api.volume.admin.test_volume_retype.VolumeRetypeWithMigrationTest) ... SKIPPED: Cinder multi-backend feature disabled
{0} tempest.api.volume.admin.test_volume_services.VolumesServicesTestJSON.test_get_service_by_host_name [0.016629s] ... ok
{0} tempest.api.volume.admin.test_volume_services.VolumesServicesTestJSON.test_get_service_by_service_and_host_name [0.013664s] ... ok
{0} tempest.api.volume.admin.test_volume_services.VolumesServicesTestJSON.test_get_service_by_service_binary_name [0.016023s] ... ok
{2} tempest.api.volume.test_volume_absolute_limits.AbsoluteLimitsTests.test_get_volume_absolute_limits [0.095626s] ... ok
{3} tempest.api.volume.test_volumes_get.VolumesGetTest.test_volume_create_get_update_delete_as_clone [99.498891s] ... ok
{1} tempest.api.volume.test_volumes_extend.VolumesExtendTest.test_volume_extend [73.707498s] ... ok
{0} tempest.api.volume.admin.test_volume_services.VolumesServicesTestJSON.test_get_service_by_volume_host_name [45.586461s] ... ok
{0} tempest.api.volume.admin.test_volume_services.VolumesServicesTestJSON.test_list_services [0.014262s] ... ok
{0} tempest.api.volume.admin.test_volume_types.VolumeTypesTest.test_volume_type_create_get_delete [0.200605s] ... ok
{0} tempest.api.volume.admin.test_volume_types.VolumeTypesTest.test_volume_type_encryption_create_get_update_delete [0.205370s] ... ok
{0} tempest.api.volume.admin.test_volume_types.VolumeTypesTest.test_volume_type_list [0.017704s] ... ok
{0} tempest.api.volume.admin.test_volume_types.VolumeTypesTest.test_volume_type_update [0.119204s] ... ok
{0} tempest.api.volume.test_availability_zone.AvailabilityZoneTestJSON.test_get_availability_zone_list [0.099681s] ... ok
{0} tempest.api.volume.test_snapshot_metadata.SnapshotMetadataTestJSON.test_crud_snapshot_metadata [0.163140s] ... ok
{0} tempest.api.volume.test_snapshot_metadata.SnapshotMetadataTestJSON.test_update_show_snapshot_metadata_item [0.136409s] ... ok
{2} tempest.api.volume.test_volume_delete_cascade.VolumesDeleteCascade.test_volume_delete_cascade [88.653049s] ... ok
{3} tempest.api.volume.test_volumes_get.VolumesGetTest.test_volume_create_get_update_delete_from_image [127.275053s] ... ok
{1} tempest.api.volume.test_volumes_extend.VolumesExtendTest.test_volume_extend_when_volume_has_snapshot [101.868317s] ... ok
{1} tempest.api.volume.test_volumes_get.VolumesSummaryTest.test_show_volume_summary [0.102431s] ... ok
{0} tempest.api.volume.test_volume_metadata.VolumesMetadataTest.test_crud_volume_metadata [0.258949s] ... ok
{0} tempest.api.volume.test_volume_metadata.VolumesMetadataTest.test_update_show_volume_metadata_item [0.117244s] ... ok
{3} tempest.api.volume.test_volumes_list.VolumesListTestJSON.test_volume_list [0.019972s] ... ok
{3} tempest.api.volume.test_volumes_list.VolumesListTestJSON.test_volume_list_by_name [0.019342s] ... ok
{3} tempest.api.volume.test_volumes_list.VolumesListTestJSON.test_volume_list_details_by_name [0.024462s] ... ok
{3} tempest.api.volume.test_volumes_list.VolumesListTestJSON.test_volume_list_details_pagination [0.102084s] ... ok
{3} tempest.api.volume.test_volumes_list.VolumesListTestJSON.test_volume_list_details_with_multiple_params [0.076153s] ... ok
{3} tempest.api.volume.test_volumes_list.VolumesListTestJSON.test_volume_list_pagination [0.082386s] ... ok
{3} tempest.api.volume.test_volumes_list.VolumesListTestJSON.test_volume_list_param_display_name_and_status [0.012966s] ... ok
{3} tempest.api.volume.test_volumes_list.VolumesListTestJSON.test_volume_list_with_detail_param_display_name_and_status [0.036218s] ... ok
{3} tempest.api.volume.test_volumes_list.VolumesListTestJSON.test_volume_list_with_detail_param_marker [0.035202s] ... ok
{3} tempest.api.volume.test_volumes_list.VolumesListTestJSON.test_volume_list_with_detail_param_metadata [0.040309s] ... ok
{3} tempest.api.volume.test_volumes_list.VolumesListTestJSON.test_volume_list_with_details [0.023161s] ... ok
{3} tempest.api.volume.test_volumes_list.VolumesListTestJSON.test_volume_list_with_param_metadata [0.019465s] ... ok
{3} tempest.api.volume.test_volumes_list.VolumesListTestJSON.test_volumes_list_by_availability_zone [0.035777s] ... ok
{3} tempest.api.volume.test_volumes_list.VolumesListTestJSON.test_volumes_list_by_bootable [0.046185s] ... ok
{3} tempest.api.volume.test_volumes_list.VolumesListTestJSON.test_volumes_list_by_status [0.050225s] ... ok
{3} tempest.api.volume.test_volumes_list.VolumesListTestJSON.test_volumes_list_details_by_availability_zone [0.018757s] ... ok
{3} tempest.api.volume.test_volumes_list.VolumesListTestJSON.test_volumes_list_details_by_bootable [0.022970s] ... ok
{3} tempest.api.volume.test_volumes_list.VolumesListTestJSON.test_volumes_list_details_by_status [0.022739s] ... ok
{0} tempest.api.volume.test_volume_transfers.VolumesTransfersTest.test_create_get_list_accept_volume_transfer [54.229986s] ... ok
{2} tempest.api.volume.test_volume_delete_cascade.VolumesDeleteCascade.test_volume_from_snapshot_cascade_delete [113.431127s] ... ok
{1} tempest.scenario.test_server_volume_attachment.TestServerVolumeAttachScenarioOldVersion.test_old_versions_reject [93.251684s] ... ok
{1} setUpClass (tempest.scenario.test_volume_backup_restore.TestVolumeBackupRestore) ... SKIPPED: Backup is not enable.
{0} tempest.api.volume.test_volume_transfers.VolumesTransfersTest.test_create_list_delete_volume_transfer [56.830607s] ... ok
{2} tempest.api.volume.test_volume_transfers.VolumesTransfersV357Test.test_create_get_list_accept_volume_transfer [55.548311s] ... ok
{3} tempest.api.volume.test_volumes_snapshots.VolumesSnapshotTestJSON.test_snapshot_backup ... SKIPPED: Cinder backup is disabled
{1} cinder_tempest_plugin.api.volume.test_multiple_volume_from_resource.CreateVolumesFromSourceVolumeTest.test_create_multiple_volume_from_source_volume [89.229010s] ... ok
{3} tempest.api.volume.test_volumes_snapshots.VolumesSnapshotTestJSON.test_snapshot_create_get_list_update_delete [31.830410s] ... ok
{2} tempest.api.volume.test_volume_transfers.VolumesTransfersV357Test.test_create_list_delete_volume_transfer [64.040665s] ... ok
{2} setUpClass (tempest.api.volume.test_volumes_backup.VolumesBackupsTest) ... SKIPPED: Cinder backup feature disabled
{0} tempest.api.volume.test_volume_transfers.VolumesTransfersV355Test.test_create_get_list_accept_volume_transfer [76.913772s] ... ok
{2} tempest.api.volume.test_volumes_clone_negative.VolumesCloneNegativeTest.test_create_from_volume_decreasing_size [39.444974s] ... ok
{0} tempest.api.volume.test_volume_transfers.VolumesTransfersV355Test.test_create_list_delete_volume_transfer [42.423945s] ... ok
{2} tempest.api.volume.test_volumes_negative.VolumesNegativeTest.test_attach_volumes_with_nonexistent_volume_id [4.883786s] ... ok
{2} tempest.api.volume.test_volumes_negative.VolumesNegativeTest.test_create_volume_from_deactivated_image [1.352108s] ... ok
{2} tempest.api.volume.test_volumes_negative.VolumesNegativeTest.test_create_volume_from_image_with_decreasing_size [1.016035s] ... ok
{2} tempest.api.volume.test_volumes_negative.VolumesNegativeTest.test_create_volume_with_invalid_size [0.009221s] ... ok
{2} tempest.api.volume.test_volumes_negative.VolumesNegativeTest.test_create_volume_with_nonexistent_snapshot_id [0.016861s] ... ok
{2} tempest.api.volume.test_volumes_negative.VolumesNegativeTest.test_create_volume_with_nonexistent_source_volid [0.015058s] ... ok
{2} tempest.api.volume.test_volumes_negative.VolumesNegativeTest.test_create_volume_with_nonexistent_volume_type [0.015220s] ... ok
{2} tempest.api.volume.test_volumes_negative.VolumesNegativeTest.test_create_volume_with_size_negative [0.008644s] ... ok
{2} tempest.api.volume.test_volumes_negative.VolumesNegativeTest.test_create_volume_with_size_zero [0.008124s] ... ok
{2} tempest.api.volume.test_volumes_negative.VolumesNegativeTest.test_create_volume_without_passing_size [0.008707s] ... ok
{2} tempest.api.volume.test_volumes_negative.VolumesNegativeTest.test_delete_invalid_volume_id [0.013528s] ... ok
{2} tempest.api.volume.test_volumes_negative.VolumesNegativeTest.test_delete_volume_without_passing_volume_id [0.006912s] ... ok
{2} tempest.api.volume.test_volumes_negative.VolumesNegativeTest.test_detach_volumes_with_invalid_volume_id [0.013378s] ... ok
{2} tempest.api.volume.test_volumes_negative.VolumesNegativeTest.test_get_invalid_volume_id [0.205240s] ... ok
{2} tempest.api.volume.test_volumes_negative.VolumesNegativeTest.test_get_volume_without_passing_volume_id [0.006079s] ... ok
{2} tempest.api.volume.test_volumes_negative.VolumesNegativeTest.test_list_volumes_detail_with_invalid_status [0.017646s] ... ok
{2} tempest.api.volume.test_volumes_negative.VolumesNegativeTest.test_list_volumes_detail_with_nonexistent_name [0.019328s] ... ok
{2} tempest.api.volume.test_volumes_negative.VolumesNegativeTest.test_list_volumes_with_invalid_status [0.012671s] ... ok
{2} tempest.api.volume.test_volumes_negative.VolumesNegativeTest.test_list_volumes_with_nonexistent_name [0.017602s] ... ok
{2} tempest.api.volume.test_volumes_negative.VolumesNegativeTest.test_reserve_volume_with_negative_volume_status [0.065166s] ... ok
{2} tempest.api.volume.test_volumes_negative.VolumesNegativeTest.test_reserve_volume_with_nonexistent_volume_id [0.016910s] ... ok
{2} tempest.api.volume.test_volumes_negative.VolumesNegativeTest.test_unreserve_volume_with_nonexistent_volume_id [0.012228s] ... ok
{2} tempest.api.volume.test_volumes_negative.VolumesNegativeTest.test_update_volume_with_empty_volume_id [0.006044s] ... ok
{2} tempest.api.volume.test_volumes_negative.VolumesNegativeTest.test_update_volume_with_invalid_volume_id [0.011630s] ... ok
{2} tempest.api.volume.test_volumes_negative.VolumesNegativeTest.test_update_volume_with_nonexistent_volume_id [0.012519s] ... ok
{2} tempest.api.volume.test_volumes_negative.VolumesNegativeTest.test_volume_delete_nonexistent_volume_id [0.012131s] ... ok
{2} tempest.api.volume.test_volumes_negative.VolumesNegativeTest.test_volume_extend_with_None_size [0.010116s] ... ok
{2} tempest.api.volume.test_volumes_negative.VolumesNegativeTest.test_volume_extend_with_non_number_size [0.006328s] ... ok
{2} tempest.api.volume.test_volumes_negative.VolumesNegativeTest.test_volume_extend_with_nonexistent_volume_id [0.009705s] ... ok
{2} tempest.api.volume.test_volumes_negative.VolumesNegativeTest.test_volume_extend_with_size_smaller_than_original_size [0.008063s] ... ok
{2} tempest.api.volume.test_volumes_negative.VolumesNegativeTest.test_volume_extend_without_passing_volume_id [0.012941s] ... ok
{2} tempest.api.volume.test_volumes_negative.VolumesNegativeTest.test_volume_get_nonexistent_volume_id [0.013128s] ... ok
{0} tempest.api.volume.test_volumes_actions.VolumesActionsTest.test_attach_detach_volume_to_instance [5.105445s] ... ok
{0} tempest.api.volume.test_volumes_actions.VolumesActionsTest.test_get_volume_attachment [6.366774s] ... ok
{0} tempest.api.volume.test_volumes_actions.VolumesActionsTest.test_reserve_unreserve_volume [0.095435s] ... ok
{0} tempest.api.volume.test_volumes_actions.VolumesActionsTest.test_volume_bootable [0.090454s] ... ok
{0} tempest.api.volume.test_volumes_actions.VolumesActionsTest.test_volume_readonly_update [0.099841s] ... ok
{3} tempest.api.volume.test_volumes_snapshots.VolumesSnapshotTestJSON.test_snapshot_create_offline_delete_online [155.613712s] ... ok
{1} cinder_tempest_plugin.api.volume.test_volume_dependency.VolumeImageDependencyTests.test_image_volume_dependencies_1 [75.671107s] ... ok
{0} tempest.api.volume.test_volumes_actions.VolumesActionsTest.test_volume_upload [120.228424s] ... ok
{3} tempest.api.volume.test_volumes_snapshots_list.VolumesSnapshotListTestJSON.test_snapshot_list_param_limit [0.035425s] ... ok
{1} cinder_tempest_plugin.api.volume.test_volume_dependency.VolumeImageDependencyTests.test_image_volume_dependencies_2 [80.682177s] ... ok
{3} tempest.api.volume.test_volumes_snapshots_list.VolumesSnapshotListTestJSON.test_snapshot_list_param_limit_equals_infinite [0.031821s] ... ok
{3} tempest.api.volume.test_volumes_snapshots_list.VolumesSnapshotListTestJSON.test_snapshot_list_param_limit_equals_zero [0.011693s] ... ok
{3} tempest.api.volume.test_volumes_snapshots_list.VolumesSnapshotListTestJSON.test_snapshot_list_param_marker [0.031149s] ... ok
{3} tempest.api.volume.test_volumes_snapshots_list.VolumesSnapshotListTestJSON.test_snapshot_list_param_offset [0.019467s] ... ok
{3} tempest.api.volume.test_volumes_snapshots_list.VolumesSnapshotListTestJSON.test_snapshot_list_param_sort_created_at_asc [0.021695s] ... ok
{3} tempest.api.volume.test_volumes_snapshots_list.VolumesSnapshotListTestJSON.test_snapshot_list_param_sort_created_at_desc [0.012149s] ... ok
{3} tempest.api.volume.test_volumes_snapshots_list.VolumesSnapshotListTestJSON.test_snapshot_list_param_sort_id_asc [0.018571s] ... ok
{3} tempest.api.volume.test_volumes_snapshots_list.VolumesSnapshotListTestJSON.test_snapshot_list_param_sort_id_desc [0.021120s] ... ok
{3} tempest.api.volume.test_volumes_snapshots_list.VolumesSnapshotListTestJSON.test_snapshot_list_param_sort_name_asc [0.020036s] ... ok
{3} tempest.api.volume.test_volumes_snapshots_list.VolumesSnapshotListTestJSON.test_snapshot_list_param_sort_name_desc [0.022138s] ... ok
{3} tempest.api.volume.test_volumes_snapshots_list.VolumesSnapshotListTestJSON.test_snapshots_list_details_with_params [0.056279s] ... ok
{3} tempest.api.volume.test_volumes_snapshots_list.VolumesSnapshotListTestJSON.test_snapshots_list_with_params [0.047252s] ... ok
{0} setUpClass (tempest.api.volume.test_volumes_backup.VolumesBackupsV39Test) ... SKIPPED: Cinder backup feature disabled
{2} tempest.scenario.test_server_volume_attachment.TestServerVolumeAttachmentScenario.test_server_detach_rules [127.620190s] ... ok
{2} setUpClass (cinder_tempest_plugin.api.volume.admin.test_volume_backup.VolumesBackupsTest) ... SKIPPED: Cinder backup feature disabled
{2} cinder_tempest_plugin.api.volume.test_multiple_volume_from_resource.CreateVolumesFromImageTest.test_create_from_image_multiple [38.888188s] ... ok
{3} tempest.api.volume.test_volumes_snapshots_negative.VolumesSnapshotNegativeTestJSON.test_create_snapshot_with_nonexistent_volume_id [0.133791s] ... ok
{3} tempest.api.volume.test_volumes_snapshots_negative.VolumesSnapshotNegativeTestJSON.test_create_snapshot_without_passing_volume_id [0.029733s] ... ok
{3} tempest.api.volume.test_volumes_snapshots_negative.VolumesSnapshotNegativeTestJSON.test_list_snapshot_invalid_param_limit [0.041061s] ... ok
{3} tempest.api.volume.test_volumes_snapshots_negative.VolumesSnapshotNegativeTestJSON.test_list_snapshots_invalid_param_marker [0.014654s] ... ok
{3} tempest.api.volume.test_volumes_snapshots_negative.VolumesSnapshotNegativeTestJSON.test_list_snapshots_invalid_param_sort [0.010081s] ... ok
{3} tempest.api.volume.test_volumes_snapshots_negative.VolumesSnapshotNegativeTestJSON.test_volume_from_snapshot_decreasing_size [77.116179s] ... ok
{3} setUpClass (tempest.scenario.test_encrypted_cinder_volumes.TestEncryptedCinderVolumes) ... SKIPPED: Encrypted volume attach is not supported
{1} cinder_tempest_plugin.api.volume.test_volume_dependency.VolumeImageDependencyTests.test_image_volume_dependencies_3 [152.524403s] ... ok
{2} setUpClass (cinder_tempest_plugin.api.volume.test_volume_backup.VolumesBackupsTest) ... SKIPPED: Cinder backup feature disabled
{0} tempest.scenario.test_minimum_basic.TestMinimumBasicScenario.test_minimum_basic_instance_hard_reboot_after_vol_snap_deletion [167.755334s] ... ok
{1} cinder_tempest_plugin.api.volume.test_volume_revert.VolumeRevertTests.test_volume_revert_to_snapshot [65.071690s] ... ok
{1} cinder_tempest_plugin.api.volume.test_volume_revert.VolumeRevertTests.test_volume_revert_to_snapshot_after_extended_negative [40.359530s] ... ok
{0} tempest.scenario.test_minimum_basic.TestMinimumBasicScenario.test_minimum_basic_scenario [108.686019s] ... ok
{2} cinder_tempest_plugin.api.volume.test_volume_dependency.VolumeDependencyTests.test_delete_dep_chain [153.894153s] ... ok
{3} tempest.scenario.test_shelve_instance.TestShelveInstance.test_shelve_volume_backed_instance [174.102197s] ... ok
{1} setUpClass (cinder_tempest_plugin.rbac.v3.test_backups.ProjectMemberTests39) ... SKIPPED: Cinder backup feature disabled
{1} cinder_tempest_plugin.rbac.v3.test_capabilities.ProjectAdminTests.test_get_capabilities [0.179748s] ... ok
{1} cinder_tempest_plugin.rbac.v3.test_capabilities.ProjectReaderTests.test_get_capabilities [0.209756s] ... ok
{1} cinder_tempest_plugin.rbac.v3.test_snapshots.ProjectMemberTests.test_create_snapshot [57.752904s] ... ok
{3} tempest.scenario.test_snapshots_with_add_location.TestImageHashVerification.test_volume_upload_image_hash_verification [71.632538s] ... ok
{3} cinder_tempest_plugin.api.volume.admin.test_consistencygroups.ConsistencyGroupsV2Test.test_consistencygroup_create_delete [19.626098s] ... ok
{3} setUpClass (cinder_tempest_plugin.api.volume.admin.test_volume_replication_negative.VolumeReplicationNegativeTest) ... SKIPPED: Volume replication feature disabled
{3} setUpClass (cinder_tempest_plugin.api.volume.test_multiple_volume_from_resource.CreateVolumesFromBackupTest) ... SKIPPED: Cinder backup feature disabled
{2} cinder_tempest_plugin.api.volume.test_volume_dependency.VolumeDependencyTests.test_delete_dep_chain_2 [143.069116s] ... ok
{1} cinder_tempest_plugin.rbac.v3.test_snapshots.ProjectMemberTests.test_delete_snapshot [78.104423s] ... ok
{3} cinder_tempest_plugin.api.volume.test_multiple_volume_from_resource.CreateVolumesFromSnapshotTest.test_create_multiple_volume_from_snapshot [72.748524s] ... ok
{0} tempest.scenario.test_volume_boot_pattern.TestVolumeBootPattern.test_bootable_volume_last_snapshot_delete_while_stopped [258.764589s] ... ok
{2} cinder_tempest_plugin.api.volume.test_volume_dependency.VolumeDependencyTests.test_delete_source_snapshot [94.717949s] ... ok
{1} cinder_tempest_plugin.rbac.v3.test_snapshots.ProjectMemberTests.test_force_delete_snapshot [90.381141s] ... ok
{2} cinder_tempest_plugin.api.volume.test_volume_dependency.VolumeDependencyTests.test_delete_source_volume [49.694862s] ... ok
{3} setUpClass (cinder_tempest_plugin.rbac.v3.test_backups.ProjectAdminTests33) ... SKIPPED: Cinder backup feature disabled
{3} cinder_tempest_plugin.rbac.v3.test_snapshots.ProjectReaderTests.test_create_snapshot ... SKIPPED: Skipped until bug: https://launchpad.net/bugs/2017108 is resolved.
{3} cinder_tempest_plugin.rbac.v3.test_snapshots.ProjectReaderTests.test_delete_snapshot ... SKIPPED: Skipped until bug: https://launchpad.net/bugs/2017108 is resolved.
{1} cinder_tempest_plugin.rbac.v3.test_snapshots.ProjectMemberTests.test_list_snapshots [107.866942s] ... ok
{1} cinder_tempest_plugin.rbac.v3.test_snapshots.ProjectMemberTests.test_manage_snapshot ... SKIPPED: manage snapshots are disabled
{2} cinder_tempest_plugin.api.volume.test_volume_unicode.CinderUnicodeTest.test_create_delete_unicode_volume_name [0.028193s] ... ok
{2} cinder_tempest_plugin.api.volume.test_volume_unicode.CinderUnicodeTest.test_snapshot_create_volume_description_non_ascii_code [37.096367s] ... ok
{1} cinder_tempest_plugin.rbac.v3.test_snapshots.ProjectMemberTests.test_reset_snapshot_status [70.932839s] ... ok
{3} cinder_tempest_plugin.rbac.v3.test_snapshots.ProjectReaderTests.test_force_delete_snapshot [102.869860s] ... ok
{2} setUpClass (cinder_tempest_plugin.rbac.v3.test_backups.ProjectReaderTests33) ... SKIPPED: Cinder backup feature disabled
{2} setUpClass (cinder_tempest_plugin.rbac.v3.test_backups.ProjectReaderTests39) ... SKIPPED: Cinder backup feature disabled
{2} cinder_tempest_plugin.rbac.v3.test_capabilities.ProjectMemberTests.test_get_capabilities [0.208355s] ... ok
{2} cinder_tempest_plugin.rbac.v3.test_volume_types.VolumeTypesAdminTests.test_create_encryption_type [0.049121s] ... ok
{2} cinder_tempest_plugin.rbac.v3.test_volume_types.VolumeTypesAdminTests.test_create_or_update_extra_specs_for_volume_type [0.085166s] ... ok
{2} cinder_tempest_plugin.rbac.v3.test_volume_types.VolumeTypesAdminTests.test_create_volume_type [0.048714s] ... ok
{2} cinder_tempest_plugin.rbac.v3.test_volume_types.VolumeTypesAdminTests.test_delete_encryption_type [0.068669s] ... ok
{2} cinder_tempest_plugin.rbac.v3.test_volume_types.VolumeTypesAdminTests.test_delete_extra_spec_for_volume_type [0.047060s] ... ok
{2} cinder_tempest_plugin.rbac.v3.test_volume_types.VolumeTypesAdminTests.test_delete_volume_type [0.059361s] ... ok
{2} cinder_tempest_plugin.rbac.v3.test_volume_types.VolumeTypesAdminTests.test_list_all_extra_specs_for_volume_type [0.011646s] ... ok
{2} cinder_tempest_plugin.rbac.v3.test_volume_types.VolumeTypesAdminTests.test_list_volume_types [0.022741s] ... ok
{2} cinder_tempest_plugin.rbac.v3.test_volume_types.VolumeTypesAdminTests.test_show_default_volume_type ... SKIPPED: Skipped until bug: https://launchpad.net/bugs/2016402 is resolved.
{2} cinder_tempest_plugin.rbac.v3.test_volume_types.VolumeTypesAdminTests.test_show_encryption_spec_item [0.015178s] ... ok
{2} cinder_tempest_plugin.rbac.v3.test_volume_types.VolumeTypesAdminTests.test_show_encryption_type [0.015497s] ... ok
{2} cinder_tempest_plugin.rbac.v3.test_volume_types.VolumeTypesAdminTests.test_show_extra_spec_for_volume_type [0.031012s] ... ok
{2} cinder_tempest_plugin.rbac.v3.test_volume_types.VolumeTypesAdminTests.test_show_volume_type_detail [0.010899s] ... ok
{2} cinder_tempest_plugin.rbac.v3.test_volume_types.VolumeTypesAdminTests.test_update_encryption_type [0.021477s] ... ok
{2} cinder_tempest_plugin.rbac.v3.test_volume_types.VolumeTypesAdminTests.test_update_extra_spec_for_volume_type [0.026466s] ... ok
{2} cinder_tempest_plugin.rbac.v3.test_volume_types.VolumeTypesAdminTests.test_update_volume_type [0.018846s] ... ok
{0} tempest.scenario.test_volume_boot_pattern.TestVolumeBootPattern.test_image_defined_boot_from_volume [297.881263s] ... ok
{1} cinder_tempest_plugin.rbac.v3.test_snapshots.ProjectMemberTests.test_show_snapshot [111.750855s] ... ok
{3} cinder_tempest_plugin.rbac.v3.test_snapshots.ProjectReaderTests.test_list_snapshots [97.319809s] ... ok
{3} cinder_tempest_plugin.rbac.v3.test_snapshots.ProjectReaderTests.test_manage_snapshot ... SKIPPED: manage snapshots are disabled
{2} cinder_tempest_plugin.scenario.test_snapshots.SnapshotDependencyTests.test_snapshot_removal [111.317090s] ... ok
{2} setUpClass (cinder_tempest_plugin.scenario.test_volume_encrypted.TestEncryptedCinderVolumes) ... SKIPPED: Encrypted volume attach is not supported
{1} cinder_tempest_plugin.rbac.v3.test_snapshots.ProjectMemberTests.test_unmanage_snapshot [69.823187s] ... ok
{3} cinder_tempest_plugin.rbac.v3.test_snapshots.ProjectReaderTests.test_reset_snapshot_status [71.932745s] ... ok
{1} cinder_tempest_plugin.rbac.v3.test_snapshots.ProjectMemberTests.test_update_snapshot [54.528437s] ... ok
{3} cinder_tempest_plugin.rbac.v3.test_snapshots.ProjectReaderTests.test_show_snapshot [69.817639s] ... ok
{1} cinder_tempest_plugin.rbac.v3.test_snapshots.ProjectMemberTests.test_update_snapshot_status [58.621536s] ... ok
{1} cinder_tempest_plugin.rbac.v3.test_user_messages.ProjectReaderTests.test_delete_message ... SKIPPED: Skipped until bug: https://launchpad.net/bugs/2009818 is resolved.
{1} cinder_tempest_plugin.rbac.v3.test_user_messages.ProjectReaderTests.test_list_messages [1.496071s] ... ok
{1} cinder_tempest_plugin.rbac.v3.test_user_messages.ProjectReaderTests.test_show_message [1.325615s] ... ok
{1} cinder_tempest_plugin.rbac.v3.test_volume_types.VolumeTypesMemberTests.test_create_encryption_type [0.097178s] ... ok
{1} cinder_tempest_plugin.rbac.v3.test_volume_types.VolumeTypesMemberTests.test_create_or_update_extra_specs_for_volume_type [0.039390s] ... ok
{1} cinder_tempest_plugin.rbac.v3.test_volume_types.VolumeTypesMemberTests.test_create_volume_type [0.009056s] ... ok
{1} cinder_tempest_plugin.rbac.v3.test_volume_types.VolumeTypesMemberTests.test_delete_encryption_type [0.058068s] ... ok
{1} cinder_tempest_plugin.rbac.v3.test_volume_types.VolumeTypesMemberTests.test_delete_extra_spec_for_volume_type [0.039581s] ... ok
{1} cinder_tempest_plugin.rbac.v3.test_volume_types.VolumeTypesMemberTests.test_delete_volume_type [0.029618s] ... ok
{1} cinder_tempest_plugin.rbac.v3.test_volume_types.VolumeTypesMemberTests.test_list_all_extra_specs_for_volume_type [0.013413s] ... ok
{1} cinder_tempest_plugin.rbac.v3.test_volume_types.VolumeTypesMemberTests.test_list_volume_types [0.026604s] ... ok
{1} cinder_tempest_plugin.rbac.v3.test_volume_types.VolumeTypesMemberTests.test_show_default_volume_type ... SKIPPED: Skipped until bug: https://launchpad.net/bugs/2016402 is resolved.
{1} cinder_tempest_plugin.rbac.v3.test_volume_types.VolumeTypesMemberTests.test_show_encryption_spec_item [0.009408s] ... ok
{1} cinder_tempest_plugin.rbac.v3.test_volume_types.VolumeTypesMemberTests.test_show_encryption_type [0.007902s] ... ok
{1} cinder_tempest_plugin.rbac.v3.test_volume_types.VolumeTypesMemberTests.test_show_extra_spec_for_volume_type [0.026816s] ... ok
{1} cinder_tempest_plugin.rbac.v3.test_volume_types.VolumeTypesMemberTests.test_show_volume_type_detail [0.015044s] ... ok
{1} cinder_tempest_plugin.rbac.v3.test_volume_types.VolumeTypesMemberTests.test_update_encryption_type [0.008996s] ... ok
{1} cinder_tempest_plugin.rbac.v3.test_volume_types.VolumeTypesMemberTests.test_update_extra_spec_for_volume_type [0.007779s] ... ok
{1} cinder_tempest_plugin.rbac.v3.test_volume_types.VolumeTypesMemberTests.test_update_volume_type [0.007987s] ... ok
{1} cinder_tempest_plugin.rbac.v3.test_volume_types.VolumeTypesReaderTests.test_create_encryption_type [0.101548s] ... ok
{1} cinder_tempest_plugin.rbac.v3.test_volume_types.VolumeTypesReaderTests.test_create_or_update_extra_specs_for_volume_type [0.043026s] ... ok
{1} cinder_tempest_plugin.rbac.v3.test_volume_types.VolumeTypesReaderTests.test_create_volume_type [0.009998s] ... ok
{1} cinder_tempest_plugin.rbac.v3.test_volume_types.VolumeTypesReaderTests.test_delete_encryption_type [0.046880s] ... ok
{1} cinder_tempest_plugin.rbac.v3.test_volume_types.VolumeTypesReaderTests.test_delete_extra_spec_for_volume_type [0.034603s] ... ok
{1} cinder_tempest_plugin.rbac.v3.test_volume_types.VolumeTypesReaderTests.test_delete_volume_type [0.028643s] ... ok
{1} cinder_tempest_plugin.rbac.v3.test_volume_types.VolumeTypesReaderTests.test_list_all_extra_specs_for_volume_type [0.011077s] ... ok
{1} cinder_tempest_plugin.rbac.v3.test_volume_types.VolumeTypesReaderTests.test_list_volume_types ... SKIPPED: Skipped until bug: https://launchpad.net/bugs/2016402 is resolved.
{1} cinder_tempest_plugin.rbac.v3.test_volume_types.VolumeTypesReaderTests.test_show_default_volume_type ... SKIPPED: Skipped until bug: https://launchpad.net/bugs/2016402 is resolved.
{1} cinder_tempest_plugin.rbac.v3.test_volume_types.VolumeTypesReaderTests.test_show_encryption_spec_item [0.007321s] ... ok
{1} cinder_tempest_plugin.rbac.v3.test_volume_types.VolumeTypesReaderTests.test_show_encryption_type [0.007116s] ... ok
{1} cinder_tempest_plugin.rbac.v3.test_volume_types.VolumeTypesReaderTests.test_show_extra_spec_for_volume_type [0.029888s] ... ok
{1} cinder_tempest_plugin.rbac.v3.test_volume_types.VolumeTypesReaderTests.test_show_volume_type_detail ... SKIPPED: Skipped until bug: https://launchpad.net/bugs/2016402 is resolved.
{1} cinder_tempest_plugin.rbac.v3.test_volume_types.VolumeTypesReaderTests.test_update_encryption_type [0.009523s] ... ok
{1} cinder_tempest_plugin.rbac.v3.test_volume_types.VolumeTypesReaderTests.test_update_extra_spec_for_volume_type [0.007918s] ... ok
{1} cinder_tempest_plugin.rbac.v3.test_volume_types.VolumeTypesReaderTests.test_update_volume_type [0.009864s] ... ok
{1} setUpClass (cinder_tempest_plugin.scenario.test_volume_replication.VolumeReplicationTest) ... SKIPPED: Volume replication feature disabled
{3} cinder_tempest_plugin.rbac.v3.test_snapshots.ProjectReaderTests.test_unmanage_snapshot [51.503933s] ... ok
{3} cinder_tempest_plugin.rbac.v3.test_snapshots.ProjectReaderTests.test_update_snapshot ... SKIPPED: Skipped until bug: https://launchpad.net/bugs/2017108 is resolved.
{3} cinder_tempest_plugin.rbac.v3.test_snapshots.ProjectReaderTests.test_update_snapshot_status ... SKIPPED: Skipped until bug: https://launchpad.net/bugs/2017108 is resolved.
{3} cinder_tempest_plugin.rbac.v3.test_user_messages.ProjectAdminTests.test_delete_message [1.379731s] ... ok
{3} cinder_tempest_plugin.rbac.v3.test_user_messages.ProjectAdminTests.test_list_messages [1.329307s] ... ok
{3} cinder_tempest_plugin.rbac.v3.test_user_messages.ProjectAdminTests.test_show_message [1.314226s] ... ok
{3} cinder_tempest_plugin.rbac.v3.test_volumes.ProjectReaderTests.test_create_volume ... SKIPPED: Skipped until bug: https://launchpad.net/bugs/2020113 is resolved.
{3} cinder_tempest_plugin.rbac.v3.test_volumes.ProjectReaderTests.test_delete_volume ... SKIPPED: Skipped until bug: https://launchpad.net/bugs/2020113 is resolved.
{3} cinder_tempest_plugin.rbac.v3.test_volumes.ProjectReaderTests.test_list_volumes [19.900442s] ... ok
{3} cinder_tempest_plugin.rbac.v3.test_volumes.ProjectReaderTests.test_list_volumes_detail [37.199501s] ... ok
{3} cinder_tempest_plugin.rbac.v3.test_volumes.ProjectReaderTests.test_set_bootable_volume ... SKIPPED: Skipped until bug: https://launchpad.net/bugs/2020113 is resolved.
{0} tempest.scenario.test_volume_boot_pattern.TestVolumeBootPattern.test_volume_boot_pattern [267.379182s] ... ok
{0} setUpClass (tempest.scenario.test_volume_migrate_attached.TestVolumeMigrateRetypeAttached) ... SKIPPED: Cinder multi-backend feature disabled
{0} setUpClass (cinder_tempest_plugin.api.volume.admin.test_volume_replication.VolumeReplicationTest) ... SKIPPED: Volume replication feature disabled
{0} setUpClass (cinder_tempest_plugin.rbac.v3.test_backups.ProjectAdminTests39) ... SKIPPED: Cinder backup feature disabled
{0} setUpClass (cinder_tempest_plugin.rbac.v3.test_backups.ProjectMemberTests33) ... SKIPPED: Cinder backup feature disabled
{0} cinder_tempest_plugin.rbac.v3.test_user_messages.ProjectMemberTests.test_delete_message [1.487911s] ... ok
{0} cinder_tempest_plugin.rbac.v3.test_user_messages.ProjectMemberTests.test_list_messages [1.316080s] ... ok
{0} cinder_tempest_plugin.rbac.v3.test_user_messages.ProjectMemberTests.test_show_message [1.328694s] ... ok
{0} cinder_tempest_plugin.rbac.v3.test_volume_actions.ProjectReaderTests.test_extend_volume ... SKIPPED: Skipped until bug: https://launchpad.net/bugs/2020261 is resolved.
{3} cinder_tempest_plugin.rbac.v3.test_volumes.ProjectReaderTests.test_show_volume [29.000761s] ... ok
{0} cinder_tempest_plugin.rbac.v3.test_volume_actions.ProjectReaderTests.test_force_delete_volume [47.654794s] ... ok
{0} cinder_tempest_plugin.rbac.v3.test_volume_actions.ProjectReaderTests.test_reserve_volume ... SKIPPED: Skipped until bug: https://launchpad.net/bugs/2020261 is resolved.
{3} cinder_tempest_plugin.rbac.v3.test_volumes.ProjectReaderTests.test_show_volume_summary [32.080805s] ... ok
{3} cinder_tempest_plugin.rbac.v3.test_volumes.ProjectReaderTests.test_update_volume ... SKIPPED: Skipped until bug: https://launchpad.net/bugs/2020113 is resolved.
{3} setUpClass (cinder_tempest_plugin.scenario.test_encrypted_volume_transfer.TransferEncryptedVolumeTest) ... SKIPPED: Encrypted volume attach is not supported
{3} setUpClass (cinder_tempest_plugin.scenario.test_volume_concurrency.ConcurrentVolumeActionsTest) ... SKIPPED: Concurrency tests are disabled.
{0} cinder_tempest_plugin.rbac.v3.test_volume_actions.ProjectReaderTests.test_reset_volume_status [30.033576s] ... ok
{0} cinder_tempest_plugin.rbac.v3.test_volume_actions.ProjectReaderTests.test_retype_volume ... SKIPPED: Skipped until bug: https://launchpad.net/bugs/2020261 is resolved.
{0} cinder_tempest_plugin.rbac.v3.test_volume_actions.ProjectReaderTests.test_unreserve_volume ... SKIPPED: Skipped until bug: https://launchpad.net/bugs/2020261 is resolved.
{0} cinder_tempest_plugin.rbac.v3.test_volume_actions.ProjectReaderTests.test_update_volume_readonly ... SKIPPED: Skipped until bug: https://launchpad.net/bugs/2020261 is resolved.

======
Totals
======
Ran: 385 tests in 3138.0908 sec.
 - Passed: 331
 - Skipped: 54
 - Expected Fail: 0
 - Unexpected Success: 0
 - Failed: 0
Sum of execute time for each test: 9323.6037 sec.

==============
Worker Balance
==============
 - Worker 0 (62 tests) => 0:52:11.936369
 - Worker 1 (91 tests) => 0:49:39.679973
 - Worker 2 (106 tests) => 0:46:53.484644
 - Worker 3 (126 tests) => 0:51:51.069266
___________________________________ summary ____________________________________
  all: commands succeeded
  congratulations :)
commit_id: 5ffe35778
2026/09/26 10:52:56
