1cccfb5f8 Improve volume delete error message
2026/10/07 01:20:30
all develop-inst-nodeps: /opt/stack/tempest
all installed: attrs==26.1.0,autopage==0.6.0,bcrypt==5.0.0,certifi==2026.7.22,cffi==2.1.1,charset-normalizer==3.5.1,cinder-tempest-plugin @ git+https://opendev.org/openstack/cinder-tempest-plugin.git@d4894b4df9916d5f7b1968a4e3093f40af4eed44,cliff==4.16.0,cmd2==4.2.4,cryptography==50.0.1,debtcollector==3.1.0,defusedxml==0.7.1,fasteners==0.20,fixtures==4.3.2,idna==3.20,invoke==3.0.3,iso8601==2.1.0,jsonschema==4.26.0,jsonschema-specifications==2025.9.1,markdown-it-py==4.2.0,mdurl==0.1.2,msgpack==1.2.2,netaddr==1.3.0,oslo.concurrency==7.6.1,oslo.config==10.7.0,oslo.context==6.5.0,oslo.i18n==6.9.0,oslo.log==8.3.2,oslo.serialization==5.11.0,oslo.utils==10.2.0,packaging==26.3,paramiko==5.0.0,pbr==7.0.3,prettytable==3.18.0,prompt_toolkit==3.0.53,psutil==7.2.2,pycparser==3.0,Pygments==2.21.0,PyNaCl==1.6.2,pyparsing==3.3.2,pyperclip==1.11.0,python-dateutil==2.9.0.post0,python-subunit==1.4.6,PyYAML==6.0.3,referencing==0.37.0,requests==2.34.2,rfc3986==2.0.0,rich==15.0.0,rich-argparse==1.8.0,rpds-py==2026.6.3,setuptools==84.0.0,six==1.17.0,stestr==4.2.1,stevedore==5.9.1,-e git+https://opendev.org/openstack/tempest.git@911dc91ed43e2df794a60c2d1c5934d4d63a18c1#egg=tempest,testscenarios==0.7.0,testtools==2.9.1,tomlkit==0.15.1,typing_extensions==4.16.0,urllib3==2.8.0,voluptuous==0.16.0,wcwidth==0.9.1,wrapt==2.4.1
all run-test-pre: PYTHONHASHSEED='1940165857'
all run-test: commands[0] | find . -type f -name '*.pyc' -delete
all run-test: commands[1] | tempest run --regex '^(?=.*volume|.*cinder_tempest_plugin).*' --concurrency=4 --exclude-list /opt/stack/tempest/exclude_testcases_fc.txt
{0} setUpClass (tempest.api.compute.admin.test_live_migration.LiveMigrationTest) ... SKIPPED: LiveMigrationTest skipped as live-migration is not available
{0} setUpClass (tempest.api.compute.admin.test_live_migration.LiveMigrationWithoutHostTest) ... SKIPPED: LiveMigrationWithoutHostTest skipped as live-migration is not available
{3} tempest.api.compute.admin.test_volume_swap.TestVolumeSwap.test_volume_swap ... SKIPPED: Skipped until bug: https://launchpad.net/bugs/2112187 is resolved.
{2} tempest.api.compute.admin.test_volume.AttachSCSIVolumeTestJSON.test_attach_scsi_disk_with_config_drive [55.634895s] ... ok
{0} tempest.api.compute.servers.test_device_tagging.TaggedAttachmentsTest.test_tagged_attachment [58.767261s] ... ok
{1} tempest.api.compute.admin.test_assisted_volume_snapshots.VolumesAssistedSnapshotsTest.test_volume_assisted_snapshot_create_delete [78.008012s] ... ok
{1} setUpClass (tempest.api.compute.admin.test_live_migration.LiveAutoBlockMigrationV225Test) ... SKIPPED: LiveAutoBlockMigrationV225Test skipped as live-migration is not available
{1} tempest.api.compute.admin.test_volumes_negative.UpdateMultiattachVolumeNegativeTest.test_multiattach_rw_volume_update_failure ... SKIPPED: Skipped until bug: https://launchpad.net/bugs/2112187 is resolved.
{1} tempest.api.compute.admin.test_volumes_negative.VolumesAdminNegativeTest.test_update_attached_volume_with_nonexistent_volume_in_body ... SKIPPED: Skipped until bug: https://launchpad.net/bugs/2112187 is resolved.
{1} tempest.api.compute.admin.test_volumes_negative.VolumesAdminNegativeTest.test_update_attached_volume_with_nonexistent_volume_in_uri [25.705936s] ... ok
{3} tempest.api.compute.servers.test_server_actions.ServerActionsV293TestJSON.test_rebuild_volume_backed_server [83.389119s] ... ok
{1} tempest.api.compute.servers.test_delete_server.DeleteServersTestJSON.test_delete_server_while_in_attached_volume [31.500032s] ... ok
{3} tempest.api.compute.volumes.test_volumes_list.VolumesTestJSON.test_volume_list [0.181674s] ... ok
{3} tempest.api.compute.volumes.test_volumes_list.VolumesTestJSON.test_volume_list_param_limit [0.054270s] ... ok
{3} tempest.api.compute.volumes.test_volumes_list.VolumesTestJSON.test_volume_list_param_offset_and_limit [0.107301s] ... ok
{3} tempest.api.compute.volumes.test_volumes_list.VolumesTestJSON.test_volume_list_with_detail_param_limit [0.034211s] ... ok
{3} tempest.api.compute.volumes.test_volumes_list.VolumesTestJSON.test_volume_list_with_detail_param_offset_and_limit [0.062529s] ... ok
{3} tempest.api.compute.volumes.test_volumes_list.VolumesTestJSON.test_volume_list_with_details [0.030792s] ... ok
{2} tempest.api.compute.servers.test_server_actions.ServerActionsTestOtherA.test_rebuild_server_with_volume_attached [79.396386s] ... ok
{3} tempest.api.compute.volumes.test_volumes_negative.VolumesNegativeTest.test_create_volume_with_invalid_size [0.165594s] ... ok
{3} tempest.api.compute.volumes.test_volumes_negative.VolumesNegativeTest.test_create_volume_with_size_zero [0.011721s] ... ok
{3} tempest.api.compute.volumes.test_volumes_negative.VolumesNegativeTest.test_create_volume_without_passing_size [0.008951s] ... ok
{3} tempest.api.compute.volumes.test_volumes_negative.VolumesNegativeTest.test_delete_invalid_volume_id [0.023959s] ... ok
{3} tempest.api.compute.volumes.test_volumes_negative.VolumesNegativeTest.test_delete_volume_without_passing_volume_id [0.006410s] ... ok
{3} tempest.api.compute.volumes.test_volumes_negative.VolumesNegativeTest.test_get_volume_without_passing_volume_id [0.035910s] ... ok
{3} tempest.api.compute.volumes.test_volumes_negative.VolumesNegativeTest.test_volume_delete_nonexistent_volume_id [0.024343s] ... ok
{3} tempest.api.compute.volumes.test_volumes_negative.VolumesNegativeTest.test_volume_get_nonexistent_volume_id [0.026414s] ... ok
{3} setUpClass (tempest.api.volume.admin.test_multi_backend.VolumeMultiBackendTest) ... SKIPPED: Cinder multi-backend feature disabled
{0} tempest.api.compute.servers.test_device_tagging.TaggedBootDevicesTest.test_tagged_boot_devices [132.664100s] ... ok
{3} tempest.api.volume.admin.test_qos.QosSpecsTestJSON.test_associate_disassociate_qos [0.405184s] ... ok
{3} tempest.api.volume.admin.test_qos.QosSpecsTestJSON.test_create_delete_qos_with_back_end_consumer [0.092113s] ... ok
{3} tempest.api.volume.admin.test_qos.QosSpecsTestJSON.test_create_delete_qos_with_both_consumer [0.097086s] ... ok
{3} tempest.api.volume.admin.test_qos.QosSpecsTestJSON.test_create_delete_qos_with_front_end_consumer [0.094270s] ... ok
{3} tempest.api.volume.admin.test_qos.QosSpecsTestJSON.test_get_qos [0.012179s] ... ok
{3} tempest.api.volume.admin.test_qos.QosSpecsTestJSON.test_list_qos [0.013253s] ... ok
{3} tempest.api.volume.admin.test_qos.QosSpecsTestJSON.test_set_unset_qos_key [0.085946s] ... ok
{3} setUpClass (tempest.api.volume.admin.test_snapshot_manage.SnapshotManageAdminTest) ... SKIPPED: Manage snapshot tests are disabled
{3} tempest.api.volume.admin.test_user_messages.UserMessagesTest.test_delete_message [1.587377s] ... ok
{3} tempest.api.volume.admin.test_user_messages.UserMessagesTest.test_list_show_messages [1.392214s] ... ok
{3} tempest.api.volume.admin.test_volume_hosts.VolumeHostsAdminTestsJSON.test_list_hosts [0.135725s] ... ok
{3} tempest.api.volume.admin.test_volume_hosts.VolumeHostsAdminTestsJSON.test_show_host [0.062442s] ... ok
{3} tempest.api.volume.admin.test_volume_pools.VolumePoolsAdminTestsJSON.test_get_pools_with_details [0.154098s] ... ok
{3} tempest.api.volume.admin.test_volume_pools.VolumePoolsAdminTestsJSON.test_get_pools_without_details [0.020344s] ... ok
{3} setUpClass (tempest.api.volume.admin.test_volume_retype.VolumeRetypeWithMigrationTest) ... SKIPPED: Cinder multi-backend feature disabled
{3} tempest.api.volume.admin.test_volume_services.VolumesServicesTestJSON.test_get_service_by_host_name [0.015339s] ... ok
{3} tempest.api.volume.admin.test_volume_services.VolumesServicesTestJSON.test_get_service_by_service_and_host_name [0.015046s] ... ok
{3} tempest.api.volume.admin.test_volume_services.VolumesServicesTestJSON.test_get_service_by_service_binary_name [0.013159s] ... ok
{1} tempest.api.compute.servers.test_server_rescue.ServerBootFromVolumeStableRescueTest.test_stable_device_rescue_bfv_blank_volume [58.670508s] ... ok
{3} tempest.api.volume.admin.test_volume_services.VolumesServicesTestJSON.test_get_service_by_volume_host_name [22.934201s] ... ok
{3} tempest.api.volume.admin.test_volume_services.VolumesServicesTestJSON.test_list_services [0.013995s] ... ok
{3} tempest.api.volume.admin.test_volume_types.VolumeTypesTest.test_volume_type_create_get_delete [0.222268s] ... ok
{3} tempest.api.volume.admin.test_volume_types.VolumeTypesTest.test_volume_type_encryption_create_get_update_delete [0.240833s] ... ok
{3} tempest.api.volume.admin.test_volume_types.VolumeTypesTest.test_volume_type_list [0.020058s] ... ok
{3} tempest.api.volume.admin.test_volume_types.VolumeTypesTest.test_volume_type_update [0.117900s] ... ok
{2} tempest.api.compute.servers.test_server_actions.ServerActionsTestOtherA.test_resize_volume_backed_server_confirm [85.699851s] ... ok
{1} tempest.api.compute.servers.test_server_rescue.ServerBootFromVolumeStableRescueTest.test_stable_device_rescue_bfv_image_volume [79.612923s] ... ok
{3} tempest.api.volume.admin.test_volumes_list.VolumesListAdminTestJSON.test_volume_list_param_tenant [25.936408s] ... ok
{3} tempest.api.volume.test_availability_zone.AvailabilityZoneTestJSON.test_get_availability_zone_list [0.110505s] ... ok
{2} tempest.api.compute.volumes.test_attach_volume.AttachVolumeShelveTestJSON.test_attach_volume_shelved_or_offload_server [104.547471s] ... ok
{0} tempest.api.compute.servers.test_device_tagging.TaggedBootDevicesTest_v242.test_tagged_boot_devices [148.834176s] ... ok
{1} tempest.api.compute.servers.test_server_rescue.ServerStableDeviceRescueTest.test_stable_device_rescue_disk_virtio_with_volume_attached [75.304187s] ... ok
{3} tempest.api.volume.test_image_metadata.VolumesImageMetadata.test_update_show_delete_image_metadata [0.192191s] ... ok
{1} tempest.api.compute.servers.test_server_rescue_negative.ServerRescueNegativeTestJSON.test_rescued_vm_attach_volume [17.258838s] ... ok
{3} tempest.api.volume.test_volume_transfers.VolumesTransfersTest.test_create_get_list_accept_volume_transfer [36.812356s] ... ok
{2} tempest.api.compute.volumes.test_attach_volume.AttachVolumeShelveTestJSON.test_detach_volume_shelved_or_offload_server [86.144430s] ... ok
{3} tempest.api.volume.test_volume_transfers.VolumesTransfersTest.test_create_list_delete_volume_transfer [36.321010s] ... ok
{3} setUpClass (tempest.api.volume.test_volumes_backup.VolumesBackupsV39Test) ... SKIPPED: Cinder backup feature disabled
{2} tempest.api.volume.admin.test_group_type_specs.GroupTypeSpecsTest.test_group_type_specs_create_show_update_list_delete [0.369669s] ... ok
{0} tempest.api.compute.servers.test_server_actions.ServerActionsTestOtherB.test_resize_server_revert_with_volume_attached [57.176545s] ... ok
{2} tempest.api.volume.admin.test_groups.GroupsTest.test_group_create_show_list_delete [22.280382s] ... ok
{1} tempest.api.compute.servers.test_server_rescue_negative.ServerRescueNegativeTestJSON.test_rescued_vm_detach_volume [98.184831s] ... ok
{2} tempest.api.volume.admin.test_groups.GroupsTest.test_group_update [29.852124s] ... ok
{0} tempest.api.compute.servers.test_servers_negative.ServersNegativeTestJSON.test_create_server_from_non_bootable_volume [33.453567s] ... ok
{0} tempest.api.compute.servers.test_servers_negative.ServersNegativeTestJSON.test_create_server_invalid_bdm_in_2nd_dict [25.110078s] ... ok
{2} tempest.api.volume.admin.test_snapshots_actions.SnapshotsActionsTest.test_reset_snapshot_status [0.345577s] ... ok
{3} tempest.api.volume.test_volumes_extend.VolumesExtendAttachedTest.test_extend_attached_volume [95.647741s] ... ok
{0} tempest.api.compute.volumes.test_attach_volume.AttachVolumeMultiAttachTest.test_boot_with_multiattach_volume_direct_lun ... SKIPPED: hw_scsi_model=virtio-scsi not set on image
{2} tempest.api.volume.admin.test_snapshots_actions.SnapshotsActionsTest.test_snapshot_force_delete_when_snapshot_is_creating [29.695999s] ... ok
{2} tempest.api.volume.admin.test_snapshots_actions.SnapshotsActionsTest.test_snapshot_force_delete_when_snapshot_is_deleting [22.594186s] ... ok
{3} tempest.api.volume.test_volumes_extend.VolumesExtendTest.test_volume_extend [58.238461s] ... ok
{2} tempest.api.volume.admin.test_snapshots_actions.SnapshotsActionsTest.test_snapshot_force_delete_when_snapshot_is_error [28.692313s] ... ok
{0} tempest.api.compute.volumes.test_volume_snapshots.VolumesSnapshotsTestJSON.test_volume_snapshot_create_get_list_delete [69.932380s] ... ok
{0} tempest.api.compute.volumes.test_volumes_get.VolumesGetTestJSON.test_volume_create_get_delete [13.896272s] ... ok
{0} setUpClass (tempest.api.volume.admin.test_encrypted_volumes_extend.EncryptedVolumesExtendAttachedTest) ... SKIPPED: Attached encrypted volume extend is disabled.
{0} tempest.api.volume.admin.test_volume_services_negative.VolumeServicesNegativeTest.test_disable_log_reason_with_no_reason [0.008844s] ... ok
{0} tempest.api.volume.admin.test_volume_services_negative.VolumeServicesNegativeTest.test_disable_service_with_invalid_binary [0.012709s] ... ok
{0} tempest.api.volume.admin.test_volume_services_negative.VolumeServicesNegativeTest.test_enable_service_with_invalid_host [0.015521s] ... ok
{0} tempest.api.volume.admin.test_volume_services_negative.VolumeServicesNegativeTest.test_freeze_host_with_invalid_host [0.016775s] ... ok
{0} tempest.api.volume.admin.test_volume_services_negative.VolumeServicesNegativeTest.test_thaw_host_with_invalid_host [0.015665s] ... ok
{1} tempest.api.compute.volumes.test_attach_volume.AttachVolumeTestJSON.test_attach_detach_volume [112.545622s] ... ok
{2} tempest.api.volume.admin.test_snapshots_actions.SnapshotsActionsTest.test_snapshot_force_delete_when_snapshot_is_error_deleting [25.612900s] ... ok
{2} tempest.api.volume.admin.test_snapshots_actions.SnapshotsActionsTest.test_update_snapshot_status [0.106886s] ... ok
{3} tempest.api.volume.test_volumes_extend.VolumesExtendTest.test_volume_extend_when_volume_has_snapshot [51.608354s] ... ok
{0} tempest.api.volume.admin.test_volume_type_access.VolumeTypesAccessTest.test_volume_type_access_add [9.735206s] ... ok
{0} tempest.api.volume.admin.test_volume_type_access.VolumeTypesAccessTest.test_volume_type_access_list [0.163432s] ... ok
{0} tempest.api.volume.admin.test_volume_types_negative.VolumeTypesNegativeTest.test_create_volume_type_encryption_nonexistent_type_id [0.131224s] ... ok
{0} tempest.api.volume.admin.test_volume_types_negative.VolumeTypesNegativeTest.test_create_volume_with_private_volume_type [0.126554s] ... ok
{0} tempest.api.volume.admin.test_volume_types_negative.VolumeTypesNegativeTest.test_create_with_empty_name [0.007185s] ... ok
{0} tempest.api.volume.admin.test_volume_types_negative.VolumeTypesNegativeTest.test_create_with_repeated_name [0.070949s] ... ok
{0} tempest.api.volume.admin.test_volume_types_negative.VolumeTypesNegativeTest.test_delete_nonexistent_type_id [0.011426s] ... ok
{0} tempest.api.volume.admin.test_volume_types_negative.VolumeTypesNegativeTest.test_get_nonexistent_type_id [0.012020s] ... ok
{2} tempest.api.volume.admin.test_volume_quota_classes.VolumeQuotaClassesTest.test_show_default_quota [0.142288s] ... ok
{2} tempest.api.volume.admin.test_volume_quota_classes.VolumeQuotaClassesTest.test_update_default_quota [0.474298s] ... ok
{2} tempest.api.volume.admin.test_volume_quotas.VolumeQuotasAdminTestJSON.test_delete_quota [0.199685s] ... ok
{2} tempest.api.volume.admin.test_volume_quotas.VolumeQuotasAdminTestJSON.test_list_default_quotas [0.021010s] ... ok
{2} tempest.api.volume.admin.test_volume_quotas.VolumeQuotasAdminTestJSON.test_list_quotas [0.027967s] ... ok
{0} tempest.api.volume.admin.test_volumes_actions.VolumesActionsTest.test_force_detach_volume [32.782373s] ... ok
{2} tempest.api.volume.admin.test_volume_quotas.VolumeQuotasAdminTestJSON.test_quota_usage [46.577914s] ... ok
{3} tempest.api.volume.test_volumes_list.VolumesListTestJSON.test_volume_list [0.024273s] ... ok
{3} tempest.api.volume.test_volumes_list.VolumesListTestJSON.test_volume_list_by_name [0.027512s] ... ok
{3} tempest.api.volume.test_volumes_list.VolumesListTestJSON.test_volume_list_details_by_name [0.036957s] ... ok
{3} tempest.api.volume.test_volumes_list.VolumesListTestJSON.test_volume_list_details_pagination [0.129271s] ... ok
{3} tempest.api.volume.test_volumes_list.VolumesListTestJSON.test_volume_list_details_with_multiple_params [0.067244s] ... ok
{3} tempest.api.volume.test_volumes_list.VolumesListTestJSON.test_volume_list_pagination [0.086170s] ... ok
{3} tempest.api.volume.test_volumes_list.VolumesListTestJSON.test_volume_list_param_display_name_and_status [0.025957s] ... ok
{3} tempest.api.volume.test_volumes_list.VolumesListTestJSON.test_volume_list_with_detail_param_display_name_and_status [0.033578s] ... ok
{3} tempest.api.volume.test_volumes_list.VolumesListTestJSON.test_volume_list_with_detail_param_marker [0.032175s] ... ok
{3} tempest.api.volume.test_volumes_list.VolumesListTestJSON.test_volume_list_with_detail_param_metadata [0.042027s] ... ok
{3} tempest.api.volume.test_volumes_list.VolumesListTestJSON.test_volume_list_with_details [0.025460s] ... ok
{3} tempest.api.volume.test_volumes_list.VolumesListTestJSON.test_volume_list_with_param_metadata [0.017760s] ... ok
{3} tempest.api.volume.test_volumes_list.VolumesListTestJSON.test_volumes_list_by_availability_zone [0.042951s] ... ok
{3} tempest.api.volume.test_volumes_list.VolumesListTestJSON.test_volumes_list_by_bootable [0.049302s] ... ok
{3} tempest.api.volume.test_volumes_list.VolumesListTestJSON.test_volumes_list_by_status [0.055648s] ... ok
{3} tempest.api.volume.test_volumes_list.VolumesListTestJSON.test_volumes_list_details_by_availability_zone [0.035591s] ... ok
{3} tempest.api.volume.test_volumes_list.VolumesListTestJSON.test_volumes_list_details_by_bootable [0.024477s] ... ok
{3} tempest.api.volume.test_volumes_list.VolumesListTestJSON.test_volumes_list_details_by_status [0.020609s] ... ok
{0} tempest.api.volume.admin.test_volumes_actions.VolumesActionsTest.test_volume_force_delete_when_volume_is_attaching [39.276284s] ... ok
{1} tempest.api.compute.volumes.test_attach_volume.AttachVolumeTestJSON.test_list_get_volume_attachments [97.971776s] ... ok
{2} tempest.api.volume.admin.test_volume_quotas.VolumeQuotasAdminTestJSON.test_quota_usage_after_volume_transfer [49.940769s] ... ok
{2} tempest.api.volume.admin.test_volume_quotas.VolumeQuotasAdminTestJSON.test_show_quota_usage [0.025766s] ... ok
{2} tempest.api.volume.admin.test_volume_quotas.VolumeQuotasAdminTestJSON.test_update_all_quota_resources_for_tenant [0.158475s] ... ok
{0} tempest.api.volume.admin.test_volumes_actions.VolumesActionsTest.test_volume_force_delete_when_volume_is_creating [49.592428s] ... ok
{2} tempest.api.volume.admin.test_volume_quotas_negative.VolumeQuotasNegativeTestJSON.test_quota_volume_gigabytes [0.131599s] ... ok
{2} tempest.api.volume.admin.test_volume_quotas_negative.VolumeQuotasNegativeTestJSON.test_quota_volumes [0.126661s] ... ok
{2} tempest.api.volume.admin.test_volume_quotas_negative.VolumeQuotasNegativeTestJSON.test_volume_extend_gigabytes_quota_deviation [0.105364s] ... ok
{2} tempest.api.volume.admin.test_volume_retype.VolumeRetypeWithoutMigrationTest.test_available_volume_retype [12.813920s] ... ok
{0} tempest.api.volume.admin.test_volumes_actions.VolumesActionsTest.test_volume_force_delete_when_volume_is_error [36.227424s] ... ok
{3} tempest.scenario.test_server_volume_attachment.TestServerVolumeAttachScenarioOldVersion.test_old_versions_reject [71.178417s] ... ok
{2} tempest.api.volume.admin.test_volume_snapshot_quotas_negative.VolumeSnapshotQuotasNegativeTestJSON.test_quota_volume_gigabytes_snapshots [0.141841s] ... ok
{2} tempest.api.volume.admin.test_volume_snapshot_quotas_negative.VolumeSnapshotQuotasNegativeTestJSON.test_quota_volume_snapshots [0.036799s] ... ok
{0} tempest.api.volume.admin.test_volumes_actions.VolumesActionsTest.test_volume_force_delete_when_volume_is_maintenance [46.505700s] ... ok
{2} tempest.api.volume.test_versions.VersionsTest.test_list_versions [0.008379s] ... ok
{2} tempest.api.volume.test_versions.VersionsTest.test_show_version [0.115969s] ... ok
{1} tempest.api.compute.volumes.test_attach_volume_negative.AttachVolumeNegativeTest.test_attach_attached_volume_to_different_server [97.562173s] ... ok
{0} tempest.api.volume.admin.test_volumes_actions.VolumesActionsTest.test_volume_reset_status [36.377540s] ... ok
{0} setUpClass (tempest.api.volume.admin.test_volumes_backup.VolumesBackupsAdminTest) ... SKIPPED: Cinder backup feature disabled
{3} tempest.scenario.test_snapshots_with_add_location.TestImageHashVerification.test_volume_upload_image_hash_verification [63.525097s] ... ok
{0} tempest.api.volume.test_volume_absolute_limits.AbsoluteLimitsTests.test_get_volume_absolute_limits [0.081980s] ... ok
{1} tempest.api.compute.volumes.test_attach_volume_negative.AttachVolumeNegativeTest.test_attach_attached_volume_to_same_server [64.535900s] ... ok
{2} tempest.api.volume.test_volume_delete_cascade.VolumesDeleteCascade.test_volume_delete_cascade [106.174361s] ... ok
{0} tempest.api.volume.test_volumes_get.VolumesGetTest.test_volume_create_get_update_delete [67.390439s] ... ok
{1} tempest.api.compute.volumes.test_attach_volume_negative.AttachVolumeNegativeTest.test_delete_attached_volume [60.814170s] ... ok
{2} tempest.api.volume.test_volume_delete_cascade.VolumesDeleteCascade.test_volume_from_snapshot_cascade_delete [85.588111s] ... ok
{1} tempest.api.volume.admin.test_backends_capabilities.BackendsCapabilitiesAdminTestsJSON.test_compare_volume_stats_values [0.042552s] ... ok
{1} tempest.api.volume.admin.test_backends_capabilities.BackendsCapabilitiesAdminTestsJSON.test_get_capabilities_backend [0.018224s] ... ok
{3} tempest.scenario.test_volume_boot_pattern.TestVolumeBootPattern.test_bootable_volume_last_snapshot_delete_while_stopped [166.694754s] ... ok
{1} tempest.api.volume.admin.test_group_types.GroupTypesTest.test_group_type_create_list_update_show_delete [0.236418s] ... ok
{1} tempest.api.volume.admin.test_group_types.GroupTypesTest.test_group_type_list_by_optional_params [0.134912s] ... ok
{1} tempest.api.volume.admin.test_groups.GroupsV320Test.test_reset_group_status [2.641524s] ... ok
{0} tempest.api.volume.test_volumes_get.VolumesGetTest.test_volume_create_get_update_delete_as_clone [101.540085s] ... ok
{2} tempest.api.volume.test_volume_metadata.VolumesMetadataTest.test_crud_volume_metadata [0.232812s] ... ok
{2} tempest.api.volume.test_volume_metadata.VolumesMetadataTest.test_update_show_volume_metadata_item [0.111950s] ... ok
{2} tempest.api.volume.test_volume_transfers.VolumesTransfersV357Test.test_create_get_list_accept_volume_transfer [38.888808s] ... ok
{2} tempest.api.volume.test_volume_transfers.VolumesTransfersV357Test.test_create_list_delete_volume_transfer [44.532955s] ... ok
{0} tempest.api.volume.test_volumes_get.VolumesGetTest.test_volume_create_get_update_delete_from_image [115.932892s] ... ok
{1} tempest.api.volume.admin.test_volume_manage.VolumeManageAdminTest.test_unmanage_manage_volume [133.158585s] ... ok
{1} tempest.api.volume.admin.test_volume_types_extra_specs.VolumeTypesExtraSpecsTest.test_volume_type_extra_spec_create_get_delete [0.089158s] ... ok
{1} tempest.api.volume.admin.test_volume_types_extra_specs.VolumeTypesExtraSpecsTest.test_volume_type_extra_specs_list [0.039419s] ... ok
{1} tempest.api.volume.admin.test_volume_types_extra_specs.VolumeTypesExtraSpecsTest.test_volume_type_extra_specs_update [0.108885s] ... ok
{1} tempest.api.volume.admin.test_volume_types_extra_specs_negative.ExtraSpecsNegativeTest.test_create_invalid_body [0.009126s] ... ok
{1} tempest.api.volume.admin.test_volume_types_extra_specs_negative.ExtraSpecsNegativeTest.test_create_none_body [0.008310s] ... ok
{1} tempest.api.volume.admin.test_volume_types_extra_specs_negative.ExtraSpecsNegativeTest.test_create_nonexistent_type_id [0.014276s] ... ok
{1} tempest.api.volume.admin.test_volume_types_extra_specs_negative.ExtraSpecsNegativeTest.test_delete_nonexistent_volume_type_id [0.012093s] ... ok
{1} tempest.api.volume.admin.test_volume_types_extra_specs_negative.ExtraSpecsNegativeTest.test_get_nonexistent_extra_spec_name [0.015909s] ... ok
{1} tempest.api.volume.admin.test_volume_types_extra_specs_negative.ExtraSpecsNegativeTest.test_get_nonexistent_volume_type_id [0.010271s] ... ok
{1} tempest.api.volume.admin.test_volume_types_extra_specs_negative.ExtraSpecsNegativeTest.test_list_nonexistent_volume_type_id [0.011103s] ... ok
{1} tempest.api.volume.admin.test_volume_types_extra_specs_negative.ExtraSpecsNegativeTest.test_update_multiple_extra_spec [0.009068s] ... ok
{1} tempest.api.volume.admin.test_volume_types_extra_specs_negative.ExtraSpecsNegativeTest.test_update_no_body [0.010501s] ... ok
{1} tempest.api.volume.admin.test_volume_types_extra_specs_negative.ExtraSpecsNegativeTest.test_update_none_extra_spec_id [0.018090s] ... ok
{1} tempest.api.volume.admin.test_volume_types_extra_specs_negative.ExtraSpecsNegativeTest.test_update_nonexistent_extra_spec_id [0.018796s] ... ok
{1} tempest.api.volume.admin.test_volume_types_extra_specs_negative.ExtraSpecsNegativeTest.test_update_nonexistent_type_id [0.016157s] ... ok
{1} tempest.api.volume.test_extensions.ExtensionsTestJSON.test_list_extensions [0.095933s] ... ok
{2} tempest.api.volume.test_volumes_actions.VolumesActionsTest.test_attach_detach_volume_to_instance [5.087425s] ... ok
{0} tempest.api.volume.test_volumes_negative.VolumesNegativeTest.test_attach_volumes_with_nonexistent_volume_id [4.869662s] ... ok
{0} tempest.api.volume.test_volumes_negative.VolumesNegativeTest.test_create_volume_from_deactivated_image [1.337189s] ... ok
{0} tempest.api.volume.test_volumes_negative.VolumesNegativeTest.test_create_volume_from_image_with_decreasing_size [1.061220s] ... ok
{0} tempest.api.volume.test_volumes_negative.VolumesNegativeTest.test_create_volume_with_invalid_size [0.011390s] ... ok
{0} tempest.api.volume.test_volumes_negative.VolumesNegativeTest.test_create_volume_with_nonexistent_snapshot_id [0.017270s] ... ok
{0} tempest.api.volume.test_volumes_negative.VolumesNegativeTest.test_create_volume_with_nonexistent_source_volid [0.015811s] ... ok
{0} tempest.api.volume.test_volumes_negative.VolumesNegativeTest.test_create_volume_with_nonexistent_volume_type [0.016339s] ... ok
{0} tempest.api.volume.test_volumes_negative.VolumesNegativeTest.test_create_volume_with_size_negative [0.009113s] ... ok
{0} tempest.api.volume.test_volumes_negative.VolumesNegativeTest.test_create_volume_with_size_zero [0.008457s] ... ok
{0} tempest.api.volume.test_volumes_negative.VolumesNegativeTest.test_create_volume_without_passing_size [0.008405s] ... ok
{0} tempest.api.volume.test_volumes_negative.VolumesNegativeTest.test_delete_invalid_volume_id [0.012355s] ... ok
{0} tempest.api.volume.test_volumes_negative.VolumesNegativeTest.test_delete_volume_without_passing_volume_id [0.007929s] ... ok
{0} tempest.api.volume.test_volumes_negative.VolumesNegativeTest.test_detach_volumes_with_invalid_volume_id [0.014297s] ... ok
{0} tempest.api.volume.test_volumes_negative.VolumesNegativeTest.test_get_invalid_volume_id [0.011598s] ... ok
{0} tempest.api.volume.test_volumes_negative.VolumesNegativeTest.test_get_volume_without_passing_volume_id [0.006712s] ... ok
{0} tempest.api.volume.test_volumes_negative.VolumesNegativeTest.test_list_volumes_detail_with_invalid_status [0.019527s] ... ok
{0} tempest.api.volume.test_volumes_negative.VolumesNegativeTest.test_list_volumes_detail_with_nonexistent_name [0.034831s] ... ok
{0} tempest.api.volume.test_volumes_negative.VolumesNegativeTest.test_list_volumes_with_invalid_status [0.029075s] ... ok
{0} tempest.api.volume.test_volumes_negative.VolumesNegativeTest.test_list_volumes_with_nonexistent_name [0.029834s] ... ok
{0} tempest.api.volume.test_volumes_negative.VolumesNegativeTest.test_reserve_volume_with_negative_volume_status [0.070295s] ... ok
{0} tempest.api.volume.test_volumes_negative.VolumesNegativeTest.test_reserve_volume_with_nonexistent_volume_id [0.013398s] ... ok
{0} tempest.api.volume.test_volumes_negative.VolumesNegativeTest.test_unreserve_volume_with_nonexistent_volume_id [0.013562s] ... ok
{0} tempest.api.volume.test_volumes_negative.VolumesNegativeTest.test_update_volume_with_empty_volume_id [0.006563s] ... ok
{2} tempest.api.volume.test_volumes_actions.VolumesActionsTest.test_get_volume_attachment [5.090726s] ... ok
{0} tempest.api.volume.test_volumes_negative.VolumesNegativeTest.test_update_volume_with_invalid_volume_id [0.015159s] ... ok
{0} tempest.api.volume.test_volumes_negative.VolumesNegativeTest.test_update_volume_with_nonexistent_volume_id [0.011532s] ... ok
{0} tempest.api.volume.test_volumes_negative.VolumesNegativeTest.test_volume_delete_nonexistent_volume_id [0.014571s] ... ok
{0} tempest.api.volume.test_volumes_negative.VolumesNegativeTest.test_volume_extend_with_None_size [0.009075s] ... ok
{0} tempest.api.volume.test_volumes_negative.VolumesNegativeTest.test_volume_extend_with_non_number_size [0.007175s] ... ok
{0} tempest.api.volume.test_volumes_negative.VolumesNegativeTest.test_volume_extend_with_nonexistent_volume_id [0.013959s] ... ok
{0} tempest.api.volume.test_volumes_negative.VolumesNegativeTest.test_volume_extend_with_size_smaller_than_original_size [0.009549s] ... ok
{0} tempest.api.volume.test_volumes_negative.VolumesNegativeTest.test_volume_extend_without_passing_volume_id [0.013259s] ... ok
{0} tempest.api.volume.test_volumes_negative.VolumesNegativeTest.test_volume_get_nonexistent_volume_id [0.010696s] ... ok
{2} tempest.api.volume.test_volumes_actions.VolumesActionsTest.test_reserve_unreserve_volume [0.103421s] ... ok
{2} tempest.api.volume.test_volumes_actions.VolumesActionsTest.test_volume_bootable [0.098863s] ... ok
{2} tempest.api.volume.test_volumes_actions.VolumesActionsTest.test_volume_readonly_update [0.097503s] ... ok
{1} tempest.api.volume.test_snapshot_metadata.SnapshotMetadataTestJSON.test_crud_snapshot_metadata [0.187139s] ... ok
{1} tempest.api.volume.test_snapshot_metadata.SnapshotMetadataTestJSON.test_update_show_snapshot_metadata_item [0.140607s] ... ok
{2} tempest.api.volume.test_volumes_actions.VolumesActionsTest.test_volume_upload [30.574430s] ... ok
{3} tempest.scenario.test_volume_boot_pattern.TestVolumeBootPattern.test_image_defined_boot_from_volume [211.716867s] ... ok
{2} setUpClass (tempest.api.volume.test_volumes_backup.VolumesBackupsTest) ... SKIPPED: Cinder backup feature disabled
{2} tempest.api.volume.test_volumes_get.VolumesSummaryTest.test_show_volume_summary [0.093419s] ... ok
{1} tempest.api.volume.test_volume_transfers.VolumesTransfersV355Test.test_create_get_list_accept_volume_transfer [52.195976s] ... ok
{2} tempest.api.volume.test_volumes_snapshots.VolumesSnapshotTestJSON.test_snapshot_backup ... SKIPPED: Cinder backup is disabled
{0} tempest.api.volume.test_volumes_snapshots_list.VolumesSnapshotListTestJSON.test_snapshot_list_param_limit [0.085611s] ... ok
{0} tempest.api.volume.test_volumes_snapshots_list.VolumesSnapshotListTestJSON.test_snapshot_list_param_limit_equals_infinite [0.027418s] ... ok
{0} tempest.api.volume.test_volumes_snapshots_list.VolumesSnapshotListTestJSON.test_snapshot_list_param_limit_equals_zero [0.016262s] ... ok
{0} tempest.api.volume.test_volumes_snapshots_list.VolumesSnapshotListTestJSON.test_snapshot_list_param_marker [0.033583s] ... ok
{0} tempest.api.volume.test_volumes_snapshots_list.VolumesSnapshotListTestJSON.test_snapshot_list_param_offset [0.032676s] ... ok
{0} tempest.api.volume.test_volumes_snapshots_list.VolumesSnapshotListTestJSON.test_snapshot_list_param_sort_created_at_asc [0.020979s] ... ok
{0} tempest.api.volume.test_volumes_snapshots_list.VolumesSnapshotListTestJSON.test_snapshot_list_param_sort_created_at_desc [0.012281s] ... ok
{0} tempest.api.volume.test_volumes_snapshots_list.VolumesSnapshotListTestJSON.test_snapshot_list_param_sort_id_asc [0.024926s] ... ok
{0} tempest.api.volume.test_volumes_snapshots_list.VolumesSnapshotListTestJSON.test_snapshot_list_param_sort_id_desc [0.017185s] ... ok
{0} tempest.api.volume.test_volumes_snapshots_list.VolumesSnapshotListTestJSON.test_snapshot_list_param_sort_name_asc [0.014377s] ... ok
{0} tempest.api.volume.test_volumes_snapshots_list.VolumesSnapshotListTestJSON.test_snapshot_list_param_sort_name_desc [0.019858s] ... ok
{0} tempest.api.volume.test_volumes_snapshots_list.VolumesSnapshotListTestJSON.test_snapshots_list_details_with_params [0.054133s] ... ok
{0} tempest.api.volume.test_volumes_snapshots_list.VolumesSnapshotListTestJSON.test_snapshots_list_with_params [0.052867s] ... ok
{1} tempest.api.volume.test_volume_transfers.VolumesTransfersV355Test.test_create_list_delete_volume_transfer [31.142010s] ... ok
{2} tempest.api.volume.test_volumes_snapshots.VolumesSnapshotTestJSON.test_snapshot_create_get_list_update_delete [34.798840s] ... ok
{1} tempest.api.volume.test_volumes_clone.VolumesCloneTest.test_create_from_bootable_volume [52.200905s] ... ok
{1} tempest.api.volume.test_volumes_clone_negative.VolumesCloneNegativeTest.test_create_from_volume_decreasing_size [20.960049s] ... ok
{1} setUpClass (tempest.scenario.test_encrypted_cinder_volumes.TestEncryptedCinderVolumes) ... SKIPPED: Encrypted volume attach is not supported
{1} setUpClass (tempest.scenario.test_volume_backup_restore.TestVolumeBackupRestore) ... SKIPPED: Backup is not enable.
{1} setUpClass (cinder_tempest_plugin.api.volume.admin.test_volume_replication_negative.VolumeReplicationNegativeTest) ... SKIPPED: Volume replication feature disabled
{1} cinder_tempest_plugin.api.volume.test_multiple_volume_from_resource.CreateVolumesFromImageTest.test_create_from_image_multiple [37.753670s] ... ok
{2} tempest.api.volume.test_volumes_snapshots.VolumesSnapshotTestJSON.test_snapshot_create_offline_delete_online [132.732593s] ... ok
{2} tempest.api.volume.test_volumes_snapshots_negative.VolumesSnapshotNegativeTestJSON.test_create_snapshot_with_nonexistent_volume_id [0.128455s] ... ok
{2} tempest.api.volume.test_volumes_snapshots_negative.VolumesSnapshotNegativeTestJSON.test_create_snapshot_without_passing_volume_id [0.027124s] ... ok
{2} tempest.api.volume.test_volumes_snapshots_negative.VolumesSnapshotNegativeTestJSON.test_list_snapshot_invalid_param_limit [0.043096s] ... ok
{2} tempest.api.volume.test_volumes_snapshots_negative.VolumesSnapshotNegativeTestJSON.test_list_snapshots_invalid_param_marker [0.012573s] ... ok
{2} tempest.api.volume.test_volumes_snapshots_negative.VolumesSnapshotNegativeTestJSON.test_list_snapshots_invalid_param_sort [0.006497s] ... ok
{0} tempest.scenario.test_shelve_instance.TestShelveInstance.test_shelve_volume_backed_instance [119.922523s] ... ok
{0} setUpClass (cinder_tempest_plugin.api.volume.admin.test_volume_backup.VolumesBackupsTest) ... SKIPPED: Cinder backup feature disabled
{0} setUpClass (cinder_tempest_plugin.api.volume.admin.test_volume_replication.VolumeReplicationTest) ... SKIPPED: Volume replication feature disabled
{0} setUpClass (cinder_tempest_plugin.api.volume.test_multiple_volume_from_resource.CreateVolumesFromBackupTest) ... SKIPPED: Cinder backup feature disabled
{3} tempest.scenario.test_volume_boot_pattern.TestVolumeBootPattern.test_volume_boot_pattern [266.647398s] ... ok
{3} setUpClass (tempest.scenario.test_volume_migrate_attached.TestVolumeMigrateRetypeAttached) ... SKIPPED: Cinder multi-backend feature disabled
{0} cinder_tempest_plugin.api.volume.test_volume_dependency.VolumeImageDependencyTests.test_image_volume_dependencies_1 [62.062444s] ... ok
{2} tempest.api.volume.test_volumes_snapshots_negative.VolumesSnapshotNegativeTestJSON.test_volume_from_snapshot_decreasing_size [86.171727s] ... ok
{3} cinder_tempest_plugin.api.volume.test_multiple_volume_from_resource.CreateVolumesFromSourceVolumeTest.test_create_multiple_volume_from_source_volume [63.519651s] ... ok
{1} cinder_tempest_plugin.api.volume.test_volume_revert.VolumeRevertTests.test_volume_revert_to_snapshot [65.954496s] ... ok
{0} cinder_tempest_plugin.api.volume.test_volume_dependency.VolumeImageDependencyTests.test_image_volume_dependencies_2 [96.948462s] ... ok
{1} cinder_tempest_plugin.api.volume.test_volume_revert.VolumeRevertTests.test_volume_revert_to_snapshot_after_extended_negative [98.719988s] ... ok
{3} setUpClass (cinder_tempest_plugin.api.volume.test_volume_backup.VolumesBackupsTest) ... SKIPPED: Cinder backup feature disabled
{3} setUpClass (cinder_tempest_plugin.rbac.v3.test_backups.ProjectReaderTests33) ... SKIPPED: Cinder backup feature disabled
{3} cinder_tempest_plugin.rbac.v3.test_capabilities.ProjectAdminTests.test_get_capabilities [0.175733s] ... ok
{3} cinder_tempest_plugin.rbac.v3.test_volume_types.VolumeTypesReaderTests.test_create_encryption_type [0.098235s] ... ok
{3} cinder_tempest_plugin.rbac.v3.test_volume_types.VolumeTypesReaderTests.test_create_or_update_extra_specs_for_volume_type [0.046031s] ... ok
{3} cinder_tempest_plugin.rbac.v3.test_volume_types.VolumeTypesReaderTests.test_create_volume_type [0.010174s] ... ok
{3} cinder_tempest_plugin.rbac.v3.test_volume_types.VolumeTypesReaderTests.test_delete_encryption_type [0.054983s] ... ok
{3} cinder_tempest_plugin.rbac.v3.test_volume_types.VolumeTypesReaderTests.test_delete_extra_spec_for_volume_type [0.038437s] ... ok
{3} cinder_tempest_plugin.rbac.v3.test_volume_types.VolumeTypesReaderTests.test_delete_volume_type [0.031384s] ... ok
{3} cinder_tempest_plugin.rbac.v3.test_volume_types.VolumeTypesReaderTests.test_list_all_extra_specs_for_volume_type [0.012611s] ... ok
{3} cinder_tempest_plugin.rbac.v3.test_volume_types.VolumeTypesReaderTests.test_list_volume_types ... SKIPPED: Skipped until bug: https://launchpad.net/bugs/2016402 is resolved.
{3} cinder_tempest_plugin.rbac.v3.test_volume_types.VolumeTypesReaderTests.test_show_default_volume_type ... SKIPPED: Skipped until bug: https://launchpad.net/bugs/2016402 is resolved.
{3} cinder_tempest_plugin.rbac.v3.test_volume_types.VolumeTypesReaderTests.test_show_encryption_spec_item [0.010676s] ... ok
{3} cinder_tempest_plugin.rbac.v3.test_volume_types.VolumeTypesReaderTests.test_show_encryption_type [0.008266s] ... ok
{3} cinder_tempest_plugin.rbac.v3.test_volume_types.VolumeTypesReaderTests.test_show_extra_spec_for_volume_type [0.026005s] ... ok
{3} cinder_tempest_plugin.rbac.v3.test_volume_types.VolumeTypesReaderTests.test_show_volume_type_detail ... SKIPPED: Skipped until bug: https://launchpad.net/bugs/2016402 is resolved.
{3} cinder_tempest_plugin.rbac.v3.test_volume_types.VolumeTypesReaderTests.test_update_encryption_type [0.009738s] ... ok
{3} cinder_tempest_plugin.rbac.v3.test_volume_types.VolumeTypesReaderTests.test_update_extra_spec_for_volume_type [0.009868s] ... ok
{3} cinder_tempest_plugin.rbac.v3.test_volume_types.VolumeTypesReaderTests.test_update_volume_type [0.009676s] ... ok
{3} setUpClass (cinder_tempest_plugin.scenario.test_encrypted_volume_transfer.TransferEncryptedVolumeTest) ... SKIPPED: Encrypted volume attach is not supported
{3} setUpClass (cinder_tempest_plugin.scenario.test_volume_replication.VolumeReplicationTest) ... SKIPPED: Volume replication feature disabled
{2} tempest.scenario.test_minimum_basic.TestMinimumBasicScenario.test_minimum_basic_instance_hard_reboot_after_vol_snap_deletion [167.246151s] ... ok
{1} setUpClass (cinder_tempest_plugin.rbac.v3.test_backups.ProjectReaderTests39) ... SKIPPED: Cinder backup feature disabled
{1} cinder_tempest_plugin.rbac.v3.test_capabilities.ProjectMemberTests.test_get_capabilities [0.226652s] ... ok
{0} cinder_tempest_plugin.api.volume.test_volume_dependency.VolumeImageDependencyTests.test_image_volume_dependencies_3 [111.142836s] ... ok
{0} setUpClass (cinder_tempest_plugin.rbac.v3.test_backups.ProjectAdminTests33) ... SKIPPED: Cinder backup feature disabled
{0} setUpClass (cinder_tempest_plugin.rbac.v3.test_backups.ProjectMemberTests33) ... SKIPPED: Cinder backup feature disabled
{0} setUpClass (cinder_tempest_plugin.rbac.v3.test_backups.ProjectMemberTests39) ... SKIPPED: Cinder backup feature disabled
{0} cinder_tempest_plugin.rbac.v3.test_user_messages.ProjectReaderTests.test_delete_message ... SKIPPED: Skipped until bug: https://launchpad.net/bugs/2009818 is resolved.
{0} cinder_tempest_plugin.rbac.v3.test_user_messages.ProjectReaderTests.test_list_messages [1.480311s] ... ok
{0} cinder_tempest_plugin.rbac.v3.test_user_messages.ProjectReaderTests.test_show_message [1.332157s] ... ok
{0} cinder_tempest_plugin.rbac.v3.test_volume_actions.ProjectReaderTests.test_extend_volume ... SKIPPED: Skipped until bug: https://launchpad.net/bugs/2020261 is resolved.
{0} cinder_tempest_plugin.rbac.v3.test_volume_actions.ProjectReaderTests.test_force_delete_volume [26.073098s] ... ok
{0} cinder_tempest_plugin.rbac.v3.test_volume_actions.ProjectReaderTests.test_reserve_volume ... SKIPPED: Skipped until bug: https://launchpad.net/bugs/2020261 is resolved.
{1} cinder_tempest_plugin.rbac.v3.test_snapshots.ProjectMemberTests.test_create_snapshot [66.918909s] ... ok
{2} tempest.scenario.test_minimum_basic.TestMinimumBasicScenario.test_minimum_basic_scenario [85.071338s] ... ok
{0} cinder_tempest_plugin.rbac.v3.test_volume_actions.ProjectReaderTests.test_reset_volume_status [41.249740s] ... ok
{0} cinder_tempest_plugin.rbac.v3.test_volume_actions.ProjectReaderTests.test_retype_volume ... SKIPPED: Skipped until bug: https://launchpad.net/bugs/2020261 is resolved.
{0} cinder_tempest_plugin.rbac.v3.test_volume_actions.ProjectReaderTests.test_unreserve_volume ... SKIPPED: Skipped until bug: https://launchpad.net/bugs/2020261 is resolved.
{0} cinder_tempest_plugin.rbac.v3.test_volume_actions.ProjectReaderTests.test_update_volume_readonly ... SKIPPED: Skipped until bug: https://launchpad.net/bugs/2020261 is resolved.
{0} cinder_tempest_plugin.rbac.v3.test_volumes.ProjectReaderTests.test_create_volume ... SKIPPED: Skipped until bug: https://launchpad.net/bugs/2020113 is resolved.
{0} cinder_tempest_plugin.rbac.v3.test_volumes.ProjectReaderTests.test_delete_volume ... SKIPPED: Skipped until bug: https://launchpad.net/bugs/2020113 is resolved.
{1} cinder_tempest_plugin.rbac.v3.test_snapshots.ProjectMemberTests.test_delete_snapshot [51.378586s] ... ok
{0} cinder_tempest_plugin.rbac.v3.test_volumes.ProjectReaderTests.test_list_volumes [15.776895s] ... ok
{0} cinder_tempest_plugin.rbac.v3.test_volumes.ProjectReaderTests.test_list_volumes_detail [21.765385s] ... ok
{0} cinder_tempest_plugin.rbac.v3.test_volumes.ProjectReaderTests.test_set_bootable_volume ... SKIPPED: Skipped until bug: https://launchpad.net/bugs/2020113 is resolved.
{2} tempest.scenario.test_server_volume_attachment.TestServerVolumeAttachmentScenario.test_server_detach_rules [63.779092s] ... ok
{1} cinder_tempest_plugin.rbac.v3.test_snapshots.ProjectMemberTests.test_force_delete_snapshot [38.075483s] ... ok
{2} cinder_tempest_plugin.api.volume.admin.test_consistencygroups.ConsistencyGroupsV2Test.test_consistencygroup_create_delete [11.191083s] ... ok
{0} cinder_tempest_plugin.rbac.v3.test_volumes.ProjectReaderTests.test_show_volume [21.753849s] ... ok
{0} cinder_tempest_plugin.rbac.v3.test_volumes.ProjectReaderTests.test_show_volume_summary [43.307356s] ... ok
{0} cinder_tempest_plugin.rbac.v3.test_volumes.ProjectReaderTests.test_update_volume ... SKIPPED: Skipped until bug: https://launchpad.net/bugs/2020113 is resolved.
{1} cinder_tempest_plugin.rbac.v3.test_snapshots.ProjectMemberTests.test_list_snapshots [56.374603s] ... ok
{1} cinder_tempest_plugin.rbac.v3.test_snapshots.ProjectMemberTests.test_manage_snapshot ... SKIPPED: manage snapshots are disabled
{2} cinder_tempest_plugin.api.volume.test_multiple_volume_from_resource.CreateVolumesFromSnapshotTest.test_create_multiple_volume_from_snapshot [96.278578s] ... ok
{1} cinder_tempest_plugin.rbac.v3.test_snapshots.ProjectMemberTests.test_reset_snapshot_status [73.177671s] ... ok
{0} cinder_tempest_plugin.scenario.test_snapshots.SnapshotDependencyTests.test_snapshot_removal [97.268894s] ... ok
{1} cinder_tempest_plugin.rbac.v3.test_snapshots.ProjectMemberTests.test_show_snapshot [50.498007s] ... ok
{1} cinder_tempest_plugin.rbac.v3.test_snapshots.ProjectMemberTests.test_unmanage_snapshot [49.393465s] ... ok
{1} cinder_tempest_plugin.rbac.v3.test_snapshots.ProjectMemberTests.test_update_snapshot [48.354198s] ... ok
{2} cinder_tempest_plugin.api.volume.test_volume_dependency.VolumeDependencyTests.test_delete_dep_chain [140.368215s] ... ok
{1} cinder_tempest_plugin.rbac.v3.test_snapshots.ProjectMemberTests.test_update_snapshot_status [66.813192s] ... ok
{1} cinder_tempest_plugin.rbac.v3.test_snapshots.ProjectReaderTests.test_create_snapshot ... SKIPPED: Skipped until bug: https://launchpad.net/bugs/2017108 is resolved.
{1} cinder_tempest_plugin.rbac.v3.test_snapshots.ProjectReaderTests.test_delete_snapshot ... SKIPPED: Skipped until bug: https://launchpad.net/bugs/2017108 is resolved.
{1} cinder_tempest_plugin.rbac.v3.test_snapshots.ProjectReaderTests.test_force_delete_snapshot [68.916594s] ... ok
{2} cinder_tempest_plugin.api.volume.test_volume_dependency.VolumeDependencyTests.test_delete_dep_chain_2 [114.502510s] ... ok
{1} cinder_tempest_plugin.rbac.v3.test_snapshots.ProjectReaderTests.test_list_snapshots [62.732255s] ... ok
{1} cinder_tempest_plugin.rbac.v3.test_snapshots.ProjectReaderTests.test_manage_snapshot ... SKIPPED: manage snapshots are disabled
{2} cinder_tempest_plugin.api.volume.test_volume_dependency.VolumeDependencyTests.test_delete_source_snapshot [80.461739s] ... ok
{1} cinder_tempest_plugin.rbac.v3.test_snapshots.ProjectReaderTests.test_reset_snapshot_status [64.739034s] ... ok
{2} cinder_tempest_plugin.api.volume.test_volume_dependency.VolumeDependencyTests.test_delete_source_volume [39.365947s] ... ok
{2} cinder_tempest_plugin.api.volume.test_volume_unicode.CinderUnicodeTest.test_create_delete_unicode_volume_name [0.027520s] ... ok
{1} cinder_tempest_plugin.rbac.v3.test_snapshots.ProjectReaderTests.test_show_snapshot [76.043651s] ... ok
{2} cinder_tempest_plugin.api.volume.test_volume_unicode.CinderUnicodeTest.test_snapshot_create_volume_description_non_ascii_code [29.925316s] ... ok
{2} setUpClass (cinder_tempest_plugin.rbac.v3.test_backups.ProjectAdminTests39) ... SKIPPED: Cinder backup feature disabled
{2} cinder_tempest_plugin.rbac.v3.test_capabilities.ProjectReaderTests.test_get_capabilities [0.219506s] ... ok
{2} cinder_tempest_plugin.rbac.v3.test_user_messages.ProjectAdminTests.test_delete_message [1.410131s] ... ok
{1} cinder_tempest_plugin.rbac.v3.test_snapshots.ProjectReaderTests.test_unmanage_snapshot [48.370609s] ... ok
{1} cinder_tempest_plugin.rbac.v3.test_snapshots.ProjectReaderTests.test_update_snapshot ... SKIPPED: Skipped until bug: https://launchpad.net/bugs/2017108 is resolved.
{1} cinder_tempest_plugin.rbac.v3.test_snapshots.ProjectReaderTests.test_update_snapshot_status ... SKIPPED: Skipped until bug: https://launchpad.net/bugs/2017108 is resolved.
{2} cinder_tempest_plugin.rbac.v3.test_user_messages.ProjectAdminTests.test_list_messages [1.321783s] ... ok
{1} cinder_tempest_plugin.rbac.v3.test_volume_types.VolumeTypesMemberTests.test_create_encryption_type [0.096915s] ... ok
{1} cinder_tempest_plugin.rbac.v3.test_volume_types.VolumeTypesMemberTests.test_create_or_update_extra_specs_for_volume_type [0.042713s] ... ok
{1} cinder_tempest_plugin.rbac.v3.test_volume_types.VolumeTypesMemberTests.test_create_volume_type [0.008334s] ... ok
{1} cinder_tempest_plugin.rbac.v3.test_volume_types.VolumeTypesMemberTests.test_delete_encryption_type [0.051791s] ... ok
{1} cinder_tempest_plugin.rbac.v3.test_volume_types.VolumeTypesMemberTests.test_delete_extra_spec_for_volume_type [0.033580s] ... ok
{1} cinder_tempest_plugin.rbac.v3.test_volume_types.VolumeTypesMemberTests.test_delete_volume_type [0.033256s] ... ok
{1} cinder_tempest_plugin.rbac.v3.test_volume_types.VolumeTypesMemberTests.test_list_all_extra_specs_for_volume_type [0.013236s] ... ok
{1} cinder_tempest_plugin.rbac.v3.test_volume_types.VolumeTypesMemberTests.test_list_volume_types [0.024741s] ... ok
{1} cinder_tempest_plugin.rbac.v3.test_volume_types.VolumeTypesMemberTests.test_show_default_volume_type ... SKIPPED: Skipped until bug: https://launchpad.net/bugs/2016402 is resolved.
{1} cinder_tempest_plugin.rbac.v3.test_volume_types.VolumeTypesMemberTests.test_show_encryption_spec_item [0.007504s] ... ok
{1} cinder_tempest_plugin.rbac.v3.test_volume_types.VolumeTypesMemberTests.test_show_encryption_type [0.007707s] ... ok
{1} cinder_tempest_plugin.rbac.v3.test_volume_types.VolumeTypesMemberTests.test_show_extra_spec_for_volume_type [0.027352s] ... ok
{1} cinder_tempest_plugin.rbac.v3.test_volume_types.VolumeTypesMemberTests.test_show_volume_type_detail [0.012087s] ... ok
{1} cinder_tempest_plugin.rbac.v3.test_volume_types.VolumeTypesMemberTests.test_update_encryption_type [0.009711s] ... ok
{1} cinder_tempest_plugin.rbac.v3.test_volume_types.VolumeTypesMemberTests.test_update_extra_spec_for_volume_type [0.010396s] ... ok
{1} cinder_tempest_plugin.rbac.v3.test_volume_types.VolumeTypesMemberTests.test_update_volume_type [0.010205s] ... ok
{2} cinder_tempest_plugin.rbac.v3.test_user_messages.ProjectAdminTests.test_show_message [1.300574s] ... ok
{1} setUpClass (cinder_tempest_plugin.scenario.test_volume_encrypted.TestEncryptedCinderVolumes) ... SKIPPED: Encrypted volume attach is not supported
{2} cinder_tempest_plugin.rbac.v3.test_user_messages.ProjectMemberTests.test_delete_message [1.493019s] ... ok
{2} cinder_tempest_plugin.rbac.v3.test_user_messages.ProjectMemberTests.test_list_messages [1.309721s] ... ok
{2} cinder_tempest_plugin.rbac.v3.test_user_messages.ProjectMemberTests.test_show_message [1.311309s] ... ok
{2} cinder_tempest_plugin.rbac.v3.test_volume_types.VolumeTypesAdminTests.test_create_encryption_type [0.048432s] ... ok
{2} cinder_tempest_plugin.rbac.v3.test_volume_types.VolumeTypesAdminTests.test_create_or_update_extra_specs_for_volume_type [0.066716s] ... ok
{2} cinder_tempest_plugin.rbac.v3.test_volume_types.VolumeTypesAdminTests.test_create_volume_type [0.046522s] ... ok
{2} cinder_tempest_plugin.rbac.v3.test_volume_types.VolumeTypesAdminTests.test_delete_encryption_type [0.061046s] ... ok
{2} cinder_tempest_plugin.rbac.v3.test_volume_types.VolumeTypesAdminTests.test_delete_extra_spec_for_volume_type [0.042273s] ... ok
{2} cinder_tempest_plugin.rbac.v3.test_volume_types.VolumeTypesAdminTests.test_delete_volume_type [0.054695s] ... ok
{2} cinder_tempest_plugin.rbac.v3.test_volume_types.VolumeTypesAdminTests.test_list_all_extra_specs_for_volume_type [0.016304s] ... ok
{2} cinder_tempest_plugin.rbac.v3.test_volume_types.VolumeTypesAdminTests.test_list_volume_types [0.016684s] ... ok
{2} cinder_tempest_plugin.rbac.v3.test_volume_types.VolumeTypesAdminTests.test_show_default_volume_type ... SKIPPED: Skipped until bug: https://launchpad.net/bugs/2016402 is resolved.
{2} cinder_tempest_plugin.rbac.v3.test_volume_types.VolumeTypesAdminTests.test_show_encryption_spec_item [0.013829s] ... ok
{2} cinder_tempest_plugin.rbac.v3.test_volume_types.VolumeTypesAdminTests.test_show_encryption_type [0.018500s] ... ok
{2} cinder_tempest_plugin.rbac.v3.test_volume_types.VolumeTypesAdminTests.test_show_extra_spec_for_volume_type [0.028787s] ... ok
{2} cinder_tempest_plugin.rbac.v3.test_volume_types.VolumeTypesAdminTests.test_show_volume_type_detail [0.013882s] ... ok
{2} cinder_tempest_plugin.rbac.v3.test_volume_types.VolumeTypesAdminTests.test_update_encryption_type [0.024016s] ... ok
{2} cinder_tempest_plugin.rbac.v3.test_volume_types.VolumeTypesAdminTests.test_update_extra_spec_for_volume_type [0.023746s] ... ok
{2} cinder_tempest_plugin.rbac.v3.test_volume_types.VolumeTypesAdminTests.test_update_volume_type [0.021687s] ... ok
{2} setUpClass (cinder_tempest_plugin.scenario.test_volume_concurrency.ConcurrentVolumeActionsTest) ... SKIPPED: Concurrency tests are disabled.

======
Totals
======
Ran: 385 tests in 2709.9154 sec.
 - Passed: 331
 - Skipped: 54
 - Expected Fail: 0
 - Unexpected Success: 0
 - Failed: 0
Sum of execute time for each test: 7311.3825 sec.

==============
Worker Balance
==============
 - Worker 0 (110 tests) => 0:36:29.657889
 - Worker 1 (89 tests) => 0:44:56.693832
 - Worker 2 (90 tests) => 0:45:05.935257
 - Worker 3 (96 tests) => 0:30:18.610489
___________________________________ summary ____________________________________
  all: commands succeeded
  congratulations :)
commit_id: 1cccfb5f8
2026/10/07 02:05:59
