2463da17c [IBM SVf Driver] Added support of clone operation for volumegroup
2026/10/06 14:03:48
all develop-inst-nodeps: /opt/stack/tempest
all installed: attrs==26.1.0,autopage==0.6.0,bcrypt==5.0.0,certifi==2026.7.22,cffi==2.1.1,charset-normalizer==3.5.1,cinder-tempest-plugin @ git+https://opendev.org/openstack/cinder-tempest-plugin.git@d4894b4df9916d5f7b1968a4e3093f40af4eed44,cliff==4.16.0,cmd2==4.2.4,cryptography==50.0.1,debtcollector==3.1.0,defusedxml==0.7.1,fasteners==0.20,fixtures==4.3.2,idna==3.20,invoke==3.0.3,iso8601==2.1.0,jsonschema==4.26.0,jsonschema-specifications==2025.9.1,markdown-it-py==4.2.0,mdurl==0.1.2,msgpack==1.2.2,netaddr==1.3.0,oslo.concurrency==7.6.1,oslo.config==10.7.0,oslo.context==6.5.0,oslo.i18n==6.9.0,oslo.log==8.3.2,oslo.serialization==5.11.0,oslo.utils==10.2.0,packaging==26.3,paramiko==5.0.0,pbr==7.0.3,prettytable==3.18.0,prompt_toolkit==3.0.53,psutil==7.2.2,pycparser==3.0,Pygments==2.21.0,PyNaCl==1.6.2,pyparsing==3.3.2,pyperclip==1.11.0,python-dateutil==2.9.0.post0,python-subunit==1.4.6,PyYAML==6.0.3,referencing==0.37.0,requests==2.34.2,rfc3986==2.0.0,rich==15.0.0,rich-argparse==1.8.0,rpds-py==2026.6.3,setuptools==84.0.0,six==1.17.0,stestr==4.2.1,stevedore==5.9.1,-e git+https://opendev.org/openstack/tempest.git@911dc91ed43e2df794a60c2d1c5934d4d63a18c1#egg=tempest,testscenarios==0.7.0,testtools==2.9.1,tomlkit==0.15.1,typing_extensions==4.16.0,urllib3==2.8.0,voluptuous==0.16.0,wcwidth==0.9.1,wrapt==2.4.1
all run-test-pre: PYTHONHASHSEED='672440156'
all run-test: commands[0] | find . -type f -name '*.pyc' -delete
all run-test: commands[1] | tempest run --regex '^(?=.*volume|.*cinder_tempest_plugin).*' --concurrency=4 --exclude-list /opt/stack/tempest/exclude_testcases_fc.txt
{2} setUpClass (tempest.api.compute.admin.test_live_migration.LiveAutoBlockMigrationV225Test) ... SKIPPED: LiveAutoBlockMigrationV225Test skipped as live-migration is not available
{2} setUpClass (tempest.api.compute.admin.test_live_migration.LiveMigrationTest) ... SKIPPED: LiveMigrationTest skipped as live-migration is not available
{2} tempest.api.compute.admin.test_volume_swap.TestVolumeSwap.test_volume_swap ... SKIPPED: Skipped until bug: https://launchpad.net/bugs/2112187 is resolved.
{1} tempest.api.compute.servers.test_delete_server.DeleteServersTestJSON.test_delete_server_while_in_attached_volume [60.256454s] ... ok
{0} tempest.api.compute.admin.test_volume.AttachSCSIVolumeTestJSON.test_attach_scsi_disk_with_config_drive [73.649753s] ... ok
{3} tempest.api.compute.admin.test_assisted_volume_snapshots.VolumesAssistedSnapshotsTest.test_volume_assisted_snapshot_create_delete [116.364651s] ... ok
{0} tempest.api.compute.admin.test_volumes_negative.UpdateMultiattachVolumeNegativeTest.test_multiattach_rw_volume_update_failure ... SKIPPED: Skipped until bug: https://launchpad.net/bugs/2112187 is resolved.
{3} setUpClass (tempest.api.compute.admin.test_live_migration.LiveMigrationWithoutHostTest) ... SKIPPED: LiveMigrationWithoutHostTest skipped as live-migration is not available
{3} tempest.api.compute.admin.test_volumes_negative.VolumesAdminNegativeTest.test_update_attached_volume_with_nonexistent_volume_in_body ... SKIPPED: Skipped until bug: https://launchpad.net/bugs/2112187 is resolved.
{2} tempest.api.compute.volumes.test_attach_volume.AttachVolumeTestJSON.test_attach_detach_volume [150.717082s] ... ok
{3} tempest.api.compute.admin.test_volumes_negative.VolumesAdminNegativeTest.test_update_attached_volume_with_nonexistent_volume_in_uri [56.639505s] ... ok
{3} tempest.api.compute.servers.test_device_tagging.TaggedAttachmentsTest.test_tagged_attachment [92.964347s] ... ok
{2} tempest.api.compute.volumes.test_attach_volume.AttachVolumeTestJSON.test_list_get_volume_attachments [158.565330s] ... ok
{1} tempest.api.compute.servers.test_device_tagging.TaggedBootDevicesTest.test_tagged_boot_devices [232.910065s] ... ok
{0} tempest.api.compute.servers.test_device_tagging.TaggedBootDevicesTest_v242.test_tagged_boot_devices [222.790232s] ... ok
{3} tempest.api.compute.servers.test_server_actions.ServerActionsTestOtherA.test_rebuild_server_with_volume_attached [80.570259s] ... ok
{2} tempest.api.compute.volumes.test_volumes_list.VolumesTestJSON.test_volume_list [0.107486s] ... ok
{2} tempest.api.compute.volumes.test_volumes_list.VolumesTestJSON.test_volume_list_param_limit [0.047832s] ... ok
{2} tempest.api.compute.volumes.test_volumes_list.VolumesTestJSON.test_volume_list_param_offset_and_limit [0.103768s] ... ok
{2} tempest.api.compute.volumes.test_volumes_list.VolumesTestJSON.test_volume_list_with_detail_param_limit [0.036798s] ... ok
{2} tempest.api.compute.volumes.test_volumes_list.VolumesTestJSON.test_volume_list_with_detail_param_offset_and_limit [0.068464s] ... ok
{2} tempest.api.compute.volumes.test_volumes_list.VolumesTestJSON.test_volume_list_with_details [0.037135s] ... ok
{1} tempest.api.compute.servers.test_server_rescue.ServerBootFromVolumeStableRescueTest.test_stable_device_rescue_bfv_blank_volume [59.823854s] ... ok
{0} tempest.api.compute.servers.test_server_actions.ServerActionsTestOtherB.test_resize_server_revert_with_volume_attached [47.555480s] ... ok
{2} setUpClass (tempest.api.volume.admin.test_multi_backend.VolumeMultiBackendTest) ... SKIPPED: Cinder multi-backend feature disabled
{2} tempest.api.volume.admin.test_volume_hosts.VolumeHostsAdminTestsJSON.test_list_hosts [0.139408s] ... ok
{2} tempest.api.volume.admin.test_volume_hosts.VolumeHostsAdminTestsJSON.test_show_host [0.057695s] ... ok
{2} tempest.api.volume.admin.test_volume_quota_classes.VolumeQuotaClassesTest.test_show_default_quota [0.145799s] ... ok
{2} tempest.api.volume.admin.test_volume_quota_classes.VolumeQuotaClassesTest.test_update_default_quota [0.426295s] ... ok
{2} setUpClass (tempest.api.volume.admin.test_volume_retype.VolumeRetypeWithMigrationTest) ... SKIPPED: Cinder multi-backend feature disabled
{2} tempest.api.volume.admin.test_volume_retype.VolumeRetypeWithoutMigrationTest.test_available_volume_retype [17.920530s] ... ok
{1} tempest.api.compute.servers.test_server_rescue.ServerBootFromVolumeStableRescueTest.test_stable_device_rescue_bfv_image_volume [61.672141s] ... ok
{2} tempest.api.volume.admin.test_volume_types.VolumeTypesTest.test_volume_type_create_get_delete [0.192778s] ... ok
{2} tempest.api.volume.admin.test_volume_types.VolumeTypesTest.test_volume_type_encryption_create_get_update_delete [0.199837s] ... ok
{2} tempest.api.volume.admin.test_volume_types.VolumeTypesTest.test_volume_type_list [0.018260s] ... ok
{2} tempest.api.volume.admin.test_volume_types.VolumeTypesTest.test_volume_type_update [0.125672s] ... ok
{2} tempest.api.volume.test_availability_zone.AvailabilityZoneTestJSON.test_get_availability_zone_list [0.080099s] ... ok
{2} tempest.api.volume.test_versions.VersionsTest.test_list_versions [0.005063s] ... ok
{2} tempest.api.volume.test_versions.VersionsTest.test_show_version [0.081410s] ... ok
{3} tempest.api.compute.servers.test_server_actions.ServerActionsTestOtherA.test_resize_volume_backed_server_confirm [82.409750s] ... ok
{2} tempest.api.volume.test_volume_transfers.VolumesTransfersV357Test.test_create_get_list_accept_volume_transfer [62.463882s] ... ok
{1} tempest.api.compute.volumes.test_volume_snapshots.VolumesSnapshotsTestJSON.test_volume_snapshot_create_get_list_delete [70.057265s] ... ok
{1} setUpClass (tempest.api.volume.admin.test_encrypted_volumes_extend.EncryptedVolumesExtendAttachedTest) ... SKIPPED: Attached encrypted volume extend is disabled.
{1} tempest.api.volume.admin.test_group_type_specs.GroupTypeSpecsTest.test_group_type_specs_create_show_update_list_delete [0.383843s] ... ok
{0} tempest.api.compute.servers.test_server_actions.ServerActionsV293TestJSON.test_rebuild_volume_backed_server [67.308256s] ... ok
{3} tempest.api.compute.servers.test_server_rescue.ServerStableDeviceRescueTest.test_stable_device_rescue_disk_virtio_with_volume_attached [72.468985s] ... ok
{2} tempest.api.volume.test_volume_transfers.VolumesTransfersV357Test.test_create_list_delete_volume_transfer [48.593787s] ... ok
{2} setUpClass (tempest.api.volume.test_volumes_backup.VolumesBackupsV39Test) ... SKIPPED: Cinder backup feature disabled
{0} tempest.api.compute.servers.test_servers_negative.ServersNegativeTestJSON.test_create_server_from_non_bootable_volume [16.989148s] ... ok
{0} tempest.api.compute.servers.test_servers_negative.ServersNegativeTestJSON.test_create_server_invalid_bdm_in_2nd_dict [20.111305s] ... ok
{3} tempest.api.compute.servers.test_server_rescue_negative.ServerRescueNegativeTestJSON.test_rescued_vm_attach_volume [18.268517s] ... ok
{1} tempest.api.volume.admin.test_volume_manage.VolumeManageAdminTest.test_unmanage_manage_volume [92.251772s] ... ok
{2} tempest.api.volume.test_volumes_clone_negative.VolumesCloneNegativeTest.test_create_from_volume_decreasing_size [77.441823s] ... ok
{2} tempest.api.volume.test_volumes_get.VolumesSummaryTest.test_show_volume_summary [0.106715s] ... ok
{1} tempest.api.volume.admin.test_volume_quotas_negative.VolumeQuotasNegativeTestJSON.test_quota_volume_gigabytes [0.124489s] ... ok
{1} tempest.api.volume.admin.test_volume_quotas_negative.VolumeQuotasNegativeTestJSON.test_quota_volumes [0.129214s] ... ok
{1} tempest.api.volume.admin.test_volume_quotas_negative.VolumeQuotasNegativeTestJSON.test_volume_extend_gigabytes_quota_deviation [0.103272s] ... ok
{0} tempest.api.compute.volumes.test_attach_volume.AttachVolumeMultiAttachTest.test_boot_with_multiattach_volume_direct_lun ... SKIPPED: hw_scsi_model=virtio-scsi not set on image
{1} tempest.api.volume.admin.test_volume_services.VolumesServicesTestJSON.test_get_service_by_host_name [0.014239s] ... ok
{1} tempest.api.volume.admin.test_volume_services.VolumesServicesTestJSON.test_get_service_by_service_and_host_name [0.011733s] ... ok
{1} tempest.api.volume.admin.test_volume_services.VolumesServicesTestJSON.test_get_service_by_service_binary_name [0.012176s] ... ok
{3} tempest.api.compute.servers.test_server_rescue_negative.ServerRescueNegativeTestJSON.test_rescued_vm_detach_volume [82.488505s] ... ok
{2} tempest.api.volume.test_volumes_list.VolumesListTestJSON.test_volume_list [0.018213s] ... ok
{2} tempest.api.volume.test_volumes_list.VolumesListTestJSON.test_volume_list_by_name [0.034080s] ... ok
{2} tempest.api.volume.test_volumes_list.VolumesListTestJSON.test_volume_list_details_by_name [0.032966s] ... ok
{2} tempest.api.volume.test_volumes_list.VolumesListTestJSON.test_volume_list_details_pagination [0.138295s] ... ok
{2} tempest.api.volume.test_volumes_list.VolumesListTestJSON.test_volume_list_details_with_multiple_params [0.077477s] ... ok
{2} tempest.api.volume.test_volumes_list.VolumesListTestJSON.test_volume_list_pagination [0.088291s] ... ok
{2} tempest.api.volume.test_volumes_list.VolumesListTestJSON.test_volume_list_param_display_name_and_status [0.027639s] ... ok
{2} tempest.api.volume.test_volumes_list.VolumesListTestJSON.test_volume_list_with_detail_param_display_name_and_status [0.036582s] ... ok
{2} tempest.api.volume.test_volumes_list.VolumesListTestJSON.test_volume_list_with_detail_param_marker [0.040630s] ... ok
{2} tempest.api.volume.test_volumes_list.VolumesListTestJSON.test_volume_list_with_detail_param_metadata [0.036481s] ... ok
{2} tempest.api.volume.test_volumes_list.VolumesListTestJSON.test_volume_list_with_details [0.019126s] ... ok
{2} tempest.api.volume.test_volumes_list.VolumesListTestJSON.test_volume_list_with_param_metadata [0.035666s] ... ok
{2} tempest.api.volume.test_volumes_list.VolumesListTestJSON.test_volumes_list_by_availability_zone [0.061304s] ... ok
{2} tempest.api.volume.test_volumes_list.VolumesListTestJSON.test_volumes_list_by_bootable [0.055676s] ... ok
{2} tempest.api.volume.test_volumes_list.VolumesListTestJSON.test_volumes_list_by_status [0.063083s] ... ok
{2} tempest.api.volume.test_volumes_list.VolumesListTestJSON.test_volumes_list_details_by_availability_zone [0.033323s] ... ok
{2} tempest.api.volume.test_volumes_list.VolumesListTestJSON.test_volumes_list_details_by_bootable [0.024203s] ... ok
{2} tempest.api.volume.test_volumes_list.VolumesListTestJSON.test_volumes_list_details_by_status [0.022719s] ... ok
{1} tempest.api.volume.admin.test_volume_services.VolumesServicesTestJSON.test_get_service_by_volume_host_name [52.664425s] ... ok
{1} tempest.api.volume.admin.test_volume_services.VolumesServicesTestJSON.test_list_services [0.010516s] ... ok
{1} tempest.api.volume.admin.test_volume_type_access.VolumeTypesAccessTest.test_volume_type_access_add [22.030002s] ... ok
{1} tempest.api.volume.admin.test_volume_type_access.VolumeTypesAccessTest.test_volume_type_access_list [0.148580s] ... ok
{3} tempest.api.compute.volumes.test_volumes_get.VolumesGetTestJSON.test_volume_create_get_delete [28.409015s] ... ok
{0} tempest.api.compute.volumes.test_attach_volume.AttachVolumeShelveTestJSON.test_attach_volume_shelved_or_offload_server [101.515640s] ... ok
{3} tempest.api.compute.volumes.test_volumes_negative.VolumesNegativeTest.test_create_volume_with_invalid_size [0.143115s] ... ok
{3} tempest.api.compute.volumes.test_volumes_negative.VolumesNegativeTest.test_create_volume_with_size_zero [0.010133s] ... ok
{3} tempest.api.compute.volumes.test_volumes_negative.VolumesNegativeTest.test_create_volume_without_passing_size [0.012104s] ... ok
{3} tempest.api.compute.volumes.test_volumes_negative.VolumesNegativeTest.test_delete_invalid_volume_id [0.022123s] ... ok
{3} tempest.api.compute.volumes.test_volumes_negative.VolumesNegativeTest.test_delete_volume_without_passing_volume_id [0.007231s] ... ok
{3} tempest.api.compute.volumes.test_volumes_negative.VolumesNegativeTest.test_get_volume_without_passing_volume_id [0.038516s] ... ok
{3} tempest.api.compute.volumes.test_volumes_negative.VolumesNegativeTest.test_volume_delete_nonexistent_volume_id [0.024677s] ... ok
{3} tempest.api.compute.volumes.test_volumes_negative.VolumesNegativeTest.test_volume_get_nonexistent_volume_id [0.022912s] ... ok
{3} tempest.api.volume.admin.test_backends_capabilities.BackendsCapabilitiesAdminTestsJSON.test_compare_volume_stats_values [0.055888s] ... ok
{3} tempest.api.volume.admin.test_backends_capabilities.BackendsCapabilitiesAdminTestsJSON.test_get_capabilities_backend [0.024112s] ... ok
{3} tempest.api.volume.admin.test_groups.GroupsV320Test.test_reset_group_status [2.676660s] ... ok
{3} tempest.api.volume.admin.test_qos.QosSpecsTestJSON.test_associate_disassociate_qos [0.375439s] ... ok
{3} tempest.api.volume.admin.test_qos.QosSpecsTestJSON.test_create_delete_qos_with_back_end_consumer [0.088750s] ... ok
{3} tempest.api.volume.admin.test_qos.QosSpecsTestJSON.test_create_delete_qos_with_both_consumer [0.095341s] ... ok
{3} tempest.api.volume.admin.test_qos.QosSpecsTestJSON.test_create_delete_qos_with_front_end_consumer [0.087062s] ... ok
{3} tempest.api.volume.admin.test_qos.QosSpecsTestJSON.test_get_qos [0.011844s] ... ok
{3} tempest.api.volume.admin.test_qos.QosSpecsTestJSON.test_list_qos [0.011269s] ... ok
{3} tempest.api.volume.admin.test_qos.QosSpecsTestJSON.test_set_unset_qos_key [0.086285s] ... ok
{3} tempest.api.volume.admin.test_user_messages.UserMessagesTest.test_delete_message [1.553527s] ... ok
{3} tempest.api.volume.admin.test_user_messages.UserMessagesTest.test_list_show_messages [1.390200s] ... ok
{1} tempest.api.volume.admin.test_volumes_actions.VolumesActionsTest.test_force_detach_volume [43.882802s] ... ok
{2} tempest.api.volume.test_volumes_snapshots.VolumesSnapshotTestJSON.test_snapshot_backup ... SKIPPED: Cinder backup is disabled
{3} tempest.api.volume.admin.test_volume_quotas.VolumeQuotasAdminTestJSON.test_delete_quota [0.190708s] ... ok
{3} tempest.api.volume.admin.test_volume_quotas.VolumeQuotasAdminTestJSON.test_list_default_quotas [0.019748s] ... ok
{3} tempest.api.volume.admin.test_volume_quotas.VolumeQuotasAdminTestJSON.test_list_quotas [0.021861s] ... ok
{2} tempest.api.volume.test_volumes_snapshots.VolumesSnapshotTestJSON.test_snapshot_create_get_list_update_delete [34.936039s] ... ok
{1} tempest.api.volume.admin.test_volumes_actions.VolumesActionsTest.test_volume_force_delete_when_volume_is_attaching [43.400635s] ... ok
{0} tempest.api.compute.volumes.test_attach_volume.AttachVolumeShelveTestJSON.test_detach_volume_shelved_or_offload_server [86.794462s] ... ok
{3} tempest.api.volume.admin.test_volume_quotas.VolumeQuotasAdminTestJSON.test_quota_usage [45.518599s] ... ok
{3} tempest.api.volume.admin.test_volume_quotas.VolumeQuotasAdminTestJSON.test_quota_usage_after_volume_transfer [39.870488s] ... ok
{3} tempest.api.volume.admin.test_volume_quotas.VolumeQuotasAdminTestJSON.test_show_quota_usage [0.030945s] ... ok
{3} tempest.api.volume.admin.test_volume_quotas.VolumeQuotasAdminTestJSON.test_update_all_quota_resources_for_tenant [0.130846s] ... ok
{1} tempest.api.volume.admin.test_volumes_actions.VolumesActionsTest.test_volume_force_delete_when_volume_is_creating [47.523847s] ... ok
{3} tempest.api.volume.admin.test_volume_snapshot_quotas_negative.VolumeSnapshotQuotasNegativeTestJSON.test_quota_volume_gigabytes_snapshots [0.138922s] ... ok
{3} tempest.api.volume.admin.test_volume_snapshot_quotas_negative.VolumeSnapshotQuotasNegativeTestJSON.test_quota_volume_snapshots [0.030828s] ... ok
{1} tempest.api.volume.admin.test_volumes_actions.VolumesActionsTest.test_volume_force_delete_when_volume_is_error [46.514001s] ... ok
{2} tempest.api.volume.test_volumes_snapshots.VolumesSnapshotTestJSON.test_snapshot_create_offline_delete_online [124.219740s] ... ok
{3} setUpClass (tempest.api.volume.admin.test_volumes_backup.VolumesBackupsAdminTest) ... SKIPPED: Cinder backup feature disabled
{2} setUpClass (tempest.scenario.test_encrypted_cinder_volumes.TestEncryptedCinderVolumes) ... SKIPPED: Encrypted volume attach is not supported
{1} tempest.api.volume.admin.test_volumes_actions.VolumesActionsTest.test_volume_force_delete_when_volume_is_maintenance [39.303844s] ... ok
{0} tempest.api.compute.volumes.test_attach_volume_negative.AttachVolumeNegativeTest.test_attach_attached_volume_to_different_server [102.481245s] ... ok
{1} tempest.api.volume.admin.test_volumes_actions.VolumesActionsTest.test_volume_reset_status [26.104650s] ... ok
{2} tempest.scenario.test_snapshots_with_add_location.TestImageHashVerification.test_volume_upload_image_hash_verification [48.112529s] ... ok
{1} tempest.api.volume.test_volume_absolute_limits.AbsoluteLimitsTests.test_get_volume_absolute_limits [0.052441s] ... ok
{2} setUpClass (tempest.scenario.test_volume_backup_restore.TestVolumeBackupRestore) ... SKIPPED: Backup is not enable.
{2} setUpClass (tempest.scenario.test_volume_migrate_attached.TestVolumeMigrateRetypeAttached) ... SKIPPED: Cinder multi-backend feature disabled
{3} tempest.api.volume.admin.test_volumes_list.VolumesListAdminTestJSON.test_volume_list_param_tenant [14.645219s] ... ok
{0} tempest.api.compute.volumes.test_attach_volume_negative.AttachVolumeNegativeTest.test_attach_attached_volume_to_same_server [58.670629s] ... ok
{2} cinder_tempest_plugin.api.volume.admin.test_consistencygroups.ConsistencyGroupsV2Test.test_consistencygroup_create_delete [25.975404s] ... ok
{2} setUpClass (cinder_tempest_plugin.api.volume.admin.test_volume_replication.VolumeReplicationTest) ... SKIPPED: Volume replication feature disabled
{1} tempest.api.volume.test_volumes_actions.VolumesActionsTest.test_attach_detach_volume_to_instance [5.077408s] ... ok
{3} tempest.api.volume.test_extensions.ExtensionsTestJSON.test_list_extensions [0.094438s] ... ok
{1} tempest.api.volume.test_volumes_actions.VolumesActionsTest.test_get_volume_attachment [7.289495s] ... ok
{1} tempest.api.volume.test_volumes_actions.VolumesActionsTest.test_reserve_unreserve_volume [0.097196s] ... ok
{1} tempest.api.volume.test_volumes_actions.VolumesActionsTest.test_volume_bootable [0.086567s] ... ok
{1} tempest.api.volume.test_volumes_actions.VolumesActionsTest.test_volume_readonly_update [0.101462s] ... ok
{0} tempest.api.compute.volumes.test_attach_volume_negative.AttachVolumeNegativeTest.test_delete_attached_volume [77.183713s] ... ok
{2} cinder_tempest_plugin.api.volume.test_multiple_volume_from_resource.CreateVolumesFromSourceVolumeTest.test_create_multiple_volume_from_source_volume [66.703433s] ... ok
{1} tempest.api.volume.test_volumes_actions.VolumesActionsTest.test_volume_upload [32.649475s] ... ok
{3} tempest.api.volume.test_snapshot_metadata.SnapshotMetadataTestJSON.test_crud_snapshot_metadata [0.199707s] ... ok
{3} tempest.api.volume.test_snapshot_metadata.SnapshotMetadataTestJSON.test_update_show_snapshot_metadata_item [0.135668s] ... ok
{0} tempest.api.volume.admin.test_group_types.GroupTypesTest.test_group_type_create_list_update_show_delete [0.252251s] ... ok
{0} tempest.api.volume.admin.test_group_types.GroupTypesTest.test_group_type_list_by_optional_params [0.142633s] ... ok
{0} tempest.api.volume.admin.test_groups.GroupsTest.test_group_create_show_list_delete [16.839000s] ... ok
{0} tempest.api.volume.admin.test_groups.GroupsTest.test_group_update [39.122954s] ... ok
{0} setUpClass (tempest.api.volume.admin.test_snapshot_manage.SnapshotManageAdminTest) ... SKIPPED: Manage snapshot tests are disabled
{2} cinder_tempest_plugin.api.volume.test_volume_dependency.VolumeImageDependencyTests.test_image_volume_dependencies_1 [51.068373s] ... ok
{1} tempest.api.volume.test_volumes_extend.VolumesExtendAttachedTest.test_extend_attached_volume [119.471184s] ... ok
{3} tempest.api.volume.test_volume_delete_cascade.VolumesDeleteCascade.test_volume_delete_cascade [98.850529s] ... ok
{0} tempest.api.volume.admin.test_snapshots_actions.SnapshotsActionsTest.test_reset_snapshot_status [0.144555s] ... ok
{0} tempest.api.volume.admin.test_snapshots_actions.SnapshotsActionsTest.test_snapshot_force_delete_when_snapshot_is_creating [32.747822s] ... ok
{2} cinder_tempest_plugin.api.volume.test_volume_dependency.VolumeImageDependencyTests.test_image_volume_dependencies_2 [71.299651s] ... ok
{0} tempest.api.volume.admin.test_snapshots_actions.SnapshotsActionsTest.test_snapshot_force_delete_when_snapshot_is_deleting [53.023523s] ... ok
{1} tempest.api.volume.test_volumes_get.VolumesGetTest.test_volume_create_get_update_delete [102.311299s] ... ok
{3} tempest.api.volume.test_volume_delete_cascade.VolumesDeleteCascade.test_volume_from_snapshot_cascade_delete [106.221711s] ... ok
{0} tempest.api.volume.admin.test_snapshots_actions.SnapshotsActionsTest.test_snapshot_force_delete_when_snapshot_is_error [46.928453s] ... ok
{3} tempest.api.volume.test_volume_transfers.VolumesTransfersTest.test_create_get_list_accept_volume_transfer [64.466968s] ... ok
{0} tempest.api.volume.admin.test_snapshots_actions.SnapshotsActionsTest.test_snapshot_force_delete_when_snapshot_is_error_deleting [30.697861s] ... ok
{0} tempest.api.volume.admin.test_snapshots_actions.SnapshotsActionsTest.test_update_snapshot_status [0.124689s] ... ok
{2} cinder_tempest_plugin.api.volume.test_volume_dependency.VolumeImageDependencyTests.test_image_volume_dependencies_3 [143.925022s] ... ok
{3} tempest.api.volume.test_volume_transfers.VolumesTransfersTest.test_create_list_delete_volume_transfer [62.998819s] ... ok
{2} setUpClass (cinder_tempest_plugin.rbac.v3.test_backups.ProjectAdminTests33) ... SKIPPED: Cinder backup feature disabled
{2} setUpClass (cinder_tempest_plugin.rbac.v3.test_backups.ProjectAdminTests39) ... SKIPPED: Cinder backup feature disabled
{2} setUpClass (cinder_tempest_plugin.rbac.v3.test_backups.ProjectMemberTests39) ... SKIPPED: Cinder backup feature disabled
{2} setUpClass (cinder_tempest_plugin.scenario.test_encrypted_volume_transfer.TransferEncryptedVolumeTest) ... SKIPPED: Encrypted volume attach is not supported
{2} setUpClass (cinder_tempest_plugin.scenario.test_volume_concurrency.ConcurrentVolumeActionsTest) ... SKIPPED: Concurrency tests are disabled.
{0} tempest.api.volume.admin.test_volume_pools.VolumePoolsAdminTestsJSON.test_get_pools_with_details [0.150744s] ... ok
{0} tempest.api.volume.admin.test_volume_pools.VolumePoolsAdminTestsJSON.test_get_pools_without_details [0.021235s] ... ok
{0} tempest.api.volume.admin.test_volume_services_negative.VolumeServicesNegativeTest.test_disable_log_reason_with_no_reason [0.008874s] ... ok
{0} tempest.api.volume.admin.test_volume_services_negative.VolumeServicesNegativeTest.test_disable_service_with_invalid_binary [0.015829s] ... ok
{0} tempest.api.volume.admin.test_volume_services_negative.VolumeServicesNegativeTest.test_enable_service_with_invalid_host [0.015436s] ... ok
{0} tempest.api.volume.admin.test_volume_services_negative.VolumeServicesNegativeTest.test_freeze_host_with_invalid_host [0.012164s] ... ok
{0} tempest.api.volume.admin.test_volume_services_negative.VolumeServicesNegativeTest.test_thaw_host_with_invalid_host [0.016576s] ... ok
{0} tempest.api.volume.admin.test_volume_types_extra_specs.VolumeTypesExtraSpecsTest.test_volume_type_extra_spec_create_get_delete [0.092065s] ... ok
{0} tempest.api.volume.admin.test_volume_types_extra_specs.VolumeTypesExtraSpecsTest.test_volume_type_extra_specs_list [0.043872s] ... ok
{0} tempest.api.volume.admin.test_volume_types_extra_specs.VolumeTypesExtraSpecsTest.test_volume_type_extra_specs_update [0.111620s] ... ok
{0} tempest.api.volume.admin.test_volume_types_extra_specs_negative.ExtraSpecsNegativeTest.test_create_invalid_body [0.008810s] ... ok
{0} tempest.api.volume.admin.test_volume_types_extra_specs_negative.ExtraSpecsNegativeTest.test_create_none_body [0.009349s] ... ok
{0} tempest.api.volume.admin.test_volume_types_extra_specs_negative.ExtraSpecsNegativeTest.test_create_nonexistent_type_id [0.017559s] ... ok
{0} tempest.api.volume.admin.test_volume_types_extra_specs_negative.ExtraSpecsNegativeTest.test_delete_nonexistent_volume_type_id [0.010560s] ... ok
{0} tempest.api.volume.admin.test_volume_types_extra_specs_negative.ExtraSpecsNegativeTest.test_get_nonexistent_extra_spec_name [0.017468s] ... ok
{0} tempest.api.volume.admin.test_volume_types_extra_specs_negative.ExtraSpecsNegativeTest.test_get_nonexistent_volume_type_id [0.012055s] ... ok
{0} tempest.api.volume.admin.test_volume_types_extra_specs_negative.ExtraSpecsNegativeTest.test_list_nonexistent_volume_type_id [0.012121s] ... ok
{0} tempest.api.volume.admin.test_volume_types_extra_specs_negative.ExtraSpecsNegativeTest.test_update_multiple_extra_spec [0.008084s] ... ok
{0} tempest.api.volume.admin.test_volume_types_extra_specs_negative.ExtraSpecsNegativeTest.test_update_no_body [0.008535s] ... ok
{0} tempest.api.volume.admin.test_volume_types_extra_specs_negative.ExtraSpecsNegativeTest.test_update_none_extra_spec_id [0.018119s] ... ok
{0} tempest.api.volume.admin.test_volume_types_extra_specs_negative.ExtraSpecsNegativeTest.test_update_nonexistent_extra_spec_id [0.018689s] ... ok
{0} tempest.api.volume.admin.test_volume_types_extra_specs_negative.ExtraSpecsNegativeTest.test_update_nonexistent_type_id [0.017203s] ... ok
{0} tempest.api.volume.admin.test_volume_types_negative.VolumeTypesNegativeTest.test_create_volume_type_encryption_nonexistent_type_id [0.144936s] ... ok
{0} tempest.api.volume.admin.test_volume_types_negative.VolumeTypesNegativeTest.test_create_volume_with_private_volume_type [0.131471s] ... ok
{0} tempest.api.volume.admin.test_volume_types_negative.VolumeTypesNegativeTest.test_create_with_empty_name [0.009884s] ... ok
{0} tempest.api.volume.admin.test_volume_types_negative.VolumeTypesNegativeTest.test_create_with_repeated_name [0.063797s] ... ok
{0} tempest.api.volume.admin.test_volume_types_negative.VolumeTypesNegativeTest.test_delete_nonexistent_type_id [0.010065s] ... ok
{0} tempest.api.volume.admin.test_volume_types_negative.VolumeTypesNegativeTest.test_get_nonexistent_type_id [0.008310s] ... ok
{1} tempest.api.volume.test_volumes_get.VolumesGetTest.test_volume_create_get_update_delete_as_clone [152.749800s] ... ok
{3} tempest.api.volume.test_volume_transfers.VolumesTransfersV355Test.test_create_get_list_accept_volume_transfer [39.891919s] ... ok
{0} tempest.api.volume.test_image_metadata.VolumesImageMetadata.test_update_show_delete_image_metadata [0.138390s] ... ok
{3} tempest.api.volume.test_volume_transfers.VolumesTransfersV355Test.test_create_list_delete_volume_transfer [37.312402s] ... ok
{0} tempest.api.volume.test_volume_metadata.VolumesMetadataTest.test_crud_volume_metadata [0.189668s] ... ok
{0} tempest.api.volume.test_volume_metadata.VolumesMetadataTest.test_update_show_volume_metadata_item [0.113858s] ... ok
{1} tempest.api.volume.test_volumes_get.VolumesGetTest.test_volume_create_get_update_delete_from_image [96.236543s] ... ok
{0} setUpClass (tempest.api.volume.test_volumes_backup.VolumesBackupsTest) ... SKIPPED: Cinder backup feature disabled
{3} tempest.api.volume.test_volumes_clone.VolumesCloneTest.test_create_from_bootable_volume [73.762075s] ... ok
{1} tempest.api.volume.test_volumes_snapshots_list.VolumesSnapshotListTestJSON.test_snapshot_list_param_limit [0.074438s] ... ok
{1} tempest.api.volume.test_volumes_snapshots_list.VolumesSnapshotListTestJSON.test_snapshot_list_param_limit_equals_infinite [0.036502s] ... ok
{1} tempest.api.volume.test_volumes_snapshots_list.VolumesSnapshotListTestJSON.test_snapshot_list_param_limit_equals_zero [0.012970s] ... ok
{1} tempest.api.volume.test_volumes_snapshots_list.VolumesSnapshotListTestJSON.test_snapshot_list_param_marker [0.037597s] ... ok
{1} tempest.api.volume.test_volumes_snapshots_list.VolumesSnapshotListTestJSON.test_snapshot_list_param_offset [0.021428s] ... ok
{1} tempest.api.volume.test_volumes_snapshots_list.VolumesSnapshotListTestJSON.test_snapshot_list_param_sort_created_at_asc [0.017428s] ... ok
{1} tempest.api.volume.test_volumes_snapshots_list.VolumesSnapshotListTestJSON.test_snapshot_list_param_sort_created_at_desc [0.012315s] ... ok
{1} tempest.api.volume.test_volumes_snapshots_list.VolumesSnapshotListTestJSON.test_snapshot_list_param_sort_id_asc [0.017758s] ... ok
{1} tempest.api.volume.test_volumes_snapshots_list.VolumesSnapshotListTestJSON.test_snapshot_list_param_sort_id_desc [0.019197s] ... ok
{1} tempest.api.volume.test_volumes_snapshots_list.VolumesSnapshotListTestJSON.test_snapshot_list_param_sort_name_asc [0.016908s] ... ok
{1} tempest.api.volume.test_volumes_snapshots_list.VolumesSnapshotListTestJSON.test_snapshot_list_param_sort_name_desc [0.020274s] ... ok
{1} tempest.api.volume.test_volumes_snapshots_list.VolumesSnapshotListTestJSON.test_snapshots_list_details_with_params [0.051079s] ... ok
{1} tempest.api.volume.test_volumes_snapshots_list.VolumesSnapshotListTestJSON.test_snapshots_list_with_params [0.058871s] ... ok
{0} tempest.api.volume.test_volumes_extend.VolumesExtendTest.test_volume_extend [67.418348s] ... ok
{3} tempest.scenario.test_server_volume_attachment.TestServerVolumeAttachmentScenario.test_server_detach_rules [90.542305s] ... ok
{1} tempest.api.volume.test_volumes_snapshots_negative.VolumesSnapshotNegativeTestJSON.test_create_snapshot_with_nonexistent_volume_id [0.127367s] ... ok
{1} tempest.api.volume.test_volumes_snapshots_negative.VolumesSnapshotNegativeTestJSON.test_create_snapshot_without_passing_volume_id [0.028480s] ... ok
{1} tempest.api.volume.test_volumes_snapshots_negative.VolumesSnapshotNegativeTestJSON.test_list_snapshot_invalid_param_limit [0.032384s] ... ok
{1} tempest.api.volume.test_volumes_snapshots_negative.VolumesSnapshotNegativeTestJSON.test_list_snapshots_invalid_param_marker [0.012731s] ... ok
{1} tempest.api.volume.test_volumes_snapshots_negative.VolumesSnapshotNegativeTestJSON.test_list_snapshots_invalid_param_sort [0.011208s] ... ok
{3} cinder_tempest_plugin.api.volume.test_volume_unicode.CinderUnicodeTest.test_create_delete_unicode_volume_name [0.024742s] ... ok
{0} tempest.api.volume.test_volumes_extend.VolumesExtendTest.test_volume_extend_when_volume_has_snapshot [80.235983s] ... ok
{3} cinder_tempest_plugin.api.volume.test_volume_unicode.CinderUnicodeTest.test_snapshot_create_volume_description_non_ascii_code [18.674116s] ... ok
{0} tempest.api.volume.test_volumes_negative.VolumesNegativeTest.test_attach_volumes_with_nonexistent_volume_id [4.821425s] ... ok
{0} tempest.api.volume.test_volumes_negative.VolumesNegativeTest.test_create_volume_from_deactivated_image [1.222945s] ... ok
{1} tempest.api.volume.test_volumes_snapshots_negative.VolumesSnapshotNegativeTestJSON.test_volume_from_snapshot_decreasing_size [49.496401s] ... ok
{0} tempest.api.volume.test_volumes_negative.VolumesNegativeTest.test_create_volume_from_image_with_decreasing_size [0.971263s] ... ok
{0} tempest.api.volume.test_volumes_negative.VolumesNegativeTest.test_create_volume_with_invalid_size [0.009238s] ... ok
{0} tempest.api.volume.test_volumes_negative.VolumesNegativeTest.test_create_volume_with_nonexistent_snapshot_id [0.014928s] ... ok
{0} tempest.api.volume.test_volumes_negative.VolumesNegativeTest.test_create_volume_with_nonexistent_source_volid [0.016186s] ... ok
{0} tempest.api.volume.test_volumes_negative.VolumesNegativeTest.test_create_volume_with_nonexistent_volume_type [0.014679s] ... ok
{0} tempest.api.volume.test_volumes_negative.VolumesNegativeTest.test_create_volume_with_size_negative [0.009615s] ... ok
{0} tempest.api.volume.test_volumes_negative.VolumesNegativeTest.test_create_volume_with_size_zero [0.011357s] ... ok
{0} tempest.api.volume.test_volumes_negative.VolumesNegativeTest.test_create_volume_without_passing_size [0.007721s] ... ok
{0} tempest.api.volume.test_volumes_negative.VolumesNegativeTest.test_delete_invalid_volume_id [0.011846s] ... ok
{0} tempest.api.volume.test_volumes_negative.VolumesNegativeTest.test_delete_volume_without_passing_volume_id [0.004812s] ... ok
{0} tempest.api.volume.test_volumes_negative.VolumesNegativeTest.test_detach_volumes_with_invalid_volume_id [0.012559s] ... ok
{0} tempest.api.volume.test_volumes_negative.VolumesNegativeTest.test_get_invalid_volume_id [0.014490s] ... ok
{0} tempest.api.volume.test_volumes_negative.VolumesNegativeTest.test_get_volume_without_passing_volume_id [0.007061s] ... ok
{0} tempest.api.volume.test_volumes_negative.VolumesNegativeTest.test_list_volumes_detail_with_invalid_status [0.034628s] ... ok
{0} tempest.api.volume.test_volumes_negative.VolumesNegativeTest.test_list_volumes_detail_with_nonexistent_name [0.017483s] ... ok
{0} tempest.api.volume.test_volumes_negative.VolumesNegativeTest.test_list_volumes_with_invalid_status [0.016434s] ... ok
{0} tempest.api.volume.test_volumes_negative.VolumesNegativeTest.test_list_volumes_with_nonexistent_name [0.017804s] ... ok
{0} tempest.api.volume.test_volumes_negative.VolumesNegativeTest.test_reserve_volume_with_negative_volume_status [0.061101s] ... ok
{0} tempest.api.volume.test_volumes_negative.VolumesNegativeTest.test_reserve_volume_with_nonexistent_volume_id [0.015009s] ... ok
{0} tempest.api.volume.test_volumes_negative.VolumesNegativeTest.test_unreserve_volume_with_nonexistent_volume_id [0.012574s] ... ok
{0} tempest.api.volume.test_volumes_negative.VolumesNegativeTest.test_update_volume_with_empty_volume_id [0.003877s] ... ok
{0} tempest.api.volume.test_volumes_negative.VolumesNegativeTest.test_update_volume_with_invalid_volume_id [0.015288s] ... ok
{0} tempest.api.volume.test_volumes_negative.VolumesNegativeTest.test_update_volume_with_nonexistent_volume_id [0.014291s] ... ok
{0} tempest.api.volume.test_volumes_negative.VolumesNegativeTest.test_volume_delete_nonexistent_volume_id [0.010932s] ... ok
{0} tempest.api.volume.test_volumes_negative.VolumesNegativeTest.test_volume_extend_with_None_size [0.008128s] ... ok
{0} tempest.api.volume.test_volumes_negative.VolumesNegativeTest.test_volume_extend_with_non_number_size [0.007643s] ... ok
{0} tempest.api.volume.test_volumes_negative.VolumesNegativeTest.test_volume_extend_with_nonexistent_volume_id [0.012912s] ... ok
{0} tempest.api.volume.test_volumes_negative.VolumesNegativeTest.test_volume_extend_with_size_smaller_than_original_size [0.007882s] ... ok
{0} tempest.api.volume.test_volumes_negative.VolumesNegativeTest.test_volume_extend_without_passing_volume_id [0.016075s] ... ok
{0} tempest.api.volume.test_volumes_negative.VolumesNegativeTest.test_volume_get_nonexistent_volume_id [0.008909s] ... ok
{3} setUpClass (cinder_tempest_plugin.rbac.v3.test_backups.ProjectReaderTests33) ... SKIPPED: Cinder backup feature disabled
{0} tempest.scenario.test_server_volume_attachment.TestServerVolumeAttachScenarioOldVersion.test_old_versions_reject [74.327007s] ... ok
{3} cinder_tempest_plugin.rbac.v3.test_snapshots.ProjectMemberTests.test_create_snapshot [47.547997s] ... ok
{0} setUpClass (cinder_tempest_plugin.api.volume.admin.test_volume_replication_negative.VolumeReplicationNegativeTest) ... SKIPPED: Volume replication feature disabled
{0} setUpClass (cinder_tempest_plugin.api.volume.test_multiple_volume_from_resource.CreateVolumesFromBackupTest) ... SKIPPED: Cinder backup feature disabled
{1} tempest.scenario.test_minimum_basic.TestMinimumBasicScenario.test_minimum_basic_instance_hard_reboot_after_vol_snap_deletion [113.318648s] ... ok
{3} cinder_tempest_plugin.rbac.v3.test_snapshots.ProjectMemberTests.test_delete_snapshot [51.387232s] ... ok
{0} cinder_tempest_plugin.api.volume.test_volume_revert.VolumeRevertTests.test_volume_revert_to_snapshot [56.765419s] ... ok
{0} cinder_tempest_plugin.api.volume.test_volume_revert.VolumeRevertTests.test_volume_revert_to_snapshot_after_extended_negative [51.599623s] ... ok
{1} tempest.scenario.test_minimum_basic.TestMinimumBasicScenario.test_minimum_basic_scenario [81.816794s] ... ok
{3} cinder_tempest_plugin.rbac.v3.test_snapshots.ProjectMemberTests.test_force_delete_snapshot [62.688656s] ... ok
{0} setUpClass (cinder_tempest_plugin.rbac.v3.test_backups.ProjectMemberTests33) ... SKIPPED: Cinder backup feature disabled
{0} setUpClass (cinder_tempest_plugin.rbac.v3.test_backups.ProjectReaderTests39) ... SKIPPED: Cinder backup feature disabled
{0} cinder_tempest_plugin.rbac.v3.test_volume_types.VolumeTypesMemberTests.test_create_encryption_type [0.087406s] ... ok
{0} cinder_tempest_plugin.rbac.v3.test_volume_types.VolumeTypesMemberTests.test_create_or_update_extra_specs_for_volume_type [0.042237s] ... ok
{0} cinder_tempest_plugin.rbac.v3.test_volume_types.VolumeTypesMemberTests.test_create_volume_type [0.009669s] ... ok
{0} cinder_tempest_plugin.rbac.v3.test_volume_types.VolumeTypesMemberTests.test_delete_encryption_type [0.057638s] ... ok
{0} cinder_tempest_plugin.rbac.v3.test_volume_types.VolumeTypesMemberTests.test_delete_extra_spec_for_volume_type [0.038410s] ... ok
{0} cinder_tempest_plugin.rbac.v3.test_volume_types.VolumeTypesMemberTests.test_delete_volume_type [0.026309s] ... ok
{0} cinder_tempest_plugin.rbac.v3.test_volume_types.VolumeTypesMemberTests.test_list_all_extra_specs_for_volume_type [0.015888s] ... ok
{0} cinder_tempest_plugin.rbac.v3.test_volume_types.VolumeTypesMemberTests.test_list_volume_types [0.027415s] ... ok
{0} cinder_tempest_plugin.rbac.v3.test_volume_types.VolumeTypesMemberTests.test_show_default_volume_type ... SKIPPED: Skipped until bug: https://launchpad.net/bugs/2016402 is resolved.
{0} cinder_tempest_plugin.rbac.v3.test_volume_types.VolumeTypesMemberTests.test_show_encryption_spec_item [0.009283s] ... ok
{0} cinder_tempest_plugin.rbac.v3.test_volume_types.VolumeTypesMemberTests.test_show_encryption_type [0.005903s] ... ok
{0} cinder_tempest_plugin.rbac.v3.test_volume_types.VolumeTypesMemberTests.test_show_extra_spec_for_volume_type [0.034229s] ... ok
{0} cinder_tempest_plugin.rbac.v3.test_volume_types.VolumeTypesMemberTests.test_show_volume_type_detail [0.015703s] ... ok
{0} cinder_tempest_plugin.rbac.v3.test_volume_types.VolumeTypesMemberTests.test_update_encryption_type [0.010579s] ... ok
{0} cinder_tempest_plugin.rbac.v3.test_volume_types.VolumeTypesMemberTests.test_update_extra_spec_for_volume_type [0.009493s] ... ok
{0} cinder_tempest_plugin.rbac.v3.test_volume_types.VolumeTypesMemberTests.test_update_volume_type [0.008377s] ... ok
{3} cinder_tempest_plugin.rbac.v3.test_snapshots.ProjectMemberTests.test_list_snapshots [76.028335s] ... ok
{3} cinder_tempest_plugin.rbac.v3.test_snapshots.ProjectMemberTests.test_manage_snapshot ... SKIPPED: manage snapshots are disabled
{1} tempest.scenario.test_shelve_instance.TestShelveInstance.test_shelve_volume_backed_instance [129.327437s] ... ok
{3} cinder_tempest_plugin.rbac.v3.test_snapshots.ProjectMemberTests.test_reset_snapshot_status [101.624327s] ... ok
{0} cinder_tempest_plugin.scenario.test_snapshots.SnapshotDependencyTests.test_snapshot_removal [139.157926s] ... ok
{0} setUpClass (cinder_tempest_plugin.scenario.test_volume_replication.VolumeReplicationTest) ... SKIPPED: Volume replication feature disabled
{3} cinder_tempest_plugin.rbac.v3.test_snapshots.ProjectMemberTests.test_show_snapshot [84.204570s] ... ok
{3} cinder_tempest_plugin.rbac.v3.test_snapshots.ProjectMemberTests.test_unmanage_snapshot [98.364366s] ... ok
{1} tempest.scenario.test_volume_boot_pattern.TestVolumeBootPattern.test_bootable_volume_last_snapshot_delete_while_stopped [236.462301s] ... ok
{3} cinder_tempest_plugin.rbac.v3.test_snapshots.ProjectMemberTests.test_update_snapshot [57.695345s] ... ok
{3} cinder_tempest_plugin.rbac.v3.test_snapshots.ProjectMemberTests.test_update_snapshot_status [44.400400s] ... ok
{3} cinder_tempest_plugin.rbac.v3.test_snapshots.ProjectReaderTests.test_create_snapshot ... SKIPPED: Skipped until bug: https://launchpad.net/bugs/2017108 is resolved.
{3} cinder_tempest_plugin.rbac.v3.test_snapshots.ProjectReaderTests.test_delete_snapshot ... SKIPPED: Skipped until bug: https://launchpad.net/bugs/2017108 is resolved.
{3} cinder_tempest_plugin.rbac.v3.test_snapshots.ProjectReaderTests.test_force_delete_snapshot [69.080687s] ... ok
{1} tempest.scenario.test_volume_boot_pattern.TestVolumeBootPattern.test_image_defined_boot_from_volume [198.296857s] ... ok
{3} cinder_tempest_plugin.rbac.v3.test_snapshots.ProjectReaderTests.test_list_snapshots [82.026849s] ... ok
{3} cinder_tempest_plugin.rbac.v3.test_snapshots.ProjectReaderTests.test_manage_snapshot ... SKIPPED: manage snapshots are disabled
{3} cinder_tempest_plugin.rbac.v3.test_snapshots.ProjectReaderTests.test_reset_snapshot_status [50.442013s] ... ok
{3} cinder_tempest_plugin.rbac.v3.test_snapshots.ProjectReaderTests.test_show_snapshot [86.166878s] ... ok
{1} tempest.scenario.test_volume_boot_pattern.TestVolumeBootPattern.test_volume_boot_pattern [238.647648s] ... ok
{1} setUpClass (cinder_tempest_plugin.api.volume.admin.test_volume_backup.VolumesBackupsTest) ... SKIPPED: Cinder backup feature disabled
{3} cinder_tempest_plugin.rbac.v3.test_snapshots.ProjectReaderTests.test_unmanage_snapshot [76.043618s] ... ok
{3} cinder_tempest_plugin.rbac.v3.test_snapshots.ProjectReaderTests.test_update_snapshot ... SKIPPED: Skipped until bug: https://launchpad.net/bugs/2017108 is resolved.
{3} cinder_tempest_plugin.rbac.v3.test_snapshots.ProjectReaderTests.test_update_snapshot_status ... SKIPPED: Skipped until bug: https://launchpad.net/bugs/2017108 is resolved.
{3} cinder_tempest_plugin.rbac.v3.test_user_messages.ProjectAdminTests.test_delete_message [1.447133s] ... ok
{3} cinder_tempest_plugin.rbac.v3.test_user_messages.ProjectAdminTests.test_list_messages [1.332312s] ... ok
{3} cinder_tempest_plugin.rbac.v3.test_user_messages.ProjectAdminTests.test_show_message [1.337042s] ... ok
{3} cinder_tempest_plugin.rbac.v3.test_user_messages.ProjectMemberTests.test_delete_message [1.492722s] ... ok
{3} cinder_tempest_plugin.rbac.v3.test_user_messages.ProjectMemberTests.test_list_messages [1.291353s] ... ok
{3} cinder_tempest_plugin.rbac.v3.test_user_messages.ProjectMemberTests.test_show_message [1.308742s] ... ok
{3} cinder_tempest_plugin.rbac.v3.test_user_messages.ProjectReaderTests.test_delete_message ... SKIPPED: Skipped until bug: https://launchpad.net/bugs/2009818 is resolved.
{3} cinder_tempest_plugin.rbac.v3.test_user_messages.ProjectReaderTests.test_list_messages [1.487851s] ... ok
{3} cinder_tempest_plugin.rbac.v3.test_user_messages.ProjectReaderTests.test_show_message [1.324315s] ... ok
{3} cinder_tempest_plugin.rbac.v3.test_volumes.ProjectReaderTests.test_create_volume ... SKIPPED: Skipped until bug: https://launchpad.net/bugs/2020113 is resolved.
{3} cinder_tempest_plugin.rbac.v3.test_volumes.ProjectReaderTests.test_delete_volume ... SKIPPED: Skipped until bug: https://launchpad.net/bugs/2020113 is resolved.
{1} cinder_tempest_plugin.api.volume.test_multiple_volume_from_resource.CreateVolumesFromImageTest.test_create_from_image_multiple [58.281051s] ... ok
{3} cinder_tempest_plugin.rbac.v3.test_volumes.ProjectReaderTests.test_list_volumes [64.041693s] ... ok
{3} cinder_tempest_plugin.rbac.v3.test_volumes.ProjectReaderTests.test_list_volumes_detail [43.348832s] ... ok
{3} cinder_tempest_plugin.rbac.v3.test_volumes.ProjectReaderTests.test_set_bootable_volume ... SKIPPED: Skipped until bug: https://launchpad.net/bugs/2020113 is resolved.
{1} cinder_tempest_plugin.api.volume.test_multiple_volume_from_resource.CreateVolumesFromSnapshotTest.test_create_multiple_volume_from_snapshot [67.592629s] ... ok
{3} cinder_tempest_plugin.rbac.v3.test_volumes.ProjectReaderTests.test_show_volume [66.982782s] ... ok
{3} cinder_tempest_plugin.rbac.v3.test_volumes.ProjectReaderTests.test_show_volume_summary [48.493553s] ... ok
{3} cinder_tempest_plugin.rbac.v3.test_volumes.ProjectReaderTests.test_update_volume ... SKIPPED: Skipped until bug: https://launchpad.net/bugs/2020113 is resolved.
{1} setUpClass (cinder_tempest_plugin.api.volume.test_volume_backup.VolumesBackupsTest) ... SKIPPED: Cinder backup feature disabled
{1} cinder_tempest_plugin.api.volume.test_volume_dependency.VolumeDependencyTests.test_delete_dep_chain [89.177414s] ... ok
{1} cinder_tempest_plugin.api.volume.test_volume_dependency.VolumeDependencyTests.test_delete_dep_chain_2 [105.158055s] ... ok
{1} cinder_tempest_plugin.api.volume.test_volume_dependency.VolumeDependencyTests.test_delete_source_snapshot [55.715234s] ... ok
{1} cinder_tempest_plugin.api.volume.test_volume_dependency.VolumeDependencyTests.test_delete_source_volume [32.130548s] ... ok
{1} cinder_tempest_plugin.rbac.v3.test_capabilities.ProjectAdminTests.test_get_capabilities [0.212917s] ... ok
{1} cinder_tempest_plugin.rbac.v3.test_capabilities.ProjectMemberTests.test_get_capabilities [0.225380s] ... ok
{1} cinder_tempest_plugin.rbac.v3.test_capabilities.ProjectReaderTests.test_get_capabilities [0.219505s] ... ok
{1} cinder_tempest_plugin.rbac.v3.test_volume_actions.ProjectReaderTests.test_extend_volume ... SKIPPED: Skipped until bug: https://launchpad.net/bugs/2020261 is resolved.
{1} cinder_tempest_plugin.rbac.v3.test_volume_actions.ProjectReaderTests.test_force_delete_volume [40.315140s] ... ok
{1} cinder_tempest_plugin.rbac.v3.test_volume_actions.ProjectReaderTests.test_reserve_volume ... SKIPPED: Skipped until bug: https://launchpad.net/bugs/2020261 is resolved.
{1} cinder_tempest_plugin.rbac.v3.test_volume_actions.ProjectReaderTests.test_reset_volume_status [17.637623s] ... ok
{1} cinder_tempest_plugin.rbac.v3.test_volume_actions.ProjectReaderTests.test_retype_volume ... SKIPPED: Skipped until bug: https://launchpad.net/bugs/2020261 is resolved.
{1} cinder_tempest_plugin.rbac.v3.test_volume_actions.ProjectReaderTests.test_unreserve_volume ... SKIPPED: Skipped until bug: https://launchpad.net/bugs/2020261 is resolved.
{1} cinder_tempest_plugin.rbac.v3.test_volume_actions.ProjectReaderTests.test_update_volume_readonly ... SKIPPED: Skipped until bug: https://launchpad.net/bugs/2020261 is resolved.
{1} cinder_tempest_plugin.rbac.v3.test_volume_types.VolumeTypesAdminTests.test_create_encryption_type [0.056995s] ... ok
{1} cinder_tempest_plugin.rbac.v3.test_volume_types.VolumeTypesAdminTests.test_create_or_update_extra_specs_for_volume_type [0.064417s] ... ok
{1} cinder_tempest_plugin.rbac.v3.test_volume_types.VolumeTypesAdminTests.test_create_volume_type [0.047418s] ... ok
{1} cinder_tempest_plugin.rbac.v3.test_volume_types.VolumeTypesAdminTests.test_delete_encryption_type [0.062950s] ... ok
{1} cinder_tempest_plugin.rbac.v3.test_volume_types.VolumeTypesAdminTests.test_delete_extra_spec_for_volume_type [0.040322s] ... ok
{1} cinder_tempest_plugin.rbac.v3.test_volume_types.VolumeTypesAdminTests.test_delete_volume_type [0.058912s] ... ok
{1} cinder_tempest_plugin.rbac.v3.test_volume_types.VolumeTypesAdminTests.test_list_all_extra_specs_for_volume_type [0.016343s] ... ok
{1} cinder_tempest_plugin.rbac.v3.test_volume_types.VolumeTypesAdminTests.test_list_volume_types [0.022737s] ... ok
{1} cinder_tempest_plugin.rbac.v3.test_volume_types.VolumeTypesAdminTests.test_show_default_volume_type ... SKIPPED: Skipped until bug: https://launchpad.net/bugs/2016402 is resolved.
{1} cinder_tempest_plugin.rbac.v3.test_volume_types.VolumeTypesAdminTests.test_show_encryption_spec_item [0.009048s] ... ok
{1} cinder_tempest_plugin.rbac.v3.test_volume_types.VolumeTypesAdminTests.test_show_encryption_type [0.009627s] ... ok
{1} cinder_tempest_plugin.rbac.v3.test_volume_types.VolumeTypesAdminTests.test_show_extra_spec_for_volume_type [0.023215s] ... ok
{1} cinder_tempest_plugin.rbac.v3.test_volume_types.VolumeTypesAdminTests.test_show_volume_type_detail [0.009974s] ... ok
{1} cinder_tempest_plugin.rbac.v3.test_volume_types.VolumeTypesAdminTests.test_update_encryption_type [0.021295s] ... ok
{1} cinder_tempest_plugin.rbac.v3.test_volume_types.VolumeTypesAdminTests.test_update_extra_spec_for_volume_type [0.018344s] ... ok
{1} cinder_tempest_plugin.rbac.v3.test_volume_types.VolumeTypesAdminTests.test_update_volume_type [0.021380s] ... ok
{1} cinder_tempest_plugin.rbac.v3.test_volume_types.VolumeTypesReaderTests.test_create_encryption_type [0.084744s] ... ok
{1} cinder_tempest_plugin.rbac.v3.test_volume_types.VolumeTypesReaderTests.test_create_or_update_extra_specs_for_volume_type [0.037617s] ... ok
{1} cinder_tempest_plugin.rbac.v3.test_volume_types.VolumeTypesReaderTests.test_create_volume_type [0.012113s] ... ok
{1} cinder_tempest_plugin.rbac.v3.test_volume_types.VolumeTypesReaderTests.test_delete_encryption_type [0.057502s] ... ok
{1} cinder_tempest_plugin.rbac.v3.test_volume_types.VolumeTypesReaderTests.test_delete_extra_spec_for_volume_type [0.036367s] ... ok
{1} cinder_tempest_plugin.rbac.v3.test_volume_types.VolumeTypesReaderTests.test_delete_volume_type [0.029523s] ... ok
{1} cinder_tempest_plugin.rbac.v3.test_volume_types.VolumeTypesReaderTests.test_list_all_extra_specs_for_volume_type [0.014676s] ... ok
{1} cinder_tempest_plugin.rbac.v3.test_volume_types.VolumeTypesReaderTests.test_list_volume_types ... SKIPPED: Skipped until bug: https://launchpad.net/bugs/2016402 is resolved.
{1} cinder_tempest_plugin.rbac.v3.test_volume_types.VolumeTypesReaderTests.test_show_default_volume_type ... SKIPPED: Skipped until bug: https://launchpad.net/bugs/2016402 is resolved.
{1} cinder_tempest_plugin.rbac.v3.test_volume_types.VolumeTypesReaderTests.test_show_encryption_spec_item [0.008121s] ... ok
{1} cinder_tempest_plugin.rbac.v3.test_volume_types.VolumeTypesReaderTests.test_show_encryption_type [0.005896s] ... ok
{1} cinder_tempest_plugin.rbac.v3.test_volume_types.VolumeTypesReaderTests.test_show_extra_spec_for_volume_type [0.031843s] ... ok
{1} cinder_tempest_plugin.rbac.v3.test_volume_types.VolumeTypesReaderTests.test_show_volume_type_detail ... SKIPPED: Skipped until bug: https://launchpad.net/bugs/2016402 is resolved.
{1} cinder_tempest_plugin.rbac.v3.test_volume_types.VolumeTypesReaderTests.test_update_encryption_type [0.008304s] ... ok
{1} cinder_tempest_plugin.rbac.v3.test_volume_types.VolumeTypesReaderTests.test_update_extra_spec_for_volume_type [0.007835s] ... ok
{1} cinder_tempest_plugin.rbac.v3.test_volume_types.VolumeTypesReaderTests.test_update_volume_type [0.008099s] ... ok
{1} setUpClass (cinder_tempest_plugin.scenario.test_volume_encrypted.TestEncryptedCinderVolumes) ... SKIPPED: Encrypted volume attach is not supported

======
Totals
======
Ran: 385 tests in 3548.3820 sec.
 - Passed: 331
 - Skipped: 54
 - Expected Fail: 0
 - Unexpected Success: 0
 - Failed: 0
Sum of execute time for each test: 8142.4293 sec.

==============
Worker Balance
==============
 - Worker 0 (115 tests) => 0:38:29.059205
 - Worker 1 (111 tests) => 0:59:05.655504
 - Worker 2 (66 tests) => 0:26:33.073367
 - Worker 3 (93 tests) => 0:52:36.239985
___________________________________ summary ____________________________________
  all: commands succeeded
  congratulations :)
commit_id: 2463da17c
2026/10/06 15:03:15
