dec6701c8 NetApp ONTAP: Add REST metrics-based pool utilization
2026/10/06 15:59:00
all develop-inst-nodeps: /opt/stack/tempest
all installed: attrs==26.1.0,autopage==0.6.0,bcrypt==5.0.0,certifi==2026.7.22,cffi==2.1.1,charset-normalizer==3.5.1,cinder-tempest-plugin @ git+https://opendev.org/openstack/cinder-tempest-plugin.git@d4894b4df9916d5f7b1968a4e3093f40af4eed44,cliff==4.16.0,cmd2==4.2.4,cryptography==50.0.1,debtcollector==3.1.0,defusedxml==0.7.1,fasteners==0.20,fixtures==4.3.2,idna==3.20,invoke==3.0.3,iso8601==2.1.0,jsonschema==4.26.0,jsonschema-specifications==2025.9.1,markdown-it-py==4.2.0,mdurl==0.1.2,msgpack==1.2.2,netaddr==1.3.0,oslo.concurrency==7.6.1,oslo.config==10.7.0,oslo.context==6.5.0,oslo.i18n==6.9.0,oslo.log==8.3.2,oslo.serialization==5.11.0,oslo.utils==10.2.0,packaging==26.3,paramiko==5.0.0,pbr==7.0.3,prettytable==3.18.0,prompt_toolkit==3.0.53,psutil==7.2.2,pycparser==3.0,Pygments==2.21.0,PyNaCl==1.6.2,pyparsing==3.3.2,pyperclip==1.11.0,python-dateutil==2.9.0.post0,python-subunit==1.4.6,PyYAML==6.0.3,referencing==0.37.0,requests==2.34.2,rfc3986==2.0.0,rich==15.0.0,rich-argparse==1.8.0,rpds-py==2026.6.3,setuptools==84.0.0,six==1.17.0,stestr==4.2.1,stevedore==5.9.1,-e git+https://opendev.org/openstack/tempest.git@911dc91ed43e2df794a60c2d1c5934d4d63a18c1#egg=tempest,testscenarios==0.7.0,testtools==2.9.1,tomlkit==0.15.1,typing_extensions==4.16.0,urllib3==2.8.0,voluptuous==0.16.0,wcwidth==0.9.1,wrapt==2.4.1
all run-test-pre: PYTHONHASHSEED='2236317862'
all run-test: commands[0] | find . -type f -name '*.pyc' -delete
all run-test: commands[1] | tempest run --regex '^(?=.*volume|.*cinder_tempest_plugin).*' --concurrency=4 --exclude-list /opt/stack/tempest/exclude_testcases_fc.txt
{3} setUpClass (tempest.api.compute.admin.test_live_migration.LiveMigrationWithoutHostTest) ... SKIPPED: LiveMigrationWithoutHostTest skipped as live-migration is not available
{2} setUpClass (tempest.api.compute.admin.test_live_migration.LiveAutoBlockMigrationV225Test) ... SKIPPED: LiveAutoBlockMigrationV225Test skipped as live-migration is not available
{1} tempest.api.compute.admin.test_volume_swap.TestVolumeSwap.test_volume_swap ... SKIPPED: Skipped until bug: https://launchpad.net/bugs/2112187 is resolved.
{1} tempest.api.compute.admin.test_volumes_negative.UpdateMultiattachVolumeNegativeTest.test_multiattach_rw_volume_update_failure ... SKIPPED: Skipped until bug: https://launchpad.net/bugs/2112187 is resolved.
{1} tempest.api.compute.admin.test_volumes_negative.VolumesAdminNegativeTest.test_update_attached_volume_with_nonexistent_volume_in_body ... SKIPPED: Skipped until bug: https://launchpad.net/bugs/2112187 is resolved.
{1} tempest.api.compute.admin.test_volumes_negative.VolumesAdminNegativeTest.test_update_attached_volume_with_nonexistent_volume_in_uri [18.392882s] ... ok
{2} tempest.api.compute.admin.test_volume.AttachSCSIVolumeTestJSON.test_attach_scsi_disk_with_config_drive [52.462550s] ... ok
{3} tempest.api.compute.servers.test_device_tagging.TaggedAttachmentsTest.test_tagged_attachment [65.828035s] ... ok
{0} tempest.api.compute.admin.test_assisted_volume_snapshots.VolumesAssistedSnapshotsTest.test_volume_assisted_snapshot_create_delete [82.274199s] ... ok
{2} tempest.api.compute.volumes.test_attach_volume.AttachVolumeMultiAttachTest.test_boot_with_multiattach_volume_direct_lun ... SKIPPED: hw_scsi_model=virtio-scsi not set on image
{0} setUpClass (tempest.api.compute.admin.test_live_migration.LiveMigrationTest) ... SKIPPED: LiveMigrationTest skipped as live-migration is not available
{0} tempest.api.compute.servers.test_delete_server.DeleteServersTestJSON.test_delete_server_while_in_attached_volume [34.648100s] ... ok
{2} tempest.api.compute.volumes.test_attach_volume_negative.AttachVolumeNegativeTest.test_attach_attached_volume_to_different_server [112.035759s] ... ok
{1} tempest.api.compute.servers.test_device_tagging.TaggedBootDevicesTest_v242.test_tagged_boot_devices [140.981369s] ... ok
{3} tempest.api.compute.servers.test_device_tagging.TaggedBootDevicesTest.test_tagged_boot_devices [140.772737s] ... ok
{1} tempest.api.compute.servers.test_servers_negative.ServersNegativeTestJSON.test_create_server_from_non_bootable_volume [29.270037s] ... ok
{2} tempest.api.compute.volumes.test_attach_volume_negative.AttachVolumeNegativeTest.test_attach_attached_volume_to_same_server [88.626392s] ... ok
{0} tempest.api.compute.servers.test_server_actions.ServerActionsTestOtherA.test_rebuild_server_with_volume_attached [99.390380s] ... ok
{1} tempest.api.compute.servers.test_servers_negative.ServersNegativeTestJSON.test_create_server_invalid_bdm_in_2nd_dict [49.733570s] ... ok
{2} tempest.api.compute.volumes.test_attach_volume_negative.AttachVolumeNegativeTest.test_delete_attached_volume [115.033206s] ... ok
{0} tempest.api.compute.servers.test_server_actions.ServerActionsTestOtherA.test_resize_volume_backed_server_confirm [126.815626s] ... ok
{1} tempest.api.compute.volumes.test_volumes_get.VolumesGetTestJSON.test_volume_create_get_delete [37.729641s] ... ok
{3} tempest.api.compute.servers.test_server_actions.ServerActionsTestOtherB.test_resize_server_revert_with_volume_attached [97.899012s] ... ok
{2} tempest.api.volume.admin.test_backends_capabilities.BackendsCapabilitiesAdminTestsJSON.test_compare_volume_stats_values [0.045362s] ... ok
{2} tempest.api.volume.admin.test_backends_capabilities.BackendsCapabilitiesAdminTestsJSON.test_get_capabilities_backend [0.026266s] ... ok
{2} tempest.api.volume.admin.test_groups.GroupsTest.test_group_create_show_list_delete [16.984276s] ... ok
{3} tempest.api.compute.servers.test_server_rescue.ServerBootFromVolumeStableRescueTest.test_stable_device_rescue_bfv_blank_volume [38.714163s] ... ok
{2} tempest.api.volume.admin.test_groups.GroupsTest.test_group_update [34.955421s] ... ok
{2} setUpClass (tempest.api.volume.admin.test_multi_backend.VolumeMultiBackendTest) ... SKIPPED: Cinder multi-backend feature disabled
{2} tempest.api.volume.admin.test_qos.QosSpecsTestJSON.test_associate_disassociate_qos [0.359716s] ... ok
{2} tempest.api.volume.admin.test_qos.QosSpecsTestJSON.test_create_delete_qos_with_back_end_consumer [0.098153s] ... ok
{2} tempest.api.volume.admin.test_qos.QosSpecsTestJSON.test_create_delete_qos_with_both_consumer [0.087858s] ... ok
{2} tempest.api.volume.admin.test_qos.QosSpecsTestJSON.test_create_delete_qos_with_front_end_consumer [0.085351s] ... ok
{2} tempest.api.volume.admin.test_qos.QosSpecsTestJSON.test_get_qos [0.008637s] ... ok
{2} tempest.api.volume.admin.test_qos.QosSpecsTestJSON.test_list_qos [0.011372s] ... ok
{2} tempest.api.volume.admin.test_qos.QosSpecsTestJSON.test_set_unset_qos_key [0.079317s] ... ok
{1} tempest.api.compute.volumes.test_volumes_list.VolumesTestJSON.test_volume_list [0.089527s] ... ok
{1} tempest.api.compute.volumes.test_volumes_list.VolumesTestJSON.test_volume_list_param_limit [0.040510s] ... ok
{1} tempest.api.compute.volumes.test_volumes_list.VolumesTestJSON.test_volume_list_param_offset_and_limit [0.077436s] ... ok
{1} tempest.api.compute.volumes.test_volumes_list.VolumesTestJSON.test_volume_list_with_detail_param_limit [0.035310s] ... ok
{1} tempest.api.compute.volumes.test_volumes_list.VolumesTestJSON.test_volume_list_with_detail_param_offset_and_limit [0.068460s] ... ok
{1} tempest.api.compute.volumes.test_volumes_list.VolumesTestJSON.test_volume_list_with_details [0.035570s] ... ok
{0} tempest.api.compute.servers.test_server_actions.ServerActionsV293TestJSON.test_rebuild_volume_backed_server [77.983364s] ... ok
{2} tempest.api.volume.admin.test_snapshots_actions.SnapshotsActionsTest.test_reset_snapshot_status [0.170697s] ... ok
{3} tempest.api.compute.servers.test_server_rescue.ServerBootFromVolumeStableRescueTest.test_stable_device_rescue_bfv_image_volume [82.108792s] ... ok
{2} tempest.api.volume.admin.test_snapshots_actions.SnapshotsActionsTest.test_snapshot_force_delete_when_snapshot_is_creating [34.787080s] ... ok
{1} setUpClass (tempest.api.volume.admin.test_encrypted_volumes_extend.EncryptedVolumesExtendAttachedTest) ... SKIPPED: Attached encrypted volume extend is disabled.
{1} tempest.api.volume.admin.test_group_type_specs.GroupTypeSpecsTest.test_group_type_specs_create_show_update_list_delete [0.351059s] ... ok
{1} tempest.api.volume.admin.test_group_types.GroupTypesTest.test_group_type_create_list_update_show_delete [0.219345s] ... ok
{1} tempest.api.volume.admin.test_group_types.GroupTypesTest.test_group_type_list_by_optional_params [0.146203s] ... ok
{1} tempest.api.volume.admin.test_volume_hosts.VolumeHostsAdminTestsJSON.test_list_hosts [0.113877s] ... ok
{1} tempest.api.volume.admin.test_volume_hosts.VolumeHostsAdminTestsJSON.test_show_host [0.066980s] ... ok
{1} setUpClass (tempest.api.volume.admin.test_volume_retype.VolumeRetypeWithMigrationTest) ... SKIPPED: Cinder multi-backend feature disabled
{2} tempest.api.volume.admin.test_snapshots_actions.SnapshotsActionsTest.test_snapshot_force_delete_when_snapshot_is_deleting [22.709156s] ... ok
{1} tempest.api.volume.admin.test_volume_retype.VolumeRetypeWithoutMigrationTest.test_available_volume_retype [17.955828s] ... ok
{1} tempest.api.volume.admin.test_volume_types_extra_specs_negative.ExtraSpecsNegativeTest.test_create_invalid_body [0.010409s] ... ok
{1} tempest.api.volume.admin.test_volume_types_extra_specs_negative.ExtraSpecsNegativeTest.test_create_none_body [0.009122s] ... ok
{1} tempest.api.volume.admin.test_volume_types_extra_specs_negative.ExtraSpecsNegativeTest.test_create_nonexistent_type_id [0.017297s] ... ok
{1} tempest.api.volume.admin.test_volume_types_extra_specs_negative.ExtraSpecsNegativeTest.test_delete_nonexistent_volume_type_id [0.007224s] ... ok
{1} tempest.api.volume.admin.test_volume_types_extra_specs_negative.ExtraSpecsNegativeTest.test_get_nonexistent_extra_spec_name [0.016486s] ... ok
{1} tempest.api.volume.admin.test_volume_types_extra_specs_negative.ExtraSpecsNegativeTest.test_get_nonexistent_volume_type_id [0.011802s] ... ok
{1} tempest.api.volume.admin.test_volume_types_extra_specs_negative.ExtraSpecsNegativeTest.test_list_nonexistent_volume_type_id [0.012606s] ... ok
{1} tempest.api.volume.admin.test_volume_types_extra_specs_negative.ExtraSpecsNegativeTest.test_update_multiple_extra_spec [0.007494s] ... ok
{1} tempest.api.volume.admin.test_volume_types_extra_specs_negative.ExtraSpecsNegativeTest.test_update_no_body [0.010466s] ... ok
{1} tempest.api.volume.admin.test_volume_types_extra_specs_negative.ExtraSpecsNegativeTest.test_update_none_extra_spec_id [0.016789s] ... ok
{1} tempest.api.volume.admin.test_volume_types_extra_specs_negative.ExtraSpecsNegativeTest.test_update_nonexistent_extra_spec_id [0.014292s] ... ok
{1} tempest.api.volume.admin.test_volume_types_extra_specs_negative.ExtraSpecsNegativeTest.test_update_nonexistent_type_id [0.020579s] ... ok
{1} tempest.api.volume.admin.test_volume_types_negative.VolumeTypesNegativeTest.test_create_volume_type_encryption_nonexistent_type_id [0.120295s] ... ok
{2} tempest.api.volume.admin.test_snapshots_actions.SnapshotsActionsTest.test_snapshot_force_delete_when_snapshot_is_error [20.565183s] ... ok
{1} tempest.api.volume.admin.test_volume_types_negative.VolumeTypesNegativeTest.test_create_volume_with_private_volume_type [0.119461s] ... ok
{1} tempest.api.volume.admin.test_volume_types_negative.VolumeTypesNegativeTest.test_create_with_empty_name [0.009443s] ... ok
{1} tempest.api.volume.admin.test_volume_types_negative.VolumeTypesNegativeTest.test_create_with_repeated_name [0.076063s] ... ok
{1} tempest.api.volume.admin.test_volume_types_negative.VolumeTypesNegativeTest.test_delete_nonexistent_type_id [0.011507s] ... ok
{1} tempest.api.volume.admin.test_volume_types_negative.VolumeTypesNegativeTest.test_get_nonexistent_type_id [0.010628s] ... ok
{1} setUpClass (tempest.api.volume.admin.test_volumes_backup.VolumesBackupsAdminTest) ... SKIPPED: Cinder backup feature disabled
{0} tempest.api.compute.servers.test_server_rescue.ServerStableDeviceRescueTest.test_stable_device_rescue_disk_virtio_with_volume_attached [84.352596s] ... ok
{1} tempest.api.volume.test_volume_absolute_limits.AbsoluteLimitsTests.test_get_volume_absolute_limits [0.067733s] ... ok
{2} tempest.api.volume.admin.test_snapshots_actions.SnapshotsActionsTest.test_snapshot_force_delete_when_snapshot_is_error_deleting [32.924420s] ... ok
{2} tempest.api.volume.admin.test_snapshots_actions.SnapshotsActionsTest.test_update_snapshot_status [0.120479s] ... ok
{3} tempest.api.compute.volumes.test_attach_volume.AttachVolumeShelveTestJSON.test_attach_volume_shelved_or_offload_server [98.073864s] ... ok
{2} tempest.api.volume.admin.test_user_messages.UserMessagesTest.test_delete_message [1.541657s] ... ok
{2} tempest.api.volume.admin.test_user_messages.UserMessagesTest.test_list_show_messages [1.412173s] ... ok
{0} tempest.api.compute.servers.test_server_rescue_negative.ServerRescueNegativeTestJSON.test_rescued_vm_attach_volume [25.527071s] ... ok
{1} tempest.api.volume.test_volume_transfers.VolumesTransfersTest.test_create_get_list_accept_volume_transfer [31.674964s] ... ok
{1} tempest.api.volume.test_volume_transfers.VolumesTransfersTest.test_create_list_delete_volume_transfer [27.068153s] ... ok
{1} setUpClass (tempest.api.volume.test_volumes_backup.VolumesBackupsTest) ... SKIPPED: Cinder backup feature disabled
{3} tempest.api.compute.volumes.test_attach_volume.AttachVolumeShelveTestJSON.test_detach_volume_shelved_or_offload_server [90.310939s] ... ok
{2} tempest.api.volume.admin.test_volume_manage.VolumeManageAdminTest.test_unmanage_manage_volume [91.044458s] ... ok
{0} tempest.api.compute.servers.test_server_rescue_negative.ServerRescueNegativeTestJSON.test_rescued_vm_detach_volume [88.210063s] ... ok
{2} tempest.api.volume.admin.test_volume_quotas.VolumeQuotasAdminTestJSON.test_delete_quota [0.178053s] ... ok
{2} tempest.api.volume.admin.test_volume_quotas.VolumeQuotasAdminTestJSON.test_list_default_quotas [0.018926s] ... ok
{2} tempest.api.volume.admin.test_volume_quotas.VolumeQuotasAdminTestJSON.test_list_quotas [0.027440s] ... ok
{1} tempest.api.volume.test_volumes_clone.VolumesCloneTest.test_create_from_bootable_volume [70.519522s] ... ok
{2} tempest.api.volume.admin.test_volume_quotas.VolumeQuotasAdminTestJSON.test_quota_usage [44.490656s] ... ok
{0} tempest.api.compute.volumes.test_volumes_negative.VolumesNegativeTest.test_create_volume_with_invalid_size [0.134080s] ... ok
{0} tempest.api.compute.volumes.test_volumes_negative.VolumesNegativeTest.test_create_volume_with_size_zero [0.010505s] ... ok
{0} tempest.api.compute.volumes.test_volumes_negative.VolumesNegativeTest.test_create_volume_without_passing_size [0.009258s] ... ok
{0} tempest.api.compute.volumes.test_volumes_negative.VolumesNegativeTest.test_delete_invalid_volume_id [0.027830s] ... ok
{0} tempest.api.compute.volumes.test_volumes_negative.VolumesNegativeTest.test_delete_volume_without_passing_volume_id [0.005319s] ... ok
{0} tempest.api.compute.volumes.test_volumes_negative.VolumesNegativeTest.test_get_volume_without_passing_volume_id [0.037586s] ... ok
{0} tempest.api.compute.volumes.test_volumes_negative.VolumesNegativeTest.test_volume_delete_nonexistent_volume_id [0.024165s] ... ok
{0} tempest.api.compute.volumes.test_volumes_negative.VolumesNegativeTest.test_volume_get_nonexistent_volume_id [0.023936s] ... ok
{0} setUpClass (tempest.api.volume.admin.test_snapshot_manage.SnapshotManageAdminTest) ... SKIPPED: Manage snapshot tests are disabled
{2} tempest.api.volume.admin.test_volume_quotas.VolumeQuotasAdminTestJSON.test_quota_usage_after_volume_transfer [57.104706s] ... ok
{2} tempest.api.volume.admin.test_volume_quotas.VolumeQuotasAdminTestJSON.test_show_quota_usage [0.027451s] ... ok
{2} tempest.api.volume.admin.test_volume_quotas.VolumeQuotasAdminTestJSON.test_update_all_quota_resources_for_tenant [0.160929s] ... ok
{0} tempest.api.volume.admin.test_volume_quota_classes.VolumeQuotaClassesTest.test_show_default_quota [53.366587s] ... ok
{0} tempest.api.volume.admin.test_volume_quota_classes.VolumeQuotaClassesTest.test_update_default_quota [0.475065s] ... ok
{0} tempest.api.volume.admin.test_volume_services.VolumesServicesTestJSON.test_get_service_by_host_name [0.019197s] ... ok
{0} tempest.api.volume.admin.test_volume_services.VolumesServicesTestJSON.test_get_service_by_service_and_host_name [0.015976s] ... ok
{0} tempest.api.volume.admin.test_volume_services.VolumesServicesTestJSON.test_get_service_by_service_binary_name [0.014703s] ... ok
{1} tempest.api.volume.test_volumes_get.VolumesGetTest.test_volume_create_get_update_delete [105.465313s] ... ok
{2} tempest.api.volume.admin.test_volume_quotas_negative.VolumeQuotasNegativeTestJSON.test_quota_volume_gigabytes [0.127253s] ... ok
{2} tempest.api.volume.admin.test_volume_quotas_negative.VolumeQuotasNegativeTestJSON.test_quota_volumes [0.118996s] ... ok
{2} tempest.api.volume.admin.test_volume_quotas_negative.VolumeQuotasNegativeTestJSON.test_volume_extend_gigabytes_quota_deviation [0.104118s] ... ok
{0} tempest.api.volume.admin.test_volume_services.VolumesServicesTestJSON.test_get_service_by_volume_host_name [50.608676s] ... ok
{0} tempest.api.volume.admin.test_volume_services.VolumesServicesTestJSON.test_list_services [0.014255s] ... ok
{0} tempest.api.volume.admin.test_volume_services_negative.VolumeServicesNegativeTest.test_disable_log_reason_with_no_reason [0.011891s] ... ok
{0} tempest.api.volume.admin.test_volume_services_negative.VolumeServicesNegativeTest.test_disable_service_with_invalid_binary [0.017218s] ... ok
{0} tempest.api.volume.admin.test_volume_services_negative.VolumeServicesNegativeTest.test_enable_service_with_invalid_host [0.015093s] ... ok
{0} tempest.api.volume.admin.test_volume_services_negative.VolumeServicesNegativeTest.test_freeze_host_with_invalid_host [0.012598s] ... ok
{0} tempest.api.volume.admin.test_volume_services_negative.VolumeServicesNegativeTest.test_thaw_host_with_invalid_host [0.014310s] ... ok
{0} tempest.api.volume.admin.test_volume_types.VolumeTypesTest.test_volume_type_create_get_delete [0.171882s] ... ok
{0} tempest.api.volume.admin.test_volume_types.VolumeTypesTest.test_volume_type_encryption_create_get_update_delete [0.212161s] ... ok
{0} tempest.api.volume.admin.test_volume_types.VolumeTypesTest.test_volume_type_list [0.019037s] ... ok
{0} tempest.api.volume.admin.test_volume_types.VolumeTypesTest.test_volume_type_update [0.118174s] ... ok
{2} tempest.api.volume.admin.test_volumes_actions.VolumesActionsTest.test_force_detach_volume [35.675201s] ... ok
{3} tempest.api.compute.volumes.test_attach_volume.AttachVolumeTestJSON.test_attach_detach_volume [159.486756s] ... ok
{0} tempest.api.volume.test_snapshot_metadata.SnapshotMetadataTestJSON.test_crud_snapshot_metadata [0.193766s] ... ok
{0} tempest.api.volume.test_snapshot_metadata.SnapshotMetadataTestJSON.test_update_show_snapshot_metadata_item [0.151473s] ... ok
{2} tempest.api.volume.admin.test_volumes_actions.VolumesActionsTest.test_volume_force_delete_when_volume_is_attaching [43.441840s] ... ok
{1} tempest.api.volume.test_volumes_get.VolumesGetTest.test_volume_create_get_update_delete_as_clone [108.756796s] ... ok
{2} tempest.api.volume.admin.test_volumes_actions.VolumesActionsTest.test_volume_force_delete_when_volume_is_creating [40.298336s] ... ok
{0} tempest.api.volume.test_volume_transfers.VolumesTransfersV355Test.test_create_get_list_accept_volume_transfer [35.758874s] ... ok
{3} tempest.api.compute.volumes.test_attach_volume.AttachVolumeTestJSON.test_list_get_volume_attachments [83.789278s] ... ok
{1} tempest.api.volume.test_volumes_get.VolumesGetTest.test_volume_create_get_update_delete_from_image [60.321532s] ... ok
{0} tempest.api.volume.test_volume_transfers.VolumesTransfersV355Test.test_create_list_delete_volume_transfer [33.212242s] ... ok
{0} setUpClass (tempest.api.volume.test_volumes_backup.VolumesBackupsV39Test) ... SKIPPED: Cinder backup feature disabled
{2} tempest.api.volume.admin.test_volumes_actions.VolumesActionsTest.test_volume_force_delete_when_volume_is_error [37.251884s] ... ok
{0} tempest.api.volume.test_volumes_clone_negative.VolumesCloneNegativeTest.test_create_from_volume_decreasing_size [40.377738s] ... ok
{2} tempest.api.volume.admin.test_volumes_actions.VolumesActionsTest.test_volume_force_delete_when_volume_is_maintenance [41.341693s] ... ok
{0} tempest.api.volume.test_volumes_negative.VolumesNegativeTest.test_attach_volumes_with_nonexistent_volume_id [4.842590s] ... ok
{0} tempest.api.volume.test_volumes_negative.VolumesNegativeTest.test_create_volume_from_deactivated_image [1.275729s] ... ok
{0} tempest.api.volume.test_volumes_negative.VolumesNegativeTest.test_create_volume_from_image_with_decreasing_size [1.171742s] ... ok
{0} tempest.api.volume.test_volumes_negative.VolumesNegativeTest.test_create_volume_with_invalid_size [0.010943s] ... ok
{0} tempest.api.volume.test_volumes_negative.VolumesNegativeTest.test_create_volume_with_nonexistent_snapshot_id [0.012996s] ... ok
{0} tempest.api.volume.test_volumes_negative.VolumesNegativeTest.test_create_volume_with_nonexistent_source_volid [0.017948s] ... ok
{0} tempest.api.volume.test_volumes_negative.VolumesNegativeTest.test_create_volume_with_nonexistent_volume_type [0.016480s] ... ok
{0} tempest.api.volume.test_volumes_negative.VolumesNegativeTest.test_create_volume_with_size_negative [0.008336s] ... ok
{0} tempest.api.volume.test_volumes_negative.VolumesNegativeTest.test_create_volume_with_size_zero [0.010542s] ... ok
{0} tempest.api.volume.test_volumes_negative.VolumesNegativeTest.test_create_volume_without_passing_size [0.008750s] ... ok
{0} tempest.api.volume.test_volumes_negative.VolumesNegativeTest.test_delete_invalid_volume_id [0.012645s] ... ok
{0} tempest.api.volume.test_volumes_negative.VolumesNegativeTest.test_delete_volume_without_passing_volume_id [0.009840s] ... ok
{0} tempest.api.volume.test_volumes_negative.VolumesNegativeTest.test_detach_volumes_with_invalid_volume_id [0.016875s] ... ok
{0} tempest.api.volume.test_volumes_negative.VolumesNegativeTest.test_get_invalid_volume_id [0.012853s] ... ok
{0} tempest.api.volume.test_volumes_negative.VolumesNegativeTest.test_get_volume_without_passing_volume_id [0.007424s] ... ok
{0} tempest.api.volume.test_volumes_negative.VolumesNegativeTest.test_list_volumes_detail_with_invalid_status [0.035506s] ... ok
{0} tempest.api.volume.test_volumes_negative.VolumesNegativeTest.test_list_volumes_detail_with_nonexistent_name [0.031391s] ... ok
{0} tempest.api.volume.test_volumes_negative.VolumesNegativeTest.test_list_volumes_with_invalid_status [0.029690s] ... ok
{0} tempest.api.volume.test_volumes_negative.VolumesNegativeTest.test_list_volumes_with_nonexistent_name [0.031964s] ... ok
{0} tempest.api.volume.test_volumes_negative.VolumesNegativeTest.test_reserve_volume_with_negative_volume_status [0.068629s] ... ok
{0} tempest.api.volume.test_volumes_negative.VolumesNegativeTest.test_reserve_volume_with_nonexistent_volume_id [0.016432s] ... ok
{0} tempest.api.volume.test_volumes_negative.VolumesNegativeTest.test_unreserve_volume_with_nonexistent_volume_id [0.012292s] ... ok
{0} tempest.api.volume.test_volumes_negative.VolumesNegativeTest.test_update_volume_with_empty_volume_id [0.007264s] ... ok
{0} tempest.api.volume.test_volumes_negative.VolumesNegativeTest.test_update_volume_with_invalid_volume_id [0.012625s] ... ok
{0} tempest.api.volume.test_volumes_negative.VolumesNegativeTest.test_update_volume_with_nonexistent_volume_id [0.014416s] ... ok
{0} tempest.api.volume.test_volumes_negative.VolumesNegativeTest.test_volume_delete_nonexistent_volume_id [0.010852s] ... ok
{0} tempest.api.volume.test_volumes_negative.VolumesNegativeTest.test_volume_extend_with_None_size [0.008029s] ... ok
{0} tempest.api.volume.test_volumes_negative.VolumesNegativeTest.test_volume_extend_with_non_number_size [0.009164s] ... ok
{0} tempest.api.volume.test_volumes_negative.VolumesNegativeTest.test_volume_extend_with_nonexistent_volume_id [0.013245s] ... ok
{0} tempest.api.volume.test_volumes_negative.VolumesNegativeTest.test_volume_extend_with_size_smaller_than_original_size [0.006017s] ... ok
{0} tempest.api.volume.test_volumes_negative.VolumesNegativeTest.test_volume_extend_without_passing_volume_id [0.015568s] ... ok
{0} tempest.api.volume.test_volumes_negative.VolumesNegativeTest.test_volume_get_nonexistent_volume_id [0.013437s] ... ok
{1} tempest.api.volume.test_volumes_list.VolumesListTestJSON.test_volume_list [0.019874s] ... ok
{1} tempest.api.volume.test_volumes_list.VolumesListTestJSON.test_volume_list_by_name [0.033106s] ... ok
{1} tempest.api.volume.test_volumes_list.VolumesListTestJSON.test_volume_list_details_by_name [0.024515s] ... ok
{1} tempest.api.volume.test_volumes_list.VolumesListTestJSON.test_volume_list_details_pagination [0.135173s] ... ok
{1} tempest.api.volume.test_volumes_list.VolumesListTestJSON.test_volume_list_details_with_multiple_params [0.067279s] ... ok
{1} tempest.api.volume.test_volumes_list.VolumesListTestJSON.test_volume_list_pagination [0.079984s] ... ok
{1} tempest.api.volume.test_volumes_list.VolumesListTestJSON.test_volume_list_param_display_name_and_status [0.028214s] ... ok
{1} tempest.api.volume.test_volumes_list.VolumesListTestJSON.test_volume_list_with_detail_param_display_name_and_status [0.200586s] ... ok
{1} tempest.api.volume.test_volumes_list.VolumesListTestJSON.test_volume_list_with_detail_param_marker [0.245865s] ... ok
{1} tempest.api.volume.test_volumes_list.VolumesListTestJSON.test_volume_list_with_detail_param_metadata [0.042598s] ... ok
{1} tempest.api.volume.test_volumes_list.VolumesListTestJSON.test_volume_list_with_details [0.026581s] ... ok
{1} tempest.api.volume.test_volumes_list.VolumesListTestJSON.test_volume_list_with_param_metadata [0.033517s] ... ok
{1} tempest.api.volume.test_volumes_list.VolumesListTestJSON.test_volumes_list_by_availability_zone [0.061122s] ... ok
{1} tempest.api.volume.test_volumes_list.VolumesListTestJSON.test_volumes_list_by_bootable [0.059811s] ... ok
{1} tempest.api.volume.test_volumes_list.VolumesListTestJSON.test_volumes_list_by_status [0.170350s] ... ok
{1} tempest.api.volume.test_volumes_list.VolumesListTestJSON.test_volumes_list_details_by_availability_zone [0.036790s] ... ok
{1} tempest.api.volume.test_volumes_list.VolumesListTestJSON.test_volumes_list_details_by_bootable [0.025892s] ... ok
{1} tempest.api.volume.test_volumes_list.VolumesListTestJSON.test_volumes_list_details_by_status [0.019921s] ... ok
{2} tempest.api.volume.admin.test_volumes_actions.VolumesActionsTest.test_volume_reset_status [61.211685s] ... ok
{0} tempest.api.volume.test_volumes_snapshots_negative.VolumesSnapshotNegativeTestJSON.test_create_snapshot_with_nonexistent_volume_id [0.109902s] ... ok
{0} tempest.api.volume.test_volumes_snapshots_negative.VolumesSnapshotNegativeTestJSON.test_create_snapshot_without_passing_volume_id [0.027008s] ... ok
{0} tempest.api.volume.test_volumes_snapshots_negative.VolumesSnapshotNegativeTestJSON.test_list_snapshot_invalid_param_limit [0.038023s] ... ok
{0} tempest.api.volume.test_volumes_snapshots_negative.VolumesSnapshotNegativeTestJSON.test_list_snapshots_invalid_param_marker [0.013358s] ... ok
{0} tempest.api.volume.test_volumes_snapshots_negative.VolumesSnapshotNegativeTestJSON.test_list_snapshots_invalid_param_sort [0.009591s] ... ok
{3} tempest.api.compute.volumes.test_volume_snapshots.VolumesSnapshotsTestJSON.test_volume_snapshot_create_get_list_delete [108.349020s] ... ok
{3} tempest.api.volume.admin.test_groups.GroupsV320Test.test_reset_group_status [2.640336s] ... ok
{3} tempest.api.volume.admin.test_volume_pools.VolumePoolsAdminTestsJSON.test_get_pools_with_details [0.120945s] ... ok
{3} tempest.api.volume.admin.test_volume_pools.VolumePoolsAdminTestsJSON.test_get_pools_without_details [0.018653s] ... ok
{3} tempest.api.volume.admin.test_volume_snapshot_quotas_negative.VolumeSnapshotQuotasNegativeTestJSON.test_quota_volume_gigabytes_snapshots [0.157480s] ... ok
{3} tempest.api.volume.admin.test_volume_snapshot_quotas_negative.VolumeSnapshotQuotasNegativeTestJSON.test_quota_volume_snapshots [0.032001s] ... ok
{0} tempest.api.volume.test_volumes_snapshots_negative.VolumesSnapshotNegativeTestJSON.test_volume_from_snapshot_decreasing_size [53.535764s] ... ok
{2} tempest.api.volume.admin.test_volumes_list.VolumesListAdminTestJSON.test_volume_list_param_tenant [19.794819s] ... ok
{1} tempest.api.volume.test_volumes_snapshots_list.VolumesSnapshotListTestJSON.test_snapshot_list_param_limit [0.061882s] ... ok
{1} tempest.api.volume.test_volumes_snapshots_list.VolumesSnapshotListTestJSON.test_snapshot_list_param_limit_equals_infinite [0.037159s] ... ok
{1} tempest.api.volume.test_volumes_snapshots_list.VolumesSnapshotListTestJSON.test_snapshot_list_param_limit_equals_zero [0.017717s] ... ok
{1} tempest.api.volume.test_volumes_snapshots_list.VolumesSnapshotListTestJSON.test_snapshot_list_param_marker [0.031181s] ... ok
{1} tempest.api.volume.test_volumes_snapshots_list.VolumesSnapshotListTestJSON.test_snapshot_list_param_offset [0.018250s] ... ok
{1} tempest.api.volume.test_volumes_snapshots_list.VolumesSnapshotListTestJSON.test_snapshot_list_param_sort_created_at_asc [0.016815s] ... ok
{1} tempest.api.volume.test_volumes_snapshots_list.VolumesSnapshotListTestJSON.test_snapshot_list_param_sort_created_at_desc [0.014761s] ... ok
{1} tempest.api.volume.test_volumes_snapshots_list.VolumesSnapshotListTestJSON.test_snapshot_list_param_sort_id_asc [0.020420s] ... ok
{1} tempest.api.volume.test_volumes_snapshots_list.VolumesSnapshotListTestJSON.test_snapshot_list_param_sort_id_desc [0.017645s] ... ok
{1} tempest.api.volume.test_volumes_snapshots_list.VolumesSnapshotListTestJSON.test_snapshot_list_param_sort_name_asc [0.016362s] ... ok
{1} tempest.api.volume.test_volumes_snapshots_list.VolumesSnapshotListTestJSON.test_snapshot_list_param_sort_name_desc [0.017958s] ... ok
{1} tempest.api.volume.test_volumes_snapshots_list.VolumesSnapshotListTestJSON.test_snapshots_list_details_with_params [0.059317s] ... ok
{1} tempest.api.volume.test_volumes_snapshots_list.VolumesSnapshotListTestJSON.test_snapshots_list_with_params [0.054329s] ... ok
{3} tempest.api.volume.admin.test_volume_type_access.VolumeTypesAccessTest.test_volume_type_access_add [23.050747s] ... ok
{3} tempest.api.volume.admin.test_volume_type_access.VolumeTypesAccessTest.test_volume_type_access_list [0.151229s] ... ok
{3} tempest.api.volume.admin.test_volume_types_extra_specs.VolumeTypesExtraSpecsTest.test_volume_type_extra_spec_create_get_delete [0.080480s] ... ok
{3} tempest.api.volume.admin.test_volume_types_extra_specs.VolumeTypesExtraSpecsTest.test_volume_type_extra_specs_list [0.038381s] ... ok
{3} tempest.api.volume.admin.test_volume_types_extra_specs.VolumeTypesExtraSpecsTest.test_volume_type_extra_specs_update [0.127498s] ... ok
{3} tempest.api.volume.test_availability_zone.AvailabilityZoneTestJSON.test_get_availability_zone_list [0.082304s] ... ok
{3} tempest.api.volume.test_versions.VersionsTest.test_list_versions [0.006925s] ... ok
{3} tempest.api.volume.test_versions.VersionsTest.test_show_version [0.079359s] ... ok
{0} tempest.scenario.test_snapshots_with_add_location.TestImageHashVerification.test_volume_upload_image_hash_verification [66.446082s] ... ok
{0} setUpClass (tempest.scenario.test_volume_backup_restore.TestVolumeBackupRestore) ... SKIPPED: Backup is not enable.
{2} tempest.api.volume.test_extensions.ExtensionsTestJSON.test_list_extensions [0.068577s] ... ok
{0} cinder_tempest_plugin.api.volume.admin.test_consistencygroups.ConsistencyGroupsV2Test.test_consistencygroup_create_delete [19.728771s] ... ok
{0} setUpClass (cinder_tempest_plugin.api.volume.admin.test_volume_replication.VolumeReplicationTest) ... SKIPPED: Volume replication feature disabled
{3} tempest.api.volume.test_volume_metadata.VolumesMetadataTest.test_crud_volume_metadata [0.199578s] ... ok
{3} tempest.api.volume.test_volume_metadata.VolumesMetadataTest.test_update_show_volume_metadata_item [0.109292s] ... ok
{2} tempest.api.volume.test_image_metadata.VolumesImageMetadata.test_update_show_delete_image_metadata [0.161287s] ... ok
{1} setUpClass (tempest.scenario.test_encrypted_cinder_volumes.TestEncryptedCinderVolumes) ... SKIPPED: Encrypted volume attach is not supported
{0} cinder_tempest_plugin.api.volume.test_multiple_volume_from_resource.CreateVolumesFromSnapshotTest.test_create_multiple_volume_from_snapshot [90.068521s] ... ok
{3} tempest.api.volume.test_volume_transfers.VolumesTransfersV357Test.test_create_get_list_accept_volume_transfer [72.814279s] ... ok
{1} tempest.scenario.test_shelve_instance.TestShelveInstance.test_shelve_volume_backed_instance [138.345980s] ... ok
{1} setUpClass (tempest.scenario.test_volume_migrate_attached.TestVolumeMigrateRetypeAttached) ... SKIPPED: Cinder multi-backend feature disabled
{1} setUpClass (cinder_tempest_plugin.api.volume.admin.test_volume_replication_negative.VolumeReplicationNegativeTest) ... SKIPPED: Volume replication feature disabled
{3} tempest.api.volume.test_volume_transfers.VolumesTransfersV357Test.test_create_list_delete_volume_transfer [81.564398s] ... ok
{2} tempest.api.volume.test_volume_delete_cascade.VolumesDeleteCascade.test_volume_delete_cascade [192.183622s] ... ok
{1} cinder_tempest_plugin.api.volume.test_multiple_volume_from_resource.CreateVolumesFromImageTest.test_create_from_image_multiple [60.289944s] ... ok
{3} tempest.api.volume.test_volumes_extend.VolumesExtendAttachedTest.test_extend_attached_volume [112.608858s] ... ok
{1} setUpClass (cinder_tempest_plugin.api.volume.test_volume_backup.VolumesBackupsTest) ... SKIPPED: Cinder backup feature disabled
{1} setUpClass (cinder_tempest_plugin.rbac.v3.test_backups.ProjectMemberTests33) ... SKIPPED: Cinder backup feature disabled
{1} setUpClass (cinder_tempest_plugin.rbac.v3.test_backups.ProjectReaderTests33) ... SKIPPED: Cinder backup feature disabled
{0} cinder_tempest_plugin.api.volume.test_multiple_volume_from_resource.CreateVolumesFromSourceVolumeTest.test_create_multiple_volume_from_source_volume [70.712370s] ... ok
{2} tempest.api.volume.test_volume_delete_cascade.VolumesDeleteCascade.test_volume_from_snapshot_cascade_delete [117.639051s] ... ok
{2} tempest.api.volume.test_volumes_actions.VolumesActionsTest.test_attach_detach_volume_to_instance [4.996263s] ... ok
{2} tempest.api.volume.test_volumes_actions.VolumesActionsTest.test_get_volume_attachment [5.134199s] ... ok
{2} tempest.api.volume.test_volumes_actions.VolumesActionsTest.test_reserve_unreserve_volume [0.109399s] ... ok
{2} tempest.api.volume.test_volumes_actions.VolumesActionsTest.test_volume_bootable [0.097720s] ... ok
{2} tempest.api.volume.test_volumes_actions.VolumesActionsTest.test_volume_readonly_update [0.101074s] ... ok
{3} tempest.api.volume.test_volumes_extend.VolumesExtendTest.test_volume_extend [105.431819s] ... ok
{2} tempest.api.volume.test_volumes_actions.VolumesActionsTest.test_volume_upload [27.519741s] ... ok
{1} cinder_tempest_plugin.rbac.v3.test_snapshots.ProjectMemberTests.test_create_snapshot [97.579325s] ... ok
{2} tempest.api.volume.test_volumes_get.VolumesSummaryTest.test_show_volume_summary [0.085916s] ... ok
{1} cinder_tempest_plugin.rbac.v3.test_snapshots.ProjectMemberTests.test_delete_snapshot [107.569109s] ... ok
{3} tempest.api.volume.test_volumes_extend.VolumesExtendTest.test_volume_extend_when_volume_has_snapshot [130.369819s] ... ok
{3} tempest.api.volume.test_volumes_snapshots.VolumesSnapshotTestJSON.test_snapshot_backup ... SKIPPED: Cinder backup is disabled
{0} cinder_tempest_plugin.api.volume.test_volume_revert.VolumeRevertTests.test_volume_revert_to_snapshot [77.178324s] ... ok
{2} tempest.scenario.test_minimum_basic.TestMinimumBasicScenario.test_minimum_basic_instance_hard_reboot_after_vol_snap_deletion [134.537461s] ... ok
{3} tempest.api.volume.test_volumes_snapshots.VolumesSnapshotTestJSON.test_snapshot_create_get_list_update_delete [52.080931s] ... ok
{0} cinder_tempest_plugin.api.volume.test_volume_revert.VolumeRevertTests.test_volume_revert_to_snapshot_after_extended_negative [63.940476s] ... ok
{1} cinder_tempest_plugin.rbac.v3.test_snapshots.ProjectMemberTests.test_force_delete_snapshot [100.343466s] ... ok
{2} tempest.scenario.test_minimum_basic.TestMinimumBasicScenario.test_minimum_basic_scenario [110.469530s] ... ok
{0} setUpClass (cinder_tempest_plugin.rbac.v3.test_backups.ProjectAdminTests39) ... SKIPPED: Cinder backup feature disabled
{0} cinder_tempest_plugin.rbac.v3.test_capabilities.ProjectMemberTests.test_get_capabilities [0.184687s] ... ok
{0} cinder_tempest_plugin.rbac.v3.test_snapshots.ProjectReaderTests.test_create_snapshot ... SKIPPED: Skipped until bug: https://launchpad.net/bugs/2017108 is resolved.
{0} cinder_tempest_plugin.rbac.v3.test_snapshots.ProjectReaderTests.test_delete_snapshot ... SKIPPED: Skipped until bug: https://launchpad.net/bugs/2017108 is resolved.
{1} cinder_tempest_plugin.rbac.v3.test_snapshots.ProjectMemberTests.test_list_snapshots [88.286146s] ... ok
{1} cinder_tempest_plugin.rbac.v3.test_snapshots.ProjectMemberTests.test_manage_snapshot ... SKIPPED: manage snapshots are disabled
{3} tempest.api.volume.test_volumes_snapshots.VolumesSnapshotTestJSON.test_snapshot_create_offline_delete_online [200.115108s] ... ok
{2} tempest.scenario.test_server_volume_attachment.TestServerVolumeAttachmentScenario.test_server_detach_rules [106.596911s] ... ok
{2} setUpClass (cinder_tempest_plugin.api.volume.test_multiple_volume_from_resource.CreateVolumesFromBackupTest) ... SKIPPED: Cinder backup feature disabled
{0} cinder_tempest_plugin.rbac.v3.test_snapshots.ProjectReaderTests.test_force_delete_snapshot [109.934725s] ... ok
{1} cinder_tempest_plugin.rbac.v3.test_snapshots.ProjectMemberTests.test_reset_snapshot_status [124.050807s] ... ok
{2} cinder_tempest_plugin.api.volume.test_volume_dependency.VolumeImageDependencyTests.test_image_volume_dependencies_1 [70.254107s] ... ok
{0} cinder_tempest_plugin.rbac.v3.test_snapshots.ProjectReaderTests.test_list_snapshots [86.192260s] ... ok
{0} cinder_tempest_plugin.rbac.v3.test_snapshots.ProjectReaderTests.test_manage_snapshot ... SKIPPED: manage snapshots are disabled
{1} cinder_tempest_plugin.rbac.v3.test_snapshots.ProjectMemberTests.test_show_snapshot [76.979047s] ... ok
{3} tempest.scenario.test_server_volume_attachment.TestServerVolumeAttachScenarioOldVersion.test_old_versions_reject [100.875136s] ... ok
{2} cinder_tempest_plugin.api.volume.test_volume_dependency.VolumeImageDependencyTests.test_image_volume_dependencies_2 [61.013166s] ... ok
{0} cinder_tempest_plugin.rbac.v3.test_snapshots.ProjectReaderTests.test_reset_snapshot_status [80.135234s] ... ok
{1} cinder_tempest_plugin.rbac.v3.test_snapshots.ProjectMemberTests.test_unmanage_snapshot [88.399461s] ... ok
{0} cinder_tempest_plugin.rbac.v3.test_snapshots.ProjectReaderTests.test_show_snapshot [76.160764s] ... ok
{2} cinder_tempest_plugin.api.volume.test_volume_dependency.VolumeImageDependencyTests.test_image_volume_dependencies_3 [147.010811s] ... ok
{1} cinder_tempest_plugin.rbac.v3.test_snapshots.ProjectMemberTests.test_update_snapshot [97.432670s] ... ok
{3} tempest.scenario.test_volume_boot_pattern.TestVolumeBootPattern.test_bootable_volume_last_snapshot_delete_while_stopped [199.702550s] ... ok
{2} cinder_tempest_plugin.api.volume.test_volume_unicode.CinderUnicodeTest.test_create_delete_unicode_volume_name [0.027389s] ... ok
{0} cinder_tempest_plugin.rbac.v3.test_snapshots.ProjectReaderTests.test_unmanage_snapshot [87.349868s] ... ok
{0} cinder_tempest_plugin.rbac.v3.test_snapshots.ProjectReaderTests.test_update_snapshot ... SKIPPED: Skipped until bug: https://launchpad.net/bugs/2017108 is resolved.
{0} cinder_tempest_plugin.rbac.v3.test_snapshots.ProjectReaderTests.test_update_snapshot_status ... SKIPPED: Skipped until bug: https://launchpad.net/bugs/2017108 is resolved.
{0} cinder_tempest_plugin.rbac.v3.test_volume_types.VolumeTypesReaderTests.test_create_encryption_type [0.091187s] ... ok
{0} cinder_tempest_plugin.rbac.v3.test_volume_types.VolumeTypesReaderTests.test_create_or_update_extra_specs_for_volume_type [0.038650s] ... ok
{0} cinder_tempest_plugin.rbac.v3.test_volume_types.VolumeTypesReaderTests.test_create_volume_type [0.010416s] ... ok
{0} cinder_tempest_plugin.rbac.v3.test_volume_types.VolumeTypesReaderTests.test_delete_encryption_type [0.058810s] ... ok
{0} cinder_tempest_plugin.rbac.v3.test_volume_types.VolumeTypesReaderTests.test_delete_extra_spec_for_volume_type [0.044508s] ... ok
{0} cinder_tempest_plugin.rbac.v3.test_volume_types.VolumeTypesReaderTests.test_delete_volume_type [0.026415s] ... ok
{0} cinder_tempest_plugin.rbac.v3.test_volume_types.VolumeTypesReaderTests.test_list_all_extra_specs_for_volume_type [0.015615s] ... ok
{0} cinder_tempest_plugin.rbac.v3.test_volume_types.VolumeTypesReaderTests.test_list_volume_types ... SKIPPED: Skipped until bug: https://launchpad.net/bugs/2016402 is resolved.
{0} cinder_tempest_plugin.rbac.v3.test_volume_types.VolumeTypesReaderTests.test_show_default_volume_type ... SKIPPED: Skipped until bug: https://launchpad.net/bugs/2016402 is resolved.
{0} cinder_tempest_plugin.rbac.v3.test_volume_types.VolumeTypesReaderTests.test_show_encryption_spec_item [0.006371s] ... ok
{0} cinder_tempest_plugin.rbac.v3.test_volume_types.VolumeTypesReaderTests.test_show_encryption_type [0.006977s] ... ok
{0} cinder_tempest_plugin.rbac.v3.test_volume_types.VolumeTypesReaderTests.test_show_extra_spec_for_volume_type [0.033663s] ... ok
{0} cinder_tempest_plugin.rbac.v3.test_volume_types.VolumeTypesReaderTests.test_show_volume_type_detail ... SKIPPED: Skipped until bug: https://launchpad.net/bugs/2016402 is resolved.
{0} cinder_tempest_plugin.rbac.v3.test_volume_types.VolumeTypesReaderTests.test_update_encryption_type [0.011853s] ... ok
{0} cinder_tempest_plugin.rbac.v3.test_volume_types.VolumeTypesReaderTests.test_update_extra_spec_for_volume_type [0.008331s] ... ok
{0} cinder_tempest_plugin.rbac.v3.test_volume_types.VolumeTypesReaderTests.test_update_volume_type [0.006782s] ... ok
{0} setUpClass (cinder_tempest_plugin.scenario.test_encrypted_volume_transfer.TransferEncryptedVolumeTest) ... SKIPPED: Encrypted volume attach is not supported
{0} setUpClass (cinder_tempest_plugin.scenario.test_volume_concurrency.ConcurrentVolumeActionsTest) ... SKIPPED: Concurrency tests are disabled.
{2} cinder_tempest_plugin.api.volume.test_volume_unicode.CinderUnicodeTest.test_snapshot_create_volume_description_non_ascii_code [22.813437s] ... ok
{1} cinder_tempest_plugin.rbac.v3.test_snapshots.ProjectMemberTests.test_update_snapshot_status [62.799242s] ... ok
{2} cinder_tempest_plugin.rbac.v3.test_capabilities.ProjectReaderTests.test_get_capabilities [0.167063s] ... ok
{2} cinder_tempest_plugin.rbac.v3.test_user_messages.ProjectAdminTests.test_delete_message [1.415582s] ... ok
{2} cinder_tempest_plugin.rbac.v3.test_user_messages.ProjectAdminTests.test_list_messages [1.333347s] ... ok
{2} cinder_tempest_plugin.rbac.v3.test_user_messages.ProjectAdminTests.test_show_message [1.332339s] ... ok
{2} cinder_tempest_plugin.rbac.v3.test_volume_actions.ProjectReaderTests.test_extend_volume ... SKIPPED: Skipped until bug: https://launchpad.net/bugs/2020261 is resolved.
{2} cinder_tempest_plugin.rbac.v3.test_volume_actions.ProjectReaderTests.test_force_delete_volume [57.897236s] ... ok
{2} cinder_tempest_plugin.rbac.v3.test_volume_actions.ProjectReaderTests.test_reserve_volume ... SKIPPED: Skipped until bug: https://launchpad.net/bugs/2020261 is resolved.
{3} tempest.scenario.test_volume_boot_pattern.TestVolumeBootPattern.test_image_defined_boot_from_volume [179.316276s] ... ok
{2} cinder_tempest_plugin.rbac.v3.test_volume_actions.ProjectReaderTests.test_reset_volume_status [55.652481s] ... ok
{2} cinder_tempest_plugin.rbac.v3.test_volume_actions.ProjectReaderTests.test_retype_volume ... SKIPPED: Skipped until bug: https://launchpad.net/bugs/2020261 is resolved.
{2} cinder_tempest_plugin.rbac.v3.test_volume_actions.ProjectReaderTests.test_unreserve_volume ... SKIPPED: Skipped until bug: https://launchpad.net/bugs/2020261 is resolved.
{2} cinder_tempest_plugin.rbac.v3.test_volume_actions.ProjectReaderTests.test_update_volume_readonly ... SKIPPED: Skipped until bug: https://launchpad.net/bugs/2020261 is resolved.
{2} cinder_tempest_plugin.rbac.v3.test_volume_types.VolumeTypesMemberTests.test_create_encryption_type [0.080319s] ... ok
{2} cinder_tempest_plugin.rbac.v3.test_volume_types.VolumeTypesMemberTests.test_create_or_update_extra_specs_for_volume_type [0.045182s] ... ok
{2} cinder_tempest_plugin.rbac.v3.test_volume_types.VolumeTypesMemberTests.test_create_volume_type [0.009655s] ... ok
{2} cinder_tempest_plugin.rbac.v3.test_volume_types.VolumeTypesMemberTests.test_delete_encryption_type [0.061064s] ... ok
{2} cinder_tempest_plugin.rbac.v3.test_volume_types.VolumeTypesMemberTests.test_delete_extra_spec_for_volume_type [0.035860s] ... ok
{2} cinder_tempest_plugin.rbac.v3.test_volume_types.VolumeTypesMemberTests.test_delete_volume_type [0.033402s] ... ok
{2} cinder_tempest_plugin.rbac.v3.test_volume_types.VolumeTypesMemberTests.test_list_all_extra_specs_for_volume_type [0.013770s] ... ok
{2} cinder_tempest_plugin.rbac.v3.test_volume_types.VolumeTypesMemberTests.test_list_volume_types [0.021406s] ... ok
{2} cinder_tempest_plugin.rbac.v3.test_volume_types.VolumeTypesMemberTests.test_show_default_volume_type ... SKIPPED: Skipped until bug: https://launchpad.net/bugs/2016402 is resolved.
{2} cinder_tempest_plugin.rbac.v3.test_volume_types.VolumeTypesMemberTests.test_show_encryption_spec_item [0.005572s] ... ok
{2} cinder_tempest_plugin.rbac.v3.test_volume_types.VolumeTypesMemberTests.test_show_encryption_type [0.008165s] ... ok
{2} cinder_tempest_plugin.rbac.v3.test_volume_types.VolumeTypesMemberTests.test_show_extra_spec_for_volume_type [0.020809s] ... ok
{2} cinder_tempest_plugin.rbac.v3.test_volume_types.VolumeTypesMemberTests.test_show_volume_type_detail [0.010079s] ... ok
{2} cinder_tempest_plugin.rbac.v3.test_volume_types.VolumeTypesMemberTests.test_update_encryption_type [0.008417s] ... ok
{2} cinder_tempest_plugin.rbac.v3.test_volume_types.VolumeTypesMemberTests.test_update_extra_spec_for_volume_type [0.008839s] ... ok
{2} cinder_tempest_plugin.rbac.v3.test_volume_types.VolumeTypesMemberTests.test_update_volume_type [0.009328s] ... ok
{2} cinder_tempest_plugin.rbac.v3.test_volumes.ProjectReaderTests.test_create_volume ... SKIPPED: Skipped until bug: https://launchpad.net/bugs/2020113 is resolved.
{2} cinder_tempest_plugin.rbac.v3.test_volumes.ProjectReaderTests.test_delete_volume ... SKIPPED: Skipped until bug: https://launchpad.net/bugs/2020113 is resolved.
{2} cinder_tempest_plugin.rbac.v3.test_volumes.ProjectReaderTests.test_list_volumes [29.078435s] ... ok
{2} cinder_tempest_plugin.rbac.v3.test_volumes.ProjectReaderTests.test_list_volumes_detail [23.880102s] ... ok
{2} cinder_tempest_plugin.rbac.v3.test_volumes.ProjectReaderTests.test_set_bootable_volume ... SKIPPED: Skipped until bug: https://launchpad.net/bugs/2020113 is resolved.
{2} cinder_tempest_plugin.rbac.v3.test_volumes.ProjectReaderTests.test_show_volume [61.893847s] ... ok
{2} cinder_tempest_plugin.rbac.v3.test_volumes.ProjectReaderTests.test_show_volume_summary [59.797272s] ... ok
{2} cinder_tempest_plugin.rbac.v3.test_volumes.ProjectReaderTests.test_update_volume ... SKIPPED: Skipped until bug: https://launchpad.net/bugs/2020113 is resolved.
{2} setUpClass (cinder_tempest_plugin.scenario.test_volume_encrypted.TestEncryptedCinderVolumes) ... SKIPPED: Encrypted volume attach is not supported
{2} setUpClass (cinder_tempest_plugin.scenario.test_volume_replication.VolumeReplicationTest) ... SKIPPED: Volume replication feature disabled
{3} tempest.scenario.test_volume_boot_pattern.TestVolumeBootPattern.test_volume_boot_pattern [221.590167s] ... ok
{3} setUpClass (cinder_tempest_plugin.api.volume.admin.test_volume_backup.VolumesBackupsTest) ... SKIPPED: Cinder backup feature disabled
{3} cinder_tempest_plugin.api.volume.test_volume_dependency.VolumeDependencyTests.test_delete_dep_chain [124.015300s] ... ok
{3} cinder_tempest_plugin.api.volume.test_volume_dependency.VolumeDependencyTests.test_delete_dep_chain_2 [93.844955s] ... ok
{3} cinder_tempest_plugin.api.volume.test_volume_dependency.VolumeDependencyTests.test_delete_source_snapshot [89.494928s] ... ok
{3} cinder_tempest_plugin.api.volume.test_volume_dependency.VolumeDependencyTests.test_delete_source_volume [69.155118s] ... ok
{3} setUpClass (cinder_tempest_plugin.rbac.v3.test_backups.ProjectAdminTests33) ... SKIPPED: Cinder backup feature disabled
{3} setUpClass (cinder_tempest_plugin.rbac.v3.test_backups.ProjectMemberTests39) ... SKIPPED: Cinder backup feature disabled
{3} setUpClass (cinder_tempest_plugin.rbac.v3.test_backups.ProjectReaderTests39) ... SKIPPED: Cinder backup feature disabled
{3} cinder_tempest_plugin.rbac.v3.test_capabilities.ProjectAdminTests.test_get_capabilities [0.181094s] ... ok
{3} cinder_tempest_plugin.rbac.v3.test_user_messages.ProjectMemberTests.test_delete_message [1.459947s] ... ok
{3} cinder_tempest_plugin.rbac.v3.test_user_messages.ProjectMemberTests.test_list_messages [1.336793s] ... ok
{3} cinder_tempest_plugin.rbac.v3.test_user_messages.ProjectMemberTests.test_show_message [1.316426s] ... ok
{3} cinder_tempest_plugin.rbac.v3.test_user_messages.ProjectReaderTests.test_delete_message ... SKIPPED: Skipped until bug: https://launchpad.net/bugs/2009818 is resolved.
{3} cinder_tempest_plugin.rbac.v3.test_user_messages.ProjectReaderTests.test_list_messages [1.485923s] ... ok
{3} cinder_tempest_plugin.rbac.v3.test_user_messages.ProjectReaderTests.test_show_message [1.319510s] ... ok
{3} cinder_tempest_plugin.rbac.v3.test_volume_types.VolumeTypesAdminTests.test_create_encryption_type [0.044910s] ... ok
{3} cinder_tempest_plugin.rbac.v3.test_volume_types.VolumeTypesAdminTests.test_create_or_update_extra_specs_for_volume_type [0.068272s] ... ok
{3} cinder_tempest_plugin.rbac.v3.test_volume_types.VolumeTypesAdminTests.test_create_volume_type [0.048953s] ... ok
{3} cinder_tempest_plugin.rbac.v3.test_volume_types.VolumeTypesAdminTests.test_delete_encryption_type [0.067934s] ... ok
{3} cinder_tempest_plugin.rbac.v3.test_volume_types.VolumeTypesAdminTests.test_delete_extra_spec_for_volume_type [0.049507s] ... ok
{3} cinder_tempest_plugin.rbac.v3.test_volume_types.VolumeTypesAdminTests.test_delete_volume_type [0.054288s] ... ok
{3} cinder_tempest_plugin.rbac.v3.test_volume_types.VolumeTypesAdminTests.test_list_all_extra_specs_for_volume_type [0.015500s] ... ok
{3} cinder_tempest_plugin.rbac.v3.test_volume_types.VolumeTypesAdminTests.test_list_volume_types [0.023143s] ... ok
{3} cinder_tempest_plugin.rbac.v3.test_volume_types.VolumeTypesAdminTests.test_show_default_volume_type ... SKIPPED: Skipped until bug: https://launchpad.net/bugs/2016402 is resolved.
{3} cinder_tempest_plugin.rbac.v3.test_volume_types.VolumeTypesAdminTests.test_show_encryption_spec_item [0.011713s] ... ok
{3} cinder_tempest_plugin.rbac.v3.test_volume_types.VolumeTypesAdminTests.test_show_encryption_type [0.016054s] ... ok
{3} cinder_tempest_plugin.rbac.v3.test_volume_types.VolumeTypesAdminTests.test_show_extra_spec_for_volume_type [0.026412s] ... ok
{3} cinder_tempest_plugin.rbac.v3.test_volume_types.VolumeTypesAdminTests.test_show_volume_type_detail [0.011927s] ... ok
{3} cinder_tempest_plugin.rbac.v3.test_volume_types.VolumeTypesAdminTests.test_update_encryption_type [0.024079s] ... ok
{3} cinder_tempest_plugin.rbac.v3.test_volume_types.VolumeTypesAdminTests.test_update_extra_spec_for_volume_type [0.025650s] ... ok
{3} cinder_tempest_plugin.rbac.v3.test_volume_types.VolumeTypesAdminTests.test_update_volume_type [0.021957s] ... ok
{3} cinder_tempest_plugin.scenario.test_snapshots.SnapshotDependencyTests.test_snapshot_removal [161.761168s] ... ok

======
Totals
======
Ran: 385 tests in 3570.3238 sec.
 - Passed: 331
 - Skipped: 54
 - Expected Fail: 0
 - Unexpected Success: 0
 - Failed: 0
Sum of execute time for each test: 8763.5141 sec.

==============
Worker Balance
==============
 - Worker 0 (116 tests) => 0:43:07.844990
 - Worker 1 (98 tests) => 0:43:20.241175
 - Worker 2 (101 tests) => 0:48:51.467102
 - Worker 3 (70 tests) => 0:59:30.317948
___________________________________ summary ____________________________________
  all: commands succeeded
  congratulations :)
commit_id: dec6701c8
2026/10/06 16:58:53
